time chg[INT_OK DTLS00 DTLS01 DTLS02 CNFG09] usbc[ST1 ST2 BC CC0 CC1 PD0 PD1] online ilim_mA chg_mA | bat_mA bat_status therm_mC
17:59:20.580 df e0 31 00 c8 | 27 05 81 71 08 43 57 | 1 1825 2100 | 1128 Charging 33872
17:59:20.810 df e0 31 00 c8 | 27 05 81 71 08 43 57 | 1 1825 2100 | 1162 Charging 33872
17:59:21.039 df e0 31 00 c8 | 27 05 81 71 08 43 57 | 1 1825 2100 | 1284 Charging 33872
17:59:21.284 df e0 31 00 c8 | 27 05 81 71 08 43 57 | 1 1825 2100 | 1313 Charging 33872
17:59:21.518 df e0 31 00 c8 | 27 05 81 71 08 43 57 | 1 1825 2100 | 1220 Charging 33872
17:59:21.756 df e0 31 00 c8 | 27 05 81 71 08 43 57 | 1 1825 2100 | 1314 Charging 33872
17:59:21.988 df e0 31 00 c8 | 27 05 81 71 08 43 57 | 1 1825 2100 | 1296 Charging 33921
17:59:22.225 df e0 31 00 c8 | 27 05 81 71 08 43 57 | 1 1825 2100 | 1209 Charging 33921
17:59:22.459 df e0 31 00 c8 | 27 05 81 71 08 43 57 | 1 1825 2100 | 1239 Charging 33872
17:59:22.704 df e0 31 00 c8 | 27 05 81 71 08 43 57 | 1 1825 2100 | 1270 Charging 33872
17:59:22.957 df e0 31 00 c8 | 27 05 81 71 08 43 57 | 1 1825 2100 | 1254 Charging 33872
17:59:23.196 df e0 31 00 c8 | 27 05 81 71 08 43 57 | 1 1825 2100 | 1209 Charging 33872
17:59:23.419 df e0 31 00 c8 | 27 05 81 71 08 43 57 | 1 1825 2100 | 1210 Charging 33921
17:59:23.667 df e0 31 00 c8 | 27 05 81 71 08 43 57 | 1 1825 2100 | 1327 Charging 33872
17:59:23.897 df e0 31 00 c8 | 27 05 81 71 08 43 57 | 1 1825 2100 | 1214 Charging 33921
17:59:24.132 df e0 31 00 c8 | 27 05 81 71 08 43 57 | 1 1825 2100 | 1199 Charging 33872
17:59:24.355 df e0 31 00 c8 | 27 05 81 71 08 43 57 | 1 1825 2100 | 1250 Charging 33872
17:59:24.581 df e0 31 00 c8 | 27 05 81 71 08 43 57 | 1 1825 2100 | 1221 Charging 33872
17:59:24.812 df e0 31 00 c8 | 27 05 81 71 08 43 57 | 1 1825 2100 | 1230 Charging 33872
17:59:25.047 df e0 31 00 c8 | 27 05 81 71 08 43 57 | 1 1825 2100 | 1242 Charging 33921
17:59:25.282 df e0 31 00 c8 | 27 05 81 71 08 43 57 | 1 1825 2100 | 1253 Charging 33921
17:59:25.520 df e0 31 00 c8 | 27 05 81 71 08 43 57 | 1 1825 2100 | 1181 Charging 33872
17:59:25.762 df e0 31 00 c8 | 27 05 81 71 08 43 57 | 1 1825 2100 | 1289 Charging 33921
17:59:26.002 df e0 31 00 c8 | 27 05 81 71 08 43 57 | 1 1825 2100 | 1278 Charging 33872
17:59:26.237 df e0 31 00 c8 | 27 05 81 71 08 43 57 | 1 1825 2100 | 1025 Charging 33872
17:59:26.475 df e0 31 00 c8 | 27 05 81 71 08 43 57 | 1 1825 2100 | 1303 Charging 33872
17:59:26.709 df e0 31 00 c8 | 27 05 81 71 08 43 57 | 1 1825 2100 | 1289 Charging 33872
17:59:26.936 df e0 31 00 c8 | 27 05 81 71 08 43 57 | 1 1825 2100 | 1189 Charging 33872
17:59:27.172 df e0 31 00 c8 | 27 05 81 71 08 43 57 | 1 1825 2100 | 1298 Charging 33872
17:59:27.397 df e0 31 00 c8 | 27 05 81 71 08 43 57 | 1 1825 2100 | 1241 Charging 33921
17:59:27.616 df e0 31 00 c8 | 27 05 81 71 08 43 57 | 1 1825 2100 | 1293 Charging 33872
17:59:27.838 df e0 31 00 c8 | 27 05 81 71 08 43 57 | 1 1825 2100 | 1168 Charging 33921
17:59:28.077 df e0 31 00 c8 | 27 05 81 71 08 43 57 | 1 1825 2100 | 1267 Charging 33921
17:59:28.300 df e0 31 00 c8 | 27 05 81 71 08 43 57 | 1 1825 2100 | 1327 Charging 33872
17:59:28.530 df e0 31 00 c8 | 27 05 81 71 08 43 57 | 1 1825 2100 | 1254 Charging 33872
17:59:28.775 df e0 31 00 c8 | 27 05 81 71 08 43 57 | 1 1825 2100 | 1289 Charging 33872
17:59:29.005 df e0 31 00 c8 | 27 05 81 71 08 43 57 | 1 1825 2100 | 1262 Charging 33872
17:59:29.238 df e0 31 00 c8 | 27 05 81 71 08 43 57 | 1 1825 2100 | 1164 Charging 33872
17:59:29.460 df e0 31 00 c8 | 27 05 81 71 08 43 57 | 1 1825 2100 | 1265 Charging 33872
17:59:29.694 df e0 31 00 c8 | 27 05 81 71 08 43 57 | 1 1825 2100 | 1320 Charging 33872
17:59:29.926 df e0 31 00 c8 | 27 05 81 71 08 43 57 | 1 1825 2100 | 1176 Charging 33872
17:59:30.164 df e0 31 00 c8 | 27 05 81 71 08 43 57 | 1 1825 2100 | 1325 Charging 33872
17:59:30.402 df e0 31 00 c8 | 27 05 81 71 08 43 57 | 1 1825 2100 | 1264 Charging 33872
17:59:30.640 df e0 31 00 c8 | 27 05 81 71 08 43 57 | 1 1825 2100 | 1300 Charging 33872
17:59:30.889 df e0 31 00 c8 | 27 05 81 71 08 43 57 | 1 1825 2100 | 1208 Charging 33872
17:59:31.126 df e0 31 00 c8 | 27 05 81 71 08 43 57 | 1 1825 2100 | 1303 Charging 33872
17:59:31.358 df e0 31 00 c8 | 27 05 81 71 08 43 57 | 1 1825 2100 | 865 Charging 33872
17:59:31.591 df e0 31 00 c8 | 27 05 81 71 08 43 57 | 1 1825 2100 | 1282 Charging 33872
17:59:31.822 df e0 31 00 c8 | 27 05 81 71 08 43 57 | 1 1825 2100 | 1323 Charging 33872
17:59:32.060 df e0 31 00 c8 | 27 05 81 71 08 43 57 | 1 1825 2100 | 1249 Charging 33872
17:59:32.288 df e0 31 00 c8 | 27 05 81 71 08 43 57 | 1 1825 2100 | 1296 Charging 33872
17:59:32.511 df e0 31 00 c8 | 27 05 81 71 08 43 57 | 1 1825 2100 | 1253 Charging 33872
17:59:32.755 df e0 31 00 c8 | 27 05 81 71 08 43 57 | 1 1825 2100 | 1282 Charging 33872
17:59:32.983 df e0 31 00 c8 | 27 05 81 71 08 43 57 | 1 1825 2100 | 1261 Charging 33872
17:59:33.210 df e0 31 00 c8 | 27 05 81 71 08 43 57 | 1 1825 2100 | 1344 Charging 33872
17:59:33.449 df e0 31 00 c8 | 27 05 81 71 08 43 57 | 1 1825 2100 | 1239 Charging 33872
17:59:33.684 df e0 31 00 c8 | 27 05 81 71 08 43 57 | 1 1825 2100 | 1301 Charging 33872
17:59:33.907 df e0 31 00 c8 | 27 05 81 71 08 43 57 | 1 1825 2100 | 1281 Charging 33872
17:59:34.135 df e0 31 00 c8 | 27 05 81 71 08 43 57 | 1 1825 2100 | 1116 Charging 33872
17:59:34.362 df e0 31 00 c8 | 27 05 81 71 08 43 57 | 1 1825 2100 | 1173 Charging 33872
17:59:34.596 df e0 31 00 c8 | 27 05 81 71 08 43 57 | 1 1825 2100 | 1250 Charging 33872
17:59:34.828 df e0 31 00 c8 | 27 05 81 71 08 43 57 | 1 1825 2100 | 1269 Charging 33872
17:59:35.063 df e0 31 00 c8 | 27 05 81 71 08 43 57 | 1 1825 2100 | 1304 Charging 33872
17:59:35.296 df e0 31 00 c8 | 27 05 81 71 08 43 57 | 1 1825 2100 | 1238 Charging 33872
17:59:35.533 df e0 31 00 c8 | 27 05 81 71 08 43 57 | 1 1825 2100 | 1096 Charging 33872
17:59:35.780 df e0 31 00 c8 | 27 05 81 71 08 43 57 | 1 1825 2100 | 1316 Charging 33872
17:59:36.024 df e0 31 00 c8 | 27 05 81 71 08 43 57 | 1 1825 2100 | 1181 Charging 33872
17:59:36.264 df e0 31 00 c8 | 27 05 81 71 08 43 57 | 1 1825 2100 | 1253 Charging 33872
17:59:36.491 df e0 31 00 c8 | 27 05 81 71 08 43 57 | 1 1825 2100 | 1213 Charging 33872
17:59:36.717 df e0 31 00 c8 | 27 05 81 71 08 43 57 | 1 1825 2100 | 1329 Charging 33872
17:59:36.962 df e0 31 00 c8 | 27 05 81 71 08 43 57 | 1 1825 2100 | 1238 Charging 33872
17:59:37.187 df e0 31 00 c8 | 27 05 81 71 08 43 57 | 1 1825 2100 | 1342 Charging 33872
17:59:37.416 df e0 31 00 c8 | 27 05 81 71 08 43 57 | 1 1825 2100 | 1286 Charging 33872
17:59:37.656 df e0 31 00 c8 | 27 05 81 71 08 43 57 | 1 1825 2100 | 1213 Charging 33872
17:59:37.887 df e0 31 00 c8 | 27 05 81 71 08 43 57 | 1 1825 2100 | 1236 Charging 33872
17:59:38.132 df e0 31 00 c8 | 27 05 81 71 08 43 57 | 1 1825 2100 | 1301 Charging 33872
17:59:38.357 df e0 31 00 c8 | 27 05 81 71 08 43 57 | 1 1825 2100 | 1015 Charging 33872
17:59:38.592 df e0 31 00 c8 | 27 05 81 71 08 43 57 | 1 1825 2100 | 1316 Charging 33872
17:59:38.831 df e0 31 00 c8 | 27 05 81 71 08 43 57 | 1 1825 2100 | 1265 Charging 33872
17:59:39.074 df e0 31 00 c8 | 27 05 81 71 08 43 57 | 1 1825 2100 | 1280 Charging 33872
17:59:39.302 df e0 31 00 c8 | 27 05 81 71 08 43 57 | 1 1825 2100 | 1265 Charging 33872
17:59:39.524 df e0 31 00 c8 | 27 05 81 71 08 43 57 | 1 1825 2100 | 1263 Charging 33872
17:59:39.769 df e0 31 00 c8 | 27 05 81 71 08 43 57 | 1 1825 2100 | 1265 Charging 33872
17:59:40.001 df e0 31 00 c8 | 27 05 81 71 08 43 57 | 1 1825 2100 | 1290 Charging 33872
17:59:40.239 df e0 31 00 c8 | 27 05 81 71 08 43 57 | 1 1825 2100 | 1239 Charging 33872
17:59:40.466 df e0 31 00 c8 | 27 05 81 71 08 43 57 | 1 1825 2100 | 1258 Charging 33872
17:59:40.699 df e0 31 00 c8 | 27 05 81 71 08 43 57 | 1 1825 2100 | 1293 Charging 33872
17:59:40.925 df e0 31 00 c8 | 27 05 81 71 08 43 57 | 1 1825 2100 | 1246 Charging 33872
17:59:41.157 df e0 31 00 c8 | 27 05 81 71 08 43 57 | 1 1825 2100 | 1237 Charging 33872
17:59:41.388 df e0 31 00 c8 | 27 05 81 71 08 43 57 | 1 1825 2100 | 1211 Charging 33872
17:59:41.617 df e0 31 00 c8 | 27 05 81 71 08 43 57 | 1 1825 2100 | 1273 Charging 33872
17:59:41.847 df e0 31 00 c8 | 27 05 81 71 08 43 57 | 1 1825 2100 | 1235 Charging 33872
17:59:42.096 df e0 31 00 c8 | 27 05 81 71 08 43 57 | 1 1825 2100 | 1230 Charging 33872
17:59:42.335 df e0 31 00 c8 | 27 05 81 71 08 43 57 | 1 1825 2100 | 1298 Charging 33872
17:59:42.563 df e0 31 00 c8 | 27 05 81 71 08 43 57 | 1 1825 2100 | 1257 Charging 33872
17:59:42.790 df e0 31 00 c8 | 27 05 81 71 08 43 57 | 1 1825 2100 | 1334 Charging 33872
17:59:43.029 df e0 31 00 c8 | 27 05 81 71 08 43 57 | 1 1825 2100 | 1317 Charging 33872
17:59:43.258 df e0 31 00 c8 | 27 05 81 71 08 43 57 | 1 1825 2100 | 1108 Charging 33872
17:59:43.500 df e0 31 00 c8 | 27 05 81 71 08 43 57 | 1 1825 2100 | 1290 Charging 33872
17:59:43.727 df e0 31 00 c8 | 27 05 81 71 08 43 57 | 1 1825 2100 | 1275 Charging 33872
17:59:43.962 df e0 31 00 c8 | 27 05 81 71 08 43 57 | 1 1825 2100 | 1046 Charging 33872
17:59:44.198 df e0 31 00 c8 | 27 05 81 71 08 43 57 | 1 1825 2100 | 1262 Charging 33872
17:59:44.424 df e0 31 00 c8 | 27 05 81 71 08 43 57 | 1 1825 2100 | 1179 Charging 33872
17:59:44.655 df e0 31 00 c8 | 27 05 81 71 08 43 57 | 1 1825 2100 | 1282 Charging 33872
17:59:44.882 df e0 31 00 c8 | 27 05 81 71 08 43 57 | 1 1825 2100 | 1192 Charging 33872
17:59:45.115 df e0 31 00 c8 | 27 05 81 71 08 43 57 | 1 1825 2100 | 1305 Charging 33872
17:59:45.337 df e0 31 00 c8 | 27 05 81 71 08 43 57 | 1 1825 2100 | 1259 Charging 33872
17:59:45.578 df e0 31 00 c8 | 27 05 81 71 08 43 57 | 1 1825 2100 | 1235 Charging 33872
17:59:45.810 df e0 31 00 c8 | 27 05 81 71 08 43 57 | 1 1825 2100 | 1249 Charging 33872
17:59:46.046 df e0 31 00 c8 | 27 05 81 71 08 43 57 | 1 1825 2100 | 1237 Charging 33872
17:59:46.282 df e0 31 00 c8 | 27 05 81 71 08 43 57 | 1 1825 2100 | 1160 Charging 33872
17:59:46.502 df e0 31 00 c8 | 27 05 81 71 08 43 57 | 1 1825 2100 | 1264 Charging 33872
17:59:46.735 df e0 31 00 c8 | 27 05 81 71 08 43 57 | 1 1825 2100 | 1311 Charging 33872
17:59:46.964 df e0 31 00 c8 | 27 05 81 71 08 43 57 | 1 1825 2100 | 1212 Charging 33872
17:59:47.211 df e0 31 00 c8 | 27 05 81 71 08 43 57 | 1 1825 2100 | 1300 Charging 33872
17:59:47.460 df e0 31 00 c8 | 27 05 81 71 08 43 57 | 1 1825 2100 | 1232 Charging 33872
17:59:47.701 df e0 31 00 c8 | 27 05 81 71 08 43 57 | 1 1825 2100 | 1225 Charging 33872
17:59:47.948 df e0 31 00 c8 | 27 05 81 71 08 43 57 | 1 1825 2100 | 1191 Charging 33872
17:59:48.185 df e0 31 00 c8 | 27 05 81 71 08 43 57 | 1 1825 2100 | 1217 Charging 33872
17:59:48.413 df e0 31 00 c8 | 27 05 81 71 08 43 57 | 1 1825 2100 | 1296 Charging 33872
17:59:48.678 df e0 31 00 c8 | 07 05 00 00 00 00 07 | 0 1825 2100 | 1115 Discharging 33823
17:59:48.903 9f 80 78 00 c8 | 07 05 00 00 00 00 07 | 0 1825 2100 | -910 Discharging 33823
17:59:49.133 9f 80 78 00 c8 | 07 05 00 00 00 00 47 | 0 1825 2100 | -821 Discharging 33823
17:59:49.352 9f 80 78 00 c8 | 07 05 00 00 00 00 47 | 0 1825 2100 | -818 Discharging 33823
17:59:49.579 9f 80 78 00 c8 | 07 05 00 00 00 00 47 | 0 1825 2100 | -925 Discharging 33823
17:59:49.808 9f 80 78 00 c8 | 07 05 00 00 00 00 47 | 0 1825 2100 | -742 Discharging 33823
17:59:50.039 9f 80 78 00 c8 | 07 05 00 00 00 00 47 | 0 1825 2100 | -868 Discharging 33774
17:59:50.282 9f 80 78 00 c8 | 07 05 00 00 00 00 47 | 0 1825 2100 | -885 Discharging 33823
17:59:50.511 9f 80 78 00 c8 | 07 05 00 00 00 00 47 | 0 1825 2100 | -747 Discharging 33823
17:59:50.751 9f 80 78 00 c8 | 07 05 00 00 00 00 47 | 0 1825 2100 | -797 Discharging 33774
17:59:50.984 9f 80 78 00 c8 | 07 05 00 00 00 00 47 | 0 1825 2100 | -853 Discharging 33823
17:59:51.211 9f 80 78 00 c8 | 07 05 00 00 00 00 47 | 0 1825 2100 | -804 Discharging 33774
17:59:51.443 9f 80 78 00 c8 | 07 05 00 00 00 00 47 | 0 1825 2100 | -1182 Discharging 33774
17:59:51.674 9f 80 78 00 c8 | 07 05 00 00 00 00 47 | 0 1825 2100 | -821 Discharging 33823
17:59:51.914 9f 80 78 00 c8 | 07 05 00 00 00 00 47 | 0 1825 2100 | -850 Discharging 33774
17:59:52.155 9f 80 78 00 c8 | 07 05 00 00 00 00 47 | 0 1825 2100 | -775 Discharging 33823
17:59:52.379 9f 80 78 00 c8 | 07 05 00 00 00 00 47 | 0 1825 2100 | -900 Discharging 33774
17:59:52.612 9f 80 78 00 c8 | 07 05 00 00 00 00 47 | 0 1825 2100 | -771 Discharging 33823
17:59:52.839 9f 80 78 00 c8 | 07 05 00 00 00 00 47 | 0 1825 2100 | -767 Discharging 33774
17:59:53.072 9f 80 78 00 c8 | 07 05 00 00 00 00 47 | 0 1825 2100 | -885 Discharging 33774
17:59:53.310 9f 80 78 00 c8 | 07 05 00 00 00 00 47 | 0 1825 2100 | -856 Discharging 33823
17:59:53.533 9f 80 78 00 c8 | 07 05 00 00 00 00 47 | 0 1825 2100 | -800 Discharging 33823
17:59:53.756 9f 80 78 00 c8 | 07 05 00 00 00 00 47 | 0 1825 2100 | -864 Discharging 33823
17:59:53.969 9f 80 78 00 c8 | 07 05 00 00 00 00 47 | 0 1825 2100 | -1753 Discharging 33823
17:59:54.218 9f 80 78 00 c8 | 07 05 00 00 00 00 47 | 0 1825 2100 | -1599 Discharging 33823
17:59:54.447 9f 80 78 00 c8 | 07 05 00 00 00 00 47 | 0 1825 2100 | -1481 Discharging 33823
17:59:54.667 9f 80 78 00 c8 | 07 05 00 00 00 00 47 | 0 1825 2100 | -886 Discharging 33823
17:59:54.896 9f 80 78 00 c8 | 07 05 00 00 00 00 47 | 0 1825 2100 | -839 Discharging 33774
17:59:55.127 9f 80 78 00 c8 | 07 05 00 00 00 00 47 | 0 1825 2100 | -795 Discharging 33774
17:59:55.358 9f 80 78 00 c8 | 07 05 00 00 00 00 47 | 0 1825 2100 | -803 Discharging 33774
17:59:55.581 9f 80 78 00 c8 | 07 05 00 00 00 00 47 | 0 1825 2100 | -834 Discharging 33774
17:59:55.814 9f 80 78 00 c8 | 07 05 00 00 00 00 47 | 0 1825 2100 | -819 Discharging 33774
17:59:56.043 9f 80 78 00 c8 | 07 05 00 00 00 00 47 | 0 1825 2100 | -793 Discharging 33774
17:59:56.281 9f 80 78 00 c8 | 07 05 00 00 00 00 47 | 0 1825 2100 | -785 Discharging 33774
17:59:56.516 9f 80 78 00 c8 | 07 05 00 00 00 00 47 | 0 1825 2100 | -834 Discharging 33774
17:59:56.743 9f 80 78 00 c8 | 07 05 00 00 00 00 47 | 0 1825 2100 | -805 Discharging 33774
17:59:56.972 9f 80 78 00 c8 | 07 05 00 00 00 00 47 | 0 1825 2100 | -802 Discharging 33774
17:59:57.212 9f 80 78 00 c8 | 07 05 00 00 00 00 47 | 0 1825 2100 | -726 Discharging 33774
17:59:57.435 9f 80 78 00 c8 | 07 05 00 00 00 00 47 | 0 1825 2100 | -750 Discharging 33774
17:59:57.673 9f 80 78 00 c8 | 07 05 00 00 00 00 47 | 0 1825 2100 | -789 Discharging 33774
17:59:57.906 9f 80 78 00 c8 | 07 05 00 00 00 00 47 | 0 1825 2100 | -1109 Discharging 33725
17:59:58.141 9f 80 78 00 c8 | 07 05 00 00 00 00 47 | 0 1825 2100 | -831 Discharging 33725
17:59:58.360 9f 80 78 00 c8 | 07 05 00 00 00 00 47 | 0 1825 2100 | -824 Discharging 33725
17:59:58.593 9f 80 78 00 c8 | 07 05 00 00 00 00 47 | 0 1825 2100 | -714 Discharging 33725
17:59:58.828 9f 80 78 00 c8 | 07 05 00 00 00 00 47 | 0 1825 2100 | -966 Discharging 33725
17:59:59.051 9f 80 78 00 c8 | 07 05 00 00 00 00 47 | 0 1825 2100 | -1114 Discharging 33725
17:59:59.268 9f 80 78 00 c8 | 07 05 00 00 00 00 47 | 0 1825 2100 | -927 Discharging 33725
17:59:59.504 df e0 38 00 c8 | 07 05 80 b1 08 01 57 | 1 1825 2100 | -986 Discharging 33774
17:59:59.726 df e0 31 00 c8 | 27 05 83 b1 08 01 57 | 1 1825 2100 | 1143 Charging 33774
17:59:59.953 df e0 31 00 c2 | 47 05 83 b1 08 01 57 | 1 1675 2100 | 1898 Charging 33774
18:00:00.179 df e0 31 00 c2 | 67 05 83 b1 08 01 57 | 1 1675 2100 | 2057 Charging 33774
18:00:00.421 df e0 31 00 c2 | 67 05 83 b1 08 01 57 | 1 1675 3150 | 2376 Charging 33774
18:00:00.665 df e0 31 00 c2 | 67 05 83 b1 08 01 57 | 1 1675 3150 | 2471 Charging 33774
18:00:00.904 df e0 31 00 c2 | 67 05 83 b1 08 01 57 | 1 1675 3150 | 2564 Charging 33725
18:00:01.136 df e0 31 00 c2 | 67 05 83 b1 08 01 57 | 1 1675 3150 | 2366 Charging 33774
18:00:01.356 df e0 31 00 c2 | 67 05 83 b1 08 01 57 | 1 1675 3150 | 2459 Charging 33725
18:00:01.601 df e0 31 00 c2 | 67 05 83 b1 08 01 57 | 1 1675 3150 | 2464 Charging 33725
18:00:01.828 df e0 31 00 c2 | 67 05 83 b1 08 01 57 | 1 1675 3150 | 2553 Charging 33725
18:00:02.054 df e0 31 00 c2 | 67 05 83 b1 08 01 57 | 1 1675 3150 | 2574 Charging 33725
18:00:02.287 df e0 31 00 c2 | 67 05 83 b1 08 01 57 | 1 1675 3150 | 2559 Charging 33676
18:00:02.522 df e0 31 00 c2 | 67 05 83 b1 08 01 57 | 1 1675 3150 | 2491 Charging 33676
18:00:02.761 df e0 31 00 c2 | 67 05 83 b1 08 01 57 | 1 1675 3150 | 2519 Charging 33676
18:00:03.000 df e0 31 00 c2 | 67 05 83 b1 08 01 57 | 1 1675 3150 | 2510 Charging 33676
18:00:03.229 df e0 31 00 c2 | 67 05 83 b1 08 01 57 | 1 1675 3150 | 2558 Charging 33676
18:00:03.453 df e0 31 00 c2 | 67 05 83 b1 08 01 57 | 1 1675 3150 | 2497 Charging 33627
18:00:03.683 df e0 31 00 c2 | 67 05 83 b1 08 01 57 | 1 1675 3150 | 2596 Charging 33676
18:00:03.903 df e0 31 00 c2 | 67 05 83 b1 08 01 57 | 1 1675 3150 | 2240 Charging 33627
18:00:04.130 df e0 31 00 c2 | 67 05 83 b1 08 01 57 | 1 1675 3150 | 2369 Charging 33627
18:00:04.357 df e0 31 00 c2 | 67 05 83 b1 08 01 57 | 1 1675 3150 | 2155 Charging 33627
18:00:04.587 df e0 31 00 c2 | 67 05 83 b1 08 01 57 | 1 1675 3150 | 2582 Charging 33627
18:00:04.814 df e0 31 00 c2 | 67 05 83 b1 08 01 57 | 1 1675 3150 | 2553 Charging 33627
18:00:05.047 df e0 31 00 c2 | 67 05 83 b1 08 01 57 | 1 1675 3150 | 2487 Charging 33627
18:00:05.287 df e0 31 00 c2 | 67 05 83 b1 08 01 57 | 1 1675 3150 | 2526 Charging 33578
18:00:05.517 df e0 31 00 c2 | 67 05 83 b1 08 01 57 | 1 1675 3150 | 2234 Charging 33578
18:00:05.749 df e0 31 00 c2 | 67 05 83 b1 08 01 57 | 1 1675 3150 | 2075 Charging 33578
18:00:05.986 df e0 31 00 c2 | 67 05 83 b1 08 01 57 | 1 1675 3150 | 2425 Charging 33578
18:00:06.204 df e0 31 00 c2 | 67 05 83 b1 08 01 57 | 1 1675 3150 | 2383 Charging 33578
18:00:06.442 df e0 31 00 c2 | 67 05 83 b1 08 01 57 | 1 1675 3150 | 2471 Charging 33578
18:00:06.689 df e0 31 00 c2 | 67 05 83 b1 08 01 57 | 1 1675 3150 | 2636 Charging 33529
18:00:06.914 df e0 31 00 c2 | 67 05 83 b1 08 01 57 | 1 1675 3150 | 2323 Charging 33529
18:00:07.131 df e0 31 00 c2 | 67 05 83 b1 08 01 57 | 1 1675 3150 | 2495 Charging 33529
18:00:07.354 df e0 31 00 c2 | 67 05 83 b1 08 01 57 | 1 1675 3150 | 2467 Charging 33529
18:00:07.583 df e0 31 00 c2 | 67 05 83 b1 08 01 57 | 1 1675 3150 | 2506 Charging 33529
18:00:07.811 df e0 31 00 c2 | 67 05 83 b1 08 01 57 | 1 1675 3150 | 2527 Charging 33529
18:00:08.049 df e0 31 00 c2 | 67 05 83 b1 08 01 57 | 1 1675 3150 | 2592 Charging 33480
18:00:08.279 df e0 31 00 c2 | 67 05 83 b1 08 01 57 | 1 1675 3150 | 2614 Charging 33480
18:00:08.508 df e0 31 00 c2 | 67 05 83 b1 08 01 57 | 1 1675 3150 | 2549 Charging 33480
18:00:08.737 df e0 31 00 c2 | 67 05 83 b1 08 01 57 | 1 1675 3150 | 2599 Charging 33480
18:00:08.970 df e0 31 00 c2 | 67 05 83 b1 08 01 57 | 1 1675 3150 | 2624 Charging 33480
18:00:09.204 df e0 31 00 c2 | 67 05 83 b1 08 01 57 | 1 1675 3150 | 2523 Charging 33480
18:00:09.443 df e0 31 00 c2 | 67 05 83 b1 08 01 57 | 1 1675 3150 | 2438 Charging 33480
18:00:09.677 df e0 31 00 c2 | 67 05 83 b1 08 01 57 | 1 1675 3150 | 2589 Charging 33431
18:00:09.914 df e0 31 00 c2 | 67 05 83 b1 08 01 57 | 1 1675 3150 | 2256 Charging 33431
18:00:10.148 df e0 31 00 c2 | 67 05 83 b1 08 01 57 | 1 1675 3150 | 2610 Charging 33431
18:00:10.376 df e0 31 00 c2 | 67 05 83 b1 08 01 57 | 1 1675 3150 | 2591 Charging 33431
18:00:10.596 df e0 31 00 c2 | 67 05 83 b1 08 01 57 | 1 1675 3150 | 2548 Charging 33431
18:00:10.830 df e0 31 00 c2 | 67 05 83 b1 08 01 57 | 1 1675 3150 | 2521 Charging 33431
18:00:11.069 df e0 31 00 c2 | 67 05 83 b1 08 01 57 | 1 1675 3150 | 2546 Charging 33382
18:00:11.299 df e0 31 00 c2 | 67 05 83 b1 08 01 57 | 1 1675 3150 | 2627 Charging 33382
18:00:11.537 df e0 31 00 c2 | 67 05 83 b1 08 01 57 | 1 1675 3150 | 2514 Charging 33382
18:00:11.781 df e0 31 00 c2 | 67 05 83 b1 08 01 57 | 1 1675 3150 | 2592 Charging 33382
18:00:12.010 df e0 31 00 c2 | 67 05 83 b1 08 01 57 | 1 1675 3150 | 2492 Charging 33382
18:00:12.247 df e0 31 00 c2 | 67 05 83 b1 08 01 57 | 1 1675 3150 | 2569 Charging 33382
18:00:12.483 df e0 31 00 c2 | 67 05 83 b1 08 01 57 | 1 1675 3150 | 2629 Charging 33382
18:00:12.712 df e0 31 00 c2 | 67 05 83 b1 08 01 57 | 1 1675 3150 | 2578 Charging 33382
18:00:12.951 df e0 31 00 c2 | 67 05 83 b1 08 01 57 | 1 1675 3150 | 2523 Charging 33382
18:00:13.179 df e0 31 00 c2 | 67 05 83 b1 08 01 57 | 1 1675 3150 | 2593 Charging 33382
18:00:13.418 df e0 31 00 c2 | 67 05 83 b1 08 01 57 | 1 1675 3150 | 2576 Charging 33333
18:00:13.661 df e0 31 00 c2 | 67 05 83 b1 08 01 57 | 1 1675 3150 | 2577 Charging 33333
18:00:13.894 df e0 31 00 c2 | 67 05 83 b1 08 01 57 | 1 1675 3150 | 2517 Charging 33333
18:00:14.142 df e0 31 00 c2 | 67 05 83 b1 08 01 57 | 1 1675 3150 | 2507 Charging 33333
18:00:14.374 df e0 31 00 c2 | 67 05 83 b1 08 01 57 | 1 1675 3150 | 2279 Charging 33333
18:00:14.600 df e0 31 00 c2 | 67 05 83 b1 08 01 57 | 1 1675 3150 | 2600 Charging 33333
18:00:14.824 df e0 31 00 c2 | 67 05 83 b1 08 01 57 | 1 1675 3150 | 2536 Charging 33333
18:00:15.053 df e0 31 00 c2 | 67 05 83 b1 08 01 57 | 1 1675 3150 | 2561 Charging 33333
18:00:15.286 df e0 31 00 c2 | 67 05 83 b1 08 01 57 | 1 1675 3150 | 2536 Charging 33333
18:00:15.520 df e0 31 00 c2 | 67 05 83 b1 08 01 57 | 1 1675 3150 | 2530 Charging 33333
18:00:15.748 df e0 31 00 c2 | 67 05 83 b1 08 01 57 | 1 1675 3150 | 2567 Charging 33333
18:00:15.980 df e0 31 00 c2 | 67 05 83 b1 08 01 57 | 1 1675 3150 | 2467 Charging 33333
18:00:16.218 df e0 31 00 c2 | 67 05 83 b1 08 01 57 | 1 1675 3150 | 2559 Charging 33284
18:00:16.446 df e0 31 00 c2 | 67 05 83 b1 08 01 57 | 1 1675 3150 | 2439 Charging 33284
18:00:16.681 df e0 31 00 c2 | 67 05 83 b1 08 01 57 | 1 1675 3150 | 2564 Charging 33284
18:00:16.908 df e0 31 00 c2 | 67 05 83 b1 08 01 57 | 1 1675 3150 | 2536 Charging 33284
18:00:17.145 df e0 31 00 c2 | 67 05 83 b1 08 01 57 | 1 1675 3150 | 2633 Charging 33284
18:00:17.373 df e0 31 00 c2 | 67 05 83 b1 08 01 57 | 1 1675 3150 | 2589 Charging 33284
18:00:17.615 df e0 31 00 c2 | 67 05 83 b1 08 01 57 | 1 1675 3150 | 2600 Charging 33284
18:00:17.850 df e0 31 00 c2 | 67 05 83 b1 08 01 57 | 1 1675 3150 | 2508 Charging 33284
18:00:18.077 df e0 31 00 c2 | 67 05 83 b1 08 01 57 | 1 1675 3150 | 2616 Charging 33284
18:00:18.300 df e0 31 00 c2 | 67 05 83 b1 08 01 57 | 1 1675 3150 | 2625 Charging 33284
18:00:18.529 df e0 31 00 c2 | 67 05 83 b1 08 01 57 | 1 1675 3150 | 2579 Charging 33284
18:00:18.751 df e0 31 00 c2 | 67 05 83 b1 08 01 57 | 1 1675 3150 | 2589 Charging 33284
18:00:18.990 df e0 31 00 c2 | 67 05 83 b1 08 01 57 | 1 1675 3150 | 2571 Charging 33284
18:00:19.228 df e0 31 00 c2 | 67 05 83 b1 08 01 57 | 1 1675 3150 | 2577 Charging 33284
18:00:19.456 df e0 31 00 c2 | 67 05 83 b1 08 01 57 | 1 1675 3150 | 2585 Charging 33284
18:00:19.687 df e0 31 00 c2 | 67 05 83 b1 08 01 57 | 1 1675 3150 | 2501 Charging 33284
18:00:19.937 df e0 31 00 c2 | 67 05 83 b1 08 01 57 | 1 1675 3150 | 2537 Charging 33284
18:00:20.158 df e0 31 00 c2 | 67 05 83 b1 08 01 57 | 1 1675 3150 | 2682 Charging 33284
18:00:20.387 df e0 31 00 c2 | 67 05 83 b1 08 01 57 | 1 1675 3150 | 2516 Charging 33284
18:00:20.671 df e0 31 00 c2 | 67 05 83 b1 08 01 57 | 1 1675 3150 | 2528 Charging 33284
18:00:20.948 df e0 31 00 c2 | 67 05 83 b1 08 01 57 | 1 1675 3150 | 2472 Charging 33284
18:00:21.192 df e0 31 00 c2 | 67 05 83 b1 08 01 57 | 1 1675 3150 | 2441 Charging 33284
18:00:21.421 df e0 31 00 c2 | 67 05 83 b1 08 01 57 | 1 1675 3150 | 2553 Charging 33235
18:00:21.651 df e0 31 00 c2 | 67 05 83 b1 08 01 57 | 1 1675 3150 | 2516 Charging 33284
18:00:21.881 df e0 31 00 c2 | 67 05 83 b1 08 01 57 | 1 1675 3150 | 2510 Charging 33235
18:00:22.109 df e0 31 00 c2 | 67 05 83 b1 08 01 57 | 1 1675 3150 | 2500 Charging 33284
18:00:22.343 df e0 31 00 c2 | 67 05 83 b1 08 01 57 | 1 1675 3150 | 2593 Charging 33284
18:00:22.576 df e0 31 00 c2 | 67 05 83 b1 08 01 57 | 1 1675 3150 | 2543 Charging 33235
18:00:22.818 df e0 31 00 c2 | 67 05 83 b1 08 01 57 | 1 1675 3150 | 2603 Charging 33235
18:00:23.054 df e0 31 00 c2 | 67 05 83 b1 08 01 57 | 1 1675 3150 | 2554 Charging 33235
18:00:23.281 df e0 31 00 c2 | 67 05 83 b1 08 01 57 | 1 1675 3150 | 2529 Charging 33235
18:00:23.515 df e0 31 00 c2 | 67 05 83 b1 08 01 57 | 1 1675 3150 | 2559 Charging 33284
18:00:23.751 df e0 31 00 c2 | 67 05 83 b1 08 01 57 | 1 1675 3150 | 2502 Charging 33235
18:00:23.976 df e0 31 00 c2 | 67 05 83 b1 08 01 57 | 1 1675 3150 | 2471 Charging 33235
18:00:24.209 df e0 31 00 c2 | 67 05 83 b1 08 01 57 | 1 1675 3150 | 2599 Charging 33235
18:00:24.448 df e0 31 00 c2 | 67 05 83 b1 08 01 57 | 1 1675 3150 | 2081 Charging 33235
18:00:24.688 df e0 31 00 c2 | 67 05 83 b1 08 01 57 | 1 1675 3150 | 2572 Charging 33235
18:00:24.923 df e0 31 00 c2 | 67 05 83 b1 08 01 57 | 1 1675 3150 | 2578 Charging 33235
18:00:25.154 df e0 31 00 c2 | 67 05 83 b1 08 01 57 | 1 1675 3150 | 2593 Charging 33235
18:00:25.395 df e0 31 00 c2 | 67 05 83 b1 08 01 57 | 1 1675 3150 | 2512 Charging 33235
18:00:25.632 df e0 31 00 c2 | 67 05 83 b1 08 01 57 | 1 1675 3150 | 2532 Charging 33235
18:00:25.871 df e0 31 00 c2 | 67 05 83 b1 08 01 57 | 1 1675 3150 | 2601 Charging 33235
18:00:26.092 df e0 31 00 c2 | 67 05 83 b1 08 01 57 | 1 1675 3150 | 2504 Charging 33235
18:00:26.314 df e0 31 00 c2 | 67 05 83 b1 08 01 57 | 1 1675 3150 | 2564 Charging 33235
18:00:26.536 df e0 31 00 c2 | 67 05 83 b1 08 01 57 | 1 1675 3150 | 2553 Charging 33235
18:00:26.777 df e0 31 00 c2 | 67 05 83 b1 08 01 57 | 1 1675 3150 | 2424 Charging 33235
18:00:27.019 df e0 31 00 c2 | 67 05 83 b1 08 01 57 | 1 1675 3150 | 2571 Charging 33235
18:00:27.261 df e0 31 00 c2 | 67 05 83 b1 08 01 57 | 1 1675 3150 | 2596 Charging 33235
18:00:27.497 df e0 31 00 c2 | 67 05 83 b1 08 01 57 | 1 1675 3150 | 2548 Charging 33235
18:00:27.739 df e0 31 00 c2 | 67 05 83 b1 08 01 57 | 1 1675 3150 | 2547 Charging 33235
18:00:27.971 df e0 31 00 c2 | 67 05 83 b1 08 01 57 | 1 1675 3150 | 2476 Charging 33235
18:00:28.201 df e0 31 00 c2 | 67 05 83 b1 08 01 57 | 1 1675 3150 | 2516 Charging 33235
18:00:28.432 df e0 31 00 c2 | 67 05 83 b1 08 01 57 | 1 1675 3150 | 2519 Charging 33235
18:00:28.663 df e0 31 00 c2 | 67 05 83 b1 08 01 57 | 1 1675 3150 | 2598 Charging 33235
18:00:28.886 df e0 31 00 c2 | 67 05 83 b1 08 01 57 | 1 1675 3150 | 2486 Charging 33235
18:00:29.113 df e0 31 00 c2 | 67 05 83 b1 08 01 57 | 1 1675 3150 | 2614 Charging 33235
18:00:29.341 df e0 31 00 c2 | 67 05 83 b1 08 01 57 | 1 1675 3150 | 2637 Charging 33235
18:00:29.581 df e0 31 00 c2 | 67 05 83 b1 08 01 57 | 1 1675 3150 | 2460 Charging 33235
18:00:29.824 df e0 31 00 c2 | 67 05 83 b1 08 01 57 | 1 1675 3150 | 2594 Charging 33235
18:00:30.062 df e0 31 00 c2 | 67 05 83 b1 08 01 57 | 1 1675 3150 | 2534 Charging 33235
18:00:30.312 df e0 31 00 c2 | 67 05 83 b1 08 01 57 | 1 1675 3150 | 2460 Charging 33235
18:00:30.549 df e0 31 00 c2 | 67 05 83 b1 08 01 57 | 1 1675 3150 | 2478 Charging 33235
18:00:30.793 df e0 31 00 c2 | 67 05 83 b1 08 01 57 | 1 1675 3150 | 2538 Charging 33235
18:00:31.023 df e0 31 00 c2 | 67 05 83 b1 08 01 57 | 1 1675 3150 | 2380 Charging 33235
18:00:31.249 df e0 31 00 c2 | 67 05 83 b1 08 01 57 | 1 1675 3150 | 2568 Charging 33235
18:00:31.482 df e0 31 00 c2 | 67 05 83 b1 08 01 57 | 1 1675 3150 | 2510 Charging 33235
18:00:31.711 df e0 31 00 c2 | 67 05 83 b1 08 01 57 | 1 1675 3150 | 2550 Charging 33235
18:00:31.952 df e0 31 00 c2 | 67 05 83 b1 08 01 57 | 1 1675 3150 | 2551 Charging 33235
18:00:32.191 df e0 31 00 c2 | 67 05 83 b1 08 01 57 | 1 1675 3150 | 2607 Charging 33235
18:00:32.421 df e0 31 00 c2 | 67 05 83 b1 08 01 57 | 1 1675 3150 | 2434 Charging 33235
18:00:32.662 df e0 31 00 c2 | 67 05 83 b1 08 01 57 | 1 1675 3150 | 2560 Charging 33235
18:00:32.900 df e0 31 00 c2 | 67 05 83 b1 08 01 57 | 1 1675 3150 | 2557 Charging 33235
18:00:33.132 df e0 31 00 c2 | 67 05 83 b1 08 01 57 | 1 1675 3150 | 2544 Charging 33235
18:00:33.358 df e0 31 00 c2 | 67 05 83 b1 08 01 57 | 1 1675 3150 | 2558 Charging 33235
18:00:33.596 df e0 31 00 c2 | 67 05 83 b1 08 01 57 | 1 1675 3150 | 2493 Charging 33235
18:00:33.824 df e0 31 00 c2 | 67 05 83 b1 08 01 57 | 1 1675 3150 | 2512 Charging 33235
18:00:34.058 df e0 31 00 c2 | 67 05 83 b1 08 01 57 | 1 1675 3150 | 2641 Charging 33235
18:00:34.300 df e0 31 00 c2 | 67 05 83 b1 08 01 57 | 1 1675 3150 | 2553 Charging 33235
18:00:34.530 df e0 31 00 c2 | 67 05 83 b1 08 01 57 | 1 1675 3150 | 2503 Charging 33235
18:00:34.764 df e0 31 00 c2 | 67 05 83 b1 08 01 57 | 1 1675 3150 | 2566 Charging 33235
18:00:34.998 df e0 31 00 c2 | 67 05 83 b1 08 01 57 | 1 1675 3150 | 2517 Charging 33235
18:00:35.226 df e0 31 00 c2 | 67 05 83 b1 08 01 57 | 1 1675 3150 | 2560 Charging 33235
18:00:35.464 df e0 31 00 c2 | 67 05 83 b1 08 01 57 | 1 1675 3150 | 2546 Charging 33235
18:00:35.704 df e0 31 00 c2 | 67 05 83 b1 08 01 57 | 1 1675 3150 | 2531 Charging 33235
18:00:35.943 df e0 31 00 c2 | 67 05 83 b1 08 01 57 | 1 1675 3150 | 2439 Charging 33235
18:00:36.193 df e0 31 00 c2 | 67 05 83 b1 08 01 57 | 1 1675 3150 | 2652 Charging 33235
18:00:36.434 df e0 31 00 c2 | 67 05 83 b1 08 01 57 | 1 1675 3150 | 2548 Charging 33235
18:00:36.670 df e0 31 00 c2 | 67 05 83 b1 08 01 57 | 1 1675 3150 | 2636 Charging 33235
18:00:36.891 df e0 31 00 c2 | 67 05 83 b1 08 01 57 | 1 1675 3150 | 2550 Charging 33235
18:00:37.118 df e0 31 00 c2 | 67 05 83 b1 08 01 57 | 1 1675 3150 | 2525 Charging 33235
18:00:37.352 df e0 31 00 c2 | 67 05 83 b1 08 01 57 | 1 1675 3150 | 2401 Charging 33235
18:00:37.577 df e0 31 00 c2 | 67 05 83 b1 08 01 57 | 1 1675 3150 | 2516 Charging 33235
18:00:37.816 df e0 31 00 c2 | 67 05 83 b1 08 01 57 | 1 1675 3150 | 2525 Charging 33235
18:00:38.060 df e0 31 00 c2 | 67 05 83 b1 08 01 57 | 1 1675 3150 | 2543 Charging 33235
18:00:38.282 df e0 31 00 c2 | 67 05 83 b1 08 01 57 | 1 1675 3150 | 2587 Charging 33235
18:00:38.512 df e0 31 00 c2 | 67 05 83 b1 08 01 57 | 1 1675 3150 | 2515 Charging 33235
18:00:38.748 df e0 31 00 c2 | 67 05 83 b1 08 01 57 | 1 1675 3150 | 2525 Charging 33235
18:00:38.981 df e0 31 00 c2 | 67 05 83 b1 08 01 57 | 1 1675 3150 | 2607 Charging 33235
18:00:39.209 df e0 31 00 c2 | 67 05 83 b1 08 01 57 | 1 1675 3150 | 2585 Charging 33235
18:00:39.438 df e0 31 00 c2 | 67 05 83 b1 08 01 57 | 1 1675 3150 | 2523 Charging 33235
18:00:39.684 df e0 31 00 c2 | 67 05 83 b1 08 01 57 | 1 1675 3150 | 2610 Charging 33235
18:00:39.910 df e0 31 00 c2 | 67 05 83 b1 08 01 57 | 1 1675 3150 | 2598 Charging 33235
18:00:40.151 df e0 31 00 c2 | 67 05 83 b1 08 01 57 | 1 1675 3150 | 2553 Charging 33235
18:00:40.372 df e0 31 00 c2 | 67 05 83 b1 08 01 57 | 1 1675 3150 | 2572 Charging 33235
18:00:40.595 df e0 31 00 c2 | 67 05 83 b1 08 01 57 | 1 1675 3150 | 2542 Charging 33235
18:00:40.832 df e0 31 00 c2 | 67 05 83 b1 08 01 57 | 1 1675 3150 | 2301 Charging 33235
18:00:41.070 df e0 31 00 c2 | 67 05 83 b1 08 01 57 | 1 1675 3150 | 2603 Charging 33235
18:00:41.295 df e0 31 00 c2 | 67 05 83 b1 08 01 57 | 1 1675 3150 | 2585 Charging 33235
18:00:41.529 df e0 31 00 c2 | 67 05 83 b1 08 01 57 | 1 1675 3150 | 2536 Charging 33235
18:00:41.760 df e0 31 00 c2 | 67 05 83 b1 08 01 57 | 1 1675 3150 | 2607 Charging 33235
18:00:41.991 df e0 31 00 c2 | 67 05 83 b1 08 01 57 | 1 1675 3150 | 2534 Charging 33235
18:00:42.228 df e0 31 00 c2 | 67 05 83 b1 08 01 57 | 1 1675 3150 | 2400 Charging 33235
18:00:42.468 df e0 31 00 c2 | 67 05 83 b1 08 01 57 | 1 1675 3150 | 2588 Charging 33235
18:00:42.702 df e0 31 00 c2 | 67 05 83 b1 08 01 57 | 1 1675 3150 | 2553 Charging 33235
18:00:42.950 df e0 31 00 c2 | 67 05 83 b1 08 01 57 | 1 1675 3150 | 2488 Charging 33235
18:00:43.193 df e0 31 00 c2 | 67 05 83 b1 08 01 57 | 1 1675 3150 | 2655 Charging 33235
18:00:43.424 df e0 31 00 c2 | 67 05 83 b1 08 01 57 | 1 1675 3150 | 2575 Charging 33235
18:00:43.659 df e0 31 00 c2 | 67 05 83 b1 08 01 57 | 1 1675 3150 | 2506 Charging 33235
18:00:43.902 df e0 31 00 c2 | 67 05 83 b1 08 01 57 | 1 1675 3150 | 2530 Charging 33284
18:00:44.137 df e0 31 00 c2 | 67 05 83 b1 08 01 57 | 1 1675 3150 | 2572 Charging 33235
18:00:44.364 df e0 31 00 c2 | 67 05 83 b1 08 01 57 | 1 1675 3150 | 2246 Charging 33235
18:00:44.605 df e0 31 00 c2 | 67 05 83 b1 08 01 57 | 1 1675 3150 | 2550 Charging 33284
18:00:44.840 df e0 31 00 c2 | 67 05 83 b1 08 01 57 | 1 1675 3150 | 2553 Charging 33235
18:00:45.084 df e0 31 00 c2 | 67 05 83 b1 08 01 57 | 1 1675 3150 | 2589 Charging 33235
18:00:45.317 df e0 31 00 c2 | 67 05 83 b1 08 01 57 | 1 1675 3150 | 2551 Charging 33284
18:00:45.565 df e0 31 00 c2 | 67 05 83 b1 08 01 57 | 1 1675 3150 | 2501 Charging 33235
18:00:45.799 df e0 31 00 c2 | 67 05 83 b1 08 01 57 | 1 1675 3150 | 2560 Charging 33284
18:00:46.026 df e0 31 00 c2 | 67 05 83 b1 08 01 57 | 1 1675 3150 | 2587 Charging 33235
18:00:46.252 df e0 31 00 c2 | 67 05 83 b1 08 01 57 | 1 1675 3150 | 2582 Charging 33284
18:00:46.491 df e0 31 00 c2 | 67 05 83 b1 08 01 57 | 1 1675 3150 | 2633 Charging 33284
18:00:46.727 df e0 31 00 c2 | 67 05 83 b1 08 01 57 | 1 1675 3150 | 2573 Charging 33284
18:00:46.955 df e0 31 00 c2 | 67 05 83 b1 08 01 57 | 1 1675 3150 | 2559 Charging 33284
18:00:47.196 df e0 31 00 c2 | 67 05 83 b1 08 01 57 | 1 1675 3150 | 2421 Charging 33235
18:00:47.427 df e0 31 00 c2 | 67 05 83 b1 08 01 57 | 1 1675 3150 | 2511 Charging 33235
18:00:47.664 df e0 31 00 c2 | 67 05 83 b1 08 01 57 | 1 1675 3150 | 2549 Charging 33284
18:00:47.910 df e0 31 00 c2 | 67 05 83 b1 08 01 57 | 1 1675 3150 | 2571 Charging 33284
18:00:48.147 df e0 31 00 c2 | 67 05 83 b1 08 01 57 | 1 1675 3150 | 2583 Charging 33284
18:00:48.383 df e0 31 00 c2 | 67 05 83 b1 08 01 57 | 1 1675 3150 | 2559 Charging 33284
18:00:48.631 df e0 31 00 c2 | 67 05 83 b1 08 01 57 | 1 1675 3150 | 2627 Charging 33284
18:00:48.865 df e0 31 00 c2 | 67 05 83 b1 08 01 57 | 1 1675 3150 | 2546 Charging 33284
18:00:49.099 df e0 31 00 c2 | 67 05 83 b1 08 01 57 | 1 1675 3150 | 2511 Charging 33284
18:00:49.340 df e0 31 00 c2 | 67 05 83 b1 08 01 57 | 1 1675 3150 | 2485 Charging 33284
18:00:49.579 df e0 31 00 c2 | 67 05 83 b1 08 01 57 | 1 1675 3150 | 2564 Charging 33284
18:00:49.800 df e0 31 00 c2 | 67 05 83 b1 08 01 57 | 1 1675 3150 | 2457 Charging 33284
18:00:50.029 df e0 31 00 c2 | 67 05 83 b1 08 01 57 | 1 1675 3150 | 2628 Charging 33284
18:00:50.277 df e0 31 00 c2 | 67 05 83 b1 08 01 57 | 1 1675 3150 | 2574 Charging 33284
18:00:50.502 df e0 31 00 c2 | 67 05 83 b1 08 01 57 | 1 1675 3150 | 2587 Charging 33284
18:00:50.740 df e0 31 00 c2 | 67 05 83 b1 08 01 57 | 1 1675 3150 | 2542 Charging 33284
18:00:50.975 df e0 31 00 c2 | 67 05 83 b1 08 01 57 | 1 1675 3150 | 2578 Charging 33284
18:00:51.207 df e0 31 00 c2 | 67 05 83 b1 08 01 57 | 1 1675 3150 | 2517 Charging 33284
18:00:51.447 df e0 31 00 c2 | 67 05 83 b1 08 01 57 | 1 1675 3150 | 2553 Charging 33284
18:00:51.684 df e0 31 00 c2 | 67 05 83 b1 08 01 57 | 1 1675 3150 | 2511 Charging 33284
18:00:51.916 df e0 31 00 c2 | 67 05 83 b1 08 01 57 | 1 1675 3150 | 2537 Charging 33284
18:00:52.156 df e0 31 00 c2 | 67 05 83 b1 08 01 57 | 1 1675 3150 | 2615 Charging 33284
18:00:52.396 df e0 31 00 c2 | 67 05 83 b1 08 01 57 | 1 1675 3150 | 2467 Charging 33284
18:00:52.637 df e0 31 00 c2 | 67 05 83 b1 08 01 57 | 1 1675 3150 | 2611 Charging 33284
18:00:52.873 df e0 31 00 c2 | 67 05 83 b1 08 01 57 | 1 1675 3150 | 2428 Charging 33284
18:00:53.108 df e0 31 00 c2 | 67 05 83 b1 08 01 57 | 1 1675 3150 | 2560 Charging 33284
18:00:53.336 df e0 31 00 c2 | 67 05 83 b1 08 01 57 | 1 1675 3150 | 2555 Charging 33284
18:00:53.571 df e0 31 00 c2 | 67 05 83 b1 08 01 57 | 1 1675 3150 | 2525 Charging 33284
18:00:53.800 df e0 31 00 c2 | 67 05 83 b1 08 01 57 | 1 1675 3150 | 2650 Charging 33284
18:00:54.028 df e0 31 00 c2 | 67 05 83 b1 08 01 57 | 1 1675 3150 | 2570 Charging 33284
18:00:54.262 df e0 31 00 c2 | 67 05 83 b1 08 01 57 | 1 1675 3150 | 2617 Charging 33284
18:00:54.505 df e0 31 00 c2 | 67 05 83 b1 08 01 57 | 1 1675 3150 | 2516 Charging 33284
18:00:54.743 df e0 31 00 c2 | 67 05 83 b1 08 01 57 | 1 1675 3150 | 2548 Charging 33284
18:00:54.978 df e0 31 00 c2 | 67 05 83 b1 08 01 57 | 1 1675 3150 | 2564 Charging 33284
18:00:55.215 df e0 31 00 c2 | 67 05 83 b1 08 01 57 | 1 1675 3150 | 2455 Charging 33284
18:00:55.457 df e0 31 00 c2 | 67 05 83 b1 08 01 57 | 1 1675 3150 | 2573 Charging 33284
18:00:55.690 df e0 31 00 c2 | 67 05 83 b1 08 01 57 | 1 1675 3150 | 2603 Charging 33284
18:00:55.939 df e0 31 00 c2 | 67 05 83 b1 08 01 57 | 1 1675 3150 | 2535 Charging 33284
18:00:56.167 df e0 31 00 c2 | 67 05 83 b1 08 01 57 | 1 1675 3150 | 2633 Charging 33284
18:00:56.398 df e0 31 00 c2 | 67 05 83 b1 08 01 57 | 1 1675 3150 | 2538 Charging 33284
18:00:56.635 df e0 31 00 c2 | 67 05 83 b1 08 01 57 | 1 1675 3150 | 2555 Charging 33284
18:00:56.870 df e0 31 00 c2 | 67 05 83 b1 08 01 57 | 1 1675 3150 | 2541 Charging 33284
18:00:57.104 df e0 31 00 c2 | 67 05 83 b1 08 01 57 | 1 1675 3150 | 2512 Charging 33284
18:00:57.334 df e0 31 00 c2 | 67 05 83 b1 08 01 57 | 1 1675 3150 | 2489 Charging 33284
18:00:57.571 df e0 31 00 c2 | 67 05 83 b1 08 01 57 | 1 1675 3150 | 2558 Charging 33284
18:00:57.792 df e0 31 00 c2 | 67 05 83 b1 08 01 57 | 1 1675 3150 | 2582 Charging 33284
18:00:58.025 df e0 31 00 c2 | 67 05 83 b1 08 01 57 | 1 1675 3150 | 2382 Charging 33284
18:00:58.261 df e0 31 00 c2 | 67 05 83 b1 08 01 57 | 1 1675 3150 | 2544 Charging 33284
18:00:58.487 df e0 31 00 c2 | 67 05 83 b1 08 01 57 | 1 1675 3150 | 2492 Charging 33284
18:00:58.726 df e0 31 00 c2 | 67 05 83 b1 08 01 57 | 1 1675 3150 | 2371 Charging 33284
18:00:58.949 df e0 31 00 c2 | 67 05 83 b1 08 01 57 | 1 1675 3150 | 2563 Charging 33284
18:00:59.191 df e0 31 00 c2 | 67 05 83 b1 08 01 57 | 1 1675 3150 | 2525 Charging 33284
18:00:59.417 df e0 31 00 c2 | 67 05 83 b1 08 01 57 | 1 1675 3150 | 2577 Charging 33284
18:00:59.660 df e0 31 00 c2 | 67 05 83 b1 08 01 57 | 1 1675 3150 | 2597 Charging 33284
18:00:59.887 df e0 31 00 c2 | 67 05 83 b1 08 01 57 | 1 1675 3150 | 2573 Charging 33284
18:01:00.115 df e0 31 00 c2 | 67 05 83 b1 08 01 57 | 1 1675 3150 | 2552 Charging 33284
18:01:00.350 df e0 31 00 c2 | 67 05 83 b1 08 01 57 | 1 1675 3150 | 2571 Charging 33284
18:01:00.595 df e0 31 00 c2 | 67 05 83 b1 08 01 57 | 1 1675 3150 | 2529 Charging 33284
18:01:00.841 df e0 31 00 c2 | 67 05 83 b1 08 01 57 | 1 1675 3150 | 2255 Charging 33284
18:01:01.068 df e0 31 00 c2 | 67 05 83 b1 08 01 57 | 1 1675 3150 | 2625 Charging 33284
18:01:01.300 df e0 31 00 c2 | 67 05 83 b1 08 01 57 | 1 1675 3150 | 2575 Charging 33284
18:01:01.525 df e0 31 00 c2 | 67 05 83 b1 08 01 57 | 1 1675 3150 | 2515 Charging 33284
18:01:01.758 df e0 31 00 c2 | 67 05 83 b1 08 01 57 | 1 1675 3150 | 2433 Charging 33284
18:01:01.993 df e0 31 00 c2 | 67 05 83 b1 08 01 57 | 1 1675 3150 | 2578 Charging 33284
18:01:02.232 df e0 31 00 c2 | 67 05 83 b1 08 01 57 | 1 1675 3150 | 2542 Charging 33284
18:01:02.472 df e0 31 00 c2 | 67 05 83 b1 08 01 57 | 1 1675 3150 | 2581 Charging 33284
18:01:02.716 df e0 31 00 c2 | 67 05 83 b1 08 01 57 | 1 1675 3150 | 2453 Charging 33284
18:01:02.944 df e0 31 00 c2 | 67 05 83 b1 08 01 57 | 1 1675 3150 | 2526 Charging 33284
18:01:03.172 df e0 31 00 c2 | 67 05 83 b1 08 01 57 | 1 1675 3150 | 2557 Charging 33284
18:01:03.410 df e0 31 00 c2 | 67 05 83 b1 08 01 57 | 1 1675 3150 | 2457 Charging 33284
18:01:03.651 df e0 31 00 c2 | 67 05 83 b1 08 01 57 | 1 1675 3150 | 2458 Charging 33284
18:01:03.881 df e0 31 00 c2 | 67 05 83 b1 08 01 57 | 1 1675 3150 | 2464 Charging 33284
18:01:04.117 df e0 31 00 c2 | 67 05 83 b1 08 01 57 | 1 1675 3150 | 2582 Charging 33284
18:01:04.342 df e0 31 00 c2 | 67 05 83 b1 08 01 57 | 1 1675 3150 | 2253 Charging 33284
18:01:04.569 df e0 31 00 c2 | 67 05 83 b1 08 01 57 | 1 1675 3150 | 2557 Charging 33333
18:01:04.796 df e0 31 00 c2 | 67 05 83 b1 08 01 57 | 1 1675 3150 | 2578 Charging 33284
18:01:05.035 df e0 31 00 c2 | 67 05 83 b1 08 01 57 | 1 1675 3150 | 2534 Charging 33333
18:01:05.263 df e0 31 00 c2 | 67 05 83 b1 08 01 57 | 1 1675 3150 | 2582 Charging 33333
18:01:05.491 df e0 31 00 c2 | 67 05 83 b1 08 01 57 | 1 1675 3150 | 2505 Charging 33284
18:01:05.723 df e0 31 00 c2 | 67 05 83 b1 08 01 57 | 1 1675 3150 | 2553 Charging 33284
18:01:05.973 df e0 31 00 c2 | 67 05 83 b1 08 01 57 | 1 1675 3150 | 2534 Charging 33284
18:01:06.206 df e0 31 00 c2 | 67 05 83 b1 08 01 57 | 1 1675 3150 | 2563 Charging 33284
18:01:06.433 df e0 31 00 c2 | 67 05 83 b1 08 01 57 | 1 1675 3150 | 2540 Charging 33284
18:01:06.668 df e0 31 00 c2 | 67 05 83 b1 08 01 57 | 1 1675 3150 | 2589 Charging 33284
18:01:06.897 df e0 31 00 c2 | 67 05 83 b1 08 01 57 | 1 1675 3150 | 2528 Charging 33284
18:01:07.145 df e0 31 00 c2 | 67 05 83 b1 08 01 57 | 1 1675 3150 | 2624 Charging 33284
18:01:07.373 df e0 31 00 c2 | 67 05 83 b1 08 01 57 | 1 1675 3150 | 2221 Charging 33333
18:01:07.604 df e0 31 00 c2 | 67 05 83 b1 08 01 57 | 1 1675 3150 | 2615 Charging 33333
18:01:07.832 df e0 31 00 c2 | 67 05 83 b1 08 01 57 | 1 1675 3150 | 2553 Charging 33333
18:01:08.074 df e0 31 00 c2 | 67 05 83 b1 08 01 57 | 1 1675 3150 | 2482 Charging 33333
18:01:08.311 df e0 31 00 c2 | 67 05 83 b1 08 01 57 | 1 1675 3150 | 2564 Charging 33333
18:01:08.541 df e0 31 00 c2 | 67 05 83 b1 08 01 57 | 1 1675 3150 | 2502 Charging 33333
18:01:08.783 df e0 31 00 c2 | 67 05 83 b1 08 01 57 | 1 1675 3150 | 2589 Charging 33333
18:01:09.023 df e0 31 00 c2 | 67 05 83 b1 08 01 57 | 1 1675 3150 | 2560 Charging 33333
18:01:09.252 df e0 31 00 c2 | 67 05 83 b1 08 01 57 | 1 1675 3150 | 2575 Charging 33284
18:01:09.490 df e0 31 00 c2 | 67 05 83 b1 08 01 57 | 1 1675 3150 | 2557 Charging 33333
18:01:09.728 df e0 31 00 c2 | 67 05 83 b1 08 01 57 | 1 1675 3150 | 2605 Charging 33333
18:01:09.972 df e0 31 00 c2 | 67 05 83 b1 08 01 57 | 1 1675 3150 | 2488 Charging 33333
18:01:10.218 df e0 31 00 c2 | 67 05 83 b1 08 01 57 | 1 1675 3150 | 2598 Charging 33333
18:01:10.452 df e0 31 00 c2 | 67 05 83 b1 08 01 57 | 1 1675 3150 | 2230 Charging 33333
18:01:10.691 df e0 31 00 c2 | 67 05 83 b1 08 01 57 | 1 1675 3150 | 2591 Charging 33333
18:01:10.922 df e0 31 00 c2 | 67 05 83 b1 08 01 57 | 1 1675 3150 | 2487 Charging 33333
18:01:11.156 df e0 31 00 c2 | 67 05 83 b1 08 01 57 | 1 1675 3150 | 2533 Charging 33333
18:01:11.392 df e0 31 00 c2 | 67 05 83 b1 08 01 57 | 1 1675 3150 | 2471 Charging 33333
18:01:11.621 df e0 31 00 c2 | 67 05 83 b1 08 01 57 | 1 1675 3150 | 2567 Charging 33333
18:01:11.852 df e0 31 00 c2 | 67 05 83 b1 08 01 57 | 1 1675 3150 | 2558 Charging 33333
18:01:12.073 df e0 31 00 c2 | 67 05 83 b1 08 01 57 | 1 1675 3150 | 2484 Charging 33333
18:01:12.308 df e0 31 00 c2 | 67 05 83 b1 08 01 57 | 1 1675 3150 | 2583 Charging 33333
18:01:12.543 df e0 31 00 c2 | 67 05 83 b1 08 01 57 | 1 1675 3150 | 2603 Charging 33333
18:01:12.779 df e0 31 00 c2 | 67 05 83 b1 08 01 57 | 1 1675 3150 | 2494 Charging 33333
18:01:13.010 df e0 31 00 c2 | 67 05 83 b1 08 01 57 | 1 1675 3150 | 2600 Charging 33333
18:01:13.241 df e0 31 00 c2 | 67 05 83 b1 08 01 57 | 1 1675 3150 | 2490 Charging 33333
18:01:13.472 df e0 31 00 c2 | 67 05 83 b1 08 01 57 | 1 1675 3150 | 2459 Charging 33333
18:01:13.707 df e0 31 00 c2 | 67 05 83 b1 08 01 57 | 1 1675 3150 | 2592 Charging 33333
18:01:13.938 df e0 31 00 c2 | 67 05 83 b1 08 01 57 | 1 1675 3150 | 2175 Charging 33333
18:01:14.162 df e0 31 00 c2 | 67 05 83 b1 08 01 57 | 1 1675 3150 | 2579 Charging 33333
18:01:14.406 df e0 31 00 c2 | 67 05 83 b1 08 01 57 | 1 1675 3150 | 2535 Charging 33333
18:01:14.633 df e0 31 00 c2 | 67 05 83 b1 08 01 57 | 1 1675 3150 | 2617 Charging 33333
18:01:14.859 df e0 31 00 c2 | 67 05 83 b1 08 01 57 | 1 1675 3150 | 2549 Charging 33333
18:01:15.084 df e0 31 00 c2 | 67 05 83 b1 08 01 57 | 1 1675 3150 | 2569 Charging 33333
18:01:15.329 df e0 31 00 c2 | 67 05 83 b1 08 01 57 | 1 1675 3150 | 2509 Charging 33333
18:01:15.564 df e0 31 00 c2 | 67 05 83 b1 08 01 57 | 1 1675 3150 | 2507 Charging 33333
18:01:15.805 df e0 31 00 c2 | 67 05 83 b1 08 01 57 | 1 1675 3150 | 2616 Charging 33333
18:01:16.025 df e0 31 00 c2 | 67 05 83 b1 08 01 57 | 1 1675 3150 | 2588 Charging 33333
18:01:16.262 df e0 31 00 c2 | 67 05 83 b1 08 01 57 | 1 1675 3150 | 2552 Charging 33333
18:01:16.487 df e0 31 00 c2 | 67 05 83 b1 08 01 57 | 1 1675 3150 | 2624 Charging 33333
18:01:16.724 df e0 31 00 c2 | 67 05 83 b1 08 01 57 | 1 1675 3150 | 2617 Charging 33333
18:01:16.960 df e0 31 00 c2 | 67 05 83 b1 08 01 57 | 1 1675 3150 | 2499 Charging 33333
18:01:17.189 df e0 31 00 c2 | 67 05 83 b1 08 01 57 | 1 1675 3150 | 2568 Charging 33333
18:01:17.430 df e0 31 00 c2 | 67 05 83 b1 08 01 57 | 1 1675 3150 | 2508 Charging 33333
18:01:17.665 df e0 31 00 c2 | 67 05 83 b1 08 01 57 | 1 1675 3150 | 2497 Charging 33333
18:01:17.933 9f 80 78 00 c2 | 07 05 00 00 00 00 07 | 0 1675 3150 | -787 Discharging 33284
18:01:18.153 9f 80 78 00 c2 | 07 05 00 00 00 00 07 | 0 1675 3150 | -1195 Discharging 33284
18:01:18.378 9f 80 78 00 c2 | 07 05 00 00 00 00 47 | 0 1675 3150 | -930 Discharging 33284
18:01:18.610 9f 80 78 00 c2 | 07 05 00 00 00 00 47 | 0 1675 3150 | -828 Discharging 33284
18:01:18.837 9f 80 78 00 c2 | 07 05 00 00 00 00 47 | 0 1675 3150 | -775 Discharging 33284
18:01:19.064 9f 80 78 00 c2 | 07 05 00 00 00 00 47 | 0 1675 3150 | -810 Discharging 33284
18:01:19.298 9f 80 78 00 c2 | 07 05 00 00 00 00 47 | 0 1675 3150 | -849 Discharging 33284
18:01:19.521 9f 80 78 00 c2 | 07 05 00 00 00 00 47 | 0 1675 3150 | -831 Discharging 33284
18:01:19.755 9f 80 78 00 c2 | 07 05 00 00 00 00 47 | 0 1675 3150 | -821 Discharging 33284
18:01:19.979 9f 80 78 00 c2 | 07 05 00 00 00 00 47 | 0 1675 3150 | -821 Discharging 33284
18:01:20.214 9f 80 78 00 c2 | 07 05 00 00 00 00 47 | 0 1675 3150 | -796 Discharging 33284
18:01:20.448 9f 80 78 00 c2 | 07 05 00 00 00 00 47 | 0 1675 3150 | -1168 Discharging 33284
18:01:20.680 9f 80 78 00 c2 | 07 05 00 00 00 00 47 | 0 1675 3150 | -808 Discharging 33284
18:01:20.914 9f 80 78 00 c2 | 07 05 00 00 00 00 47 | 0 1675 3150 | -863 Discharging 33235
18:01:21.141 9f 80 78 00 c2 | 07 05 00 00 00 00 47 | 0 1675 3150 | -837 Discharging 33235
18:01:21.365 9f 80 78 00 c2 | 07 05 00 00 00 00 47 | 0 1675 3150 | -828 Discharging 33284
18:01:21.607 9f 80 78 00 c2 | 07 05 00 00 00 00 47 | 0 1675 3150 | -813 Discharging 33235
18:01:21.825 9f 80 78 00 c2 | 07 05 00 00 00 00 47 | 0 1675 3150 | -793 Discharging 33235
18:01:22.055 9f 80 78 00 c2 | 07 05 00 00 00 00 47 | 0 1675 3150 | -978 Discharging 33235
18:01:22.283 9f 80 78 00 c2 | 07 05 00 00 00 00 47 | 0 1675 3150 | -771 Discharging 33235
18:01:22.504 9f 80 78 00 c2 | 07 05 00 00 00 00 47 | 0 1675 3150 | -849 Discharging 33235
18:01:22.731 9f 80 78 00 c2 | 07 05 00 00 00 00 47 | 0 1675 3150 | -784 Discharging 33235
18:01:22.964 9f 80 78 00 c2 | 07 05 00 00 00 00 47 | 0 1675 3150 | -791 Discharging 33235
18:01:23.204 9f 80 78 00 c2 | 07 05 00 00 00 00 47 | 0 1675 3150 | -803 Discharging 33235
18:01:23.444 9f 80 78 00 c2 | 07 05 00 00 00 00 47 | 0 1675 3150 | -972 Discharging 33235
18:01:23.680 9f 80 78 00 c2 | 07 05 00 00 00 00 47 | 0 1675 3150 | -808 Discharging 33235
18:01:23.904 9f 80 78 00 c2 | 07 05 00 00 00 00 47 | 0 1675 3150 | -839 Discharging 33235
18:01:24.137 9f 80 78 00 c2 | 07 05 00 00 00 00 47 | 0 1675 3150 | -798 Discharging 33235
18:01:24.361 9f 80 78 00 c2 | 07 05 00 00 00 00 47 | 0 1675 3150 | -948 Discharging 33235
18:01:24.590 9f 80 78 00 c2 | 07 05 00 00 00 00 47 | 0 1675 3150 | -849 Discharging 33235
18:01:24.818 9f 80 78 00 c2 | 07 05 00 00 00 00 47 | 0 1675 3150 | -831 Discharging 33235
18:01:25.058 9f 80 78 00 c2 | 07 05 00 00 00 00 47 | 0 1675 3150 | -811 Discharging 33235
18:01:25.289 9f 80 78 00 c2 | 07 05 00 00 00 00 47 | 0 1675 3150 | -739 Discharging 33235
18:01:25.516 9f 80 78 00 c2 | 07 05 00 00 00 00 47 | 0 1675 3150 | -745 Discharging 33235
18:01:25.752 9f 80 78 00 c2 | 07 05 00 00 00 00 47 | 0 1675 3150 | -795 Discharging 33235
18:01:25.989 9f 80 78 00 c2 | 07 05 00 00 00 00 47 | 0 1675 3150 | -684 Discharging 33235
18:01:26.224 9f 80 78 00 c2 | 07 05 00 00 00 00 47 | 0 1675 3150 | -739 Discharging 33235
18:01:26.464 9f 80 78 00 c2 | 07 05 00 00 00 00 47 | 0 1675 3150 | -741 Discharging 33235
18:01:26.701 9f 80 78 00 c2 | 07 05 00 00 00 00 47 | 0 1675 3150 | -696 Discharging 33235
18:01:26.948 9f 80 78 00 c2 | 07 05 00 00 00 00 47 | 0 1675 3150 | -892 Discharging 33235
18:01:27.181 9f 80 78 00 c2 | 07 05 00 00 00 00 47 | 0 1675 3150 | -2123 Discharging 33235
18:01:27.417 9f 80 78 00 c2 | 07 05 00 00 00 00 47 | 0 1675 3150 | -1069 Discharging 33235
18:01:27.658 9f 80 78 00 c2 | 07 05 00 00 00 00 47 | 0 1675 3150 | -787 Discharging 33235
18:01:27.890 9f 80 78 00 c2 | 07 05 00 00 00 00 47 | 0 1675 3150 | -892 Discharging 33235
18:01:28.127 9f 80 78 00 c2 | 07 05 00 00 00 00 47 | 0 1675 3150 | -647 Discharging 33235
18:01:28.352 9f 80 78 00 c2 | 07 05 00 00 00 00 47 | 0 1675 3150 | -780 Discharging 33235
18:01:28.588 9f 80 78 00 c2 | 07 05 00 00 00 00 47 | 0 1675 3150 | -782 Discharging 33235
18:01:28.815 9f 80 78 00 c2 | 07 05 00 00 00 00 47 | 0 1675 3150 | -1110 Discharging 33235
18:01:29.053 9f 80 78 00 c2 | 07 05 00 00 00 00 47 | 0 1675 3150 | -760 Discharging 33235
18:01:29.279 9f 80 78 00 c2 | 07 05 00 00 00 00 47 | 0 1675 3150 | -798 Discharging 33235
18:01:29.511 9f 80 78 00 c2 | 07 05 00 00 00 00 47 | 0 1675 3150 | -762 Discharging 33235
18:01:29.751 9f 80 78 00 c2 | 07 05 00 00 00 00 47 | 0 1675 3150 | -814 Discharging 33235
18:01:29.982 9f 80 78 00 c2 | 07 05 00 00 00 00 47 | 0 1675 3150 | -786 Discharging 33186
18:01:30.220 9f 80 78 00 c2 | 07 05 00 00 00 00 47 | 0 1675 3150 | -701 Discharging 33235
18:01:30.461 9f 80 78 00 c2 | 07 05 00 00 00 00 47 | 0 1675 3150 | -1038 Discharging 33186
18:01:30.691 9f 80 78 00 c2 | 07 05 00 00 00 00 47 | 0 1675 3150 | -757 Discharging 33186
18:01:30.915 9f 80 78 00 c2 | 07 05 00 00 00 00 47 | 0 1675 3150 | -739 Discharging 33235
18:01:31.153 9f 80 78 00 c2 | 07 05 00 00 00 00 47 | 0 1675 3150 | -785 Discharging 33186
18:01:31.380 9f 80 78 00 c2 | 07 05 00 00 00 00 47 | 0 1675 3150 | -903 Discharging 33186
18:01:31.624 9f 80 78 00 c2 | 07 05 00 00 00 00 47 | 0 1675 3150 | -736 Discharging 33186
18:01:31.851 9f 80 78 00 c2 | 07 05 00 00 00 00 47 | 0 1675 3150 | -792 Discharging 33186
18:01:32.089 9f 80 78 00 c2 | 07 05 00 00 00 00 47 | 0 1675 3150 | -790 Discharging 33186
18:01:32.324 9f 80 78 00 c2 | 07 05 00 00 00 00 47 | 0 1675 3150 | -744 Discharging 33186
18:01:32.565 9f 80 78 00 c2 | 07 05 00 00 00 00 47 | 0 1675 3150 | -853 Discharging 33186
18:01:32.795 9f 80 78 00 c2 | 07 05 00 00 00 00 47 | 0 1675 3150 | -767 Discharging 33186
18:01:33.018 9f 80 78 00 c2 | 07 05 00 00 00 00 47 | 0 1675 3150 | -671 Discharging 33186
18:01:33.253 9f 80 78 00 c2 | 07 05 00 00 00 00 47 | 0 1675 3150 | -722 Discharging 33186
18:01:33.497 9f 80 78 00 c2 | 07 05 00 00 00 00 47 | 0 1675 3150 | -864 Discharging 33186
18:01:33.738 9f 80 78 00 c2 | 07 05 00 00 00 00 47 | 0 1675 3150 | -792 Discharging 33186
18:01:33.971 9f 80 78 00 c2 | 07 05 00 00 00 00 47 | 0 1675 3150 | -867 Discharging 33186
18:01:34.209 9f 80 78 00 c2 | 07 05 00 00 00 00 47 | 0 1675 3150 | -806 Discharging 33186
18:01:34.452 9f 80 78 00 c2 | 07 05 00 00 00 00 47 | 0 1675 3150 | -788 Discharging 33186
18:01:34.685 9f 80 78 00 c2 | 07 05 00 00 00 00 47 | 0 1675 3150 | -904 Discharging 33186
18:01:34.912 9f 80 78 00 c2 | 07 05 00 00 00 00 47 | 0 1675 3150 | -767 Discharging 33186
18:01:35.148 9f 80 78 00 c2 | 07 05 00 00 00 00 47 | 0 1675 3150 | -714 Discharging 33186
18:01:35.375 9f 80 78 00 c2 | 07 05 00 00 00 00 47 | 0 1675 3150 | -785 Discharging 33186
18:01:35.612 9f 80 78 00 c2 | 07 05 00 00 00 00 47 | 0 1675 3150 | -732 Discharging 33186
18:01:35.840 9f 80 78 00 c2 | 07 05 00 00 00 00 47 | 0 1675 3150 | -755 Discharging 33186
18:01:36.071 9f 80 78 00 c2 | 07 05 00 00 00 00 47 | 0 1675 3150 | -852 Discharging 33186
18:01:36.311 9f 80 78 00 c2 | 07 05 00 00 00 00 47 | 0 1675 3150 | -861 Discharging 33186
18:01:36.544 9f 80 78 00 c2 | 07 05 00 00 00 00 47 | 0 1675 3150 | -673 Discharging 33186
18:01:36.789 9f 80 78 00 c2 | 07 05 00 00 00 00 47 | 0 1675 3150 | -746 Discharging 33186
18:01:37.004 9f 80 78 00 c2 | 07 05 00 00 00 00 47 | 0 1675 3150 | -969 Discharging 33186
18:01:37.226 9f 80 78 00 c2 | 07 05 00 00 00 00 07 | 0 1675 3150 | -867 Discharging 33186
18:01:37.464 9f 80 78 00 c2 | 07 05 00 51 00 00 07 | 0 1675 3150 | -783 Discharging 33186
18:01:37.734 df e0 38 00 c2 | 27 05 81 71 08 43 57 | 1 1675 3150 | -549 Discharging 33235
18:01:37.961 df e0 31 00 c2 | 27 05 81 71 08 43 57 | 1 1675 3150 | 1035 Charging 33235
18:01:38.189 df e0 31 00 c2 | 27 05 81 71 08 43 57 | 1 1675 3150 | 1083 Charging 33235
18:01:38.442 df e0 31 00 c8 | 27 05 81 71 08 43 57 | 1 1825 2100 | 972 Charging 33235
18:01:38.668 df e0 31 00 c8 | 27 05 81 71 08 43 57 | 1 1825 2100 | 1150 Charging 33235
18:01:38.893 df e0 31 00 c8 | 27 05 81 71 08 43 57 | 1 1825 2100 | 1189 Charging 33235
18:01:39.128 df e0 31 00 c8 | 27 05 81 71 08 43 57 | 1 1825 2100 | 1096 Charging 33235
18:01:39.352 df e0 31 00 c8 | 27 05 81 71 08 43 57 | 1 1825 2100 | 1300 Charging 33235
18:01:39.585 df e0 31 00 c8 | 27 05 81 71 08 43 57 | 1 1825 2100 | 1236 Charging 33235
18:01:39.807 df e0 31 00 c8 | 27 05 81 71 08 43 57 | 1 1825 2100 | 1171 Charging 33235
18:01:40.028 df e0 31 00 c8 | 27 05 81 71 08 43 57 | 1 1825 2100 | 1302 Charging 33235
18:01:40.263 df e0 31 00 c8 | 27 05 81 71 08 43 57 | 1 1825 2100 | 1207 Charging 33186
18:01:40.488 df e0 31 00 c8 | 27 05 81 71 08 43 57 | 1 1825 2100 | 1170 Charging 33186
18:01:40.733 df e0 31 00 c8 | 27 05 81 71 08 43 57 | 1 1825 2100 | 1205 Charging 33186
18:01:40.972 df e0 31 00 c8 | 27 05 81 71 08 43 57 | 1 1825 2100 | 1189 Charging 33186
18:01:41.209 df e0 31 00 c8 | 27 05 81 71 08 43 57 | 1 1825 2100 | 1011 Charging 33186
18:01:41.447 df e0 31 00 c8 | 27 05 81 71 08 43 57 | 1 1825 2100 | 1255 Charging 33186
18:01:41.678 df e0 31 00 c8 | 27 05 81 71 08 43 57 | 1 1825 2100 | 1228 Charging 33186
18:01:41.917 df e0 31 00 c8 | 27 05 81 71 08 43 57 | 1 1825 2100 | 1160 Charging 33186
18:01:42.139 df e0 31 00 c8 | 27 05 81 71 08 43 57 | 1 1825 2100 | 1250 Charging 33186
18:01:42.369 df e0 31 00 c8 | 27 05 81 71 08 43 57 | 1 1825 2100 | 1228 Charging 33186
18:01:42.603 df e0 31 00 c8 | 27 05 81 71 08 43 57 | 1 1825 2100 | 1106 Charging 33186
18:01:42.833 df e0 31 00 c8 | 27 05 81 71 08 43 57 | 1 1825 2100 | 1215 Charging 33186
18:01:43.067 df e0 31 00 c8 | 27 05 81 71 08 43 57 | 1 1825 2100 | 1179 Charging 33186
18:01:43.299 df e0 31 00 c8 | 27 05 81 71 08 43 57 | 1 1825 2100 | 1169 Charging 33186
18:01:43.530 df e0 31 00 c8 | 27 05 81 71 08 43 57 | 1 1825 2100 | 1302 Charging 33186
18:01:43.768 df e0 31 00 c8 | 27 05 81 71 08 43 57 | 1 1825 2100 | 1246 Charging 33186
18:01:44.009 df e0 31 00 c8 | 27 05 81 71 08 43 57 | 1 1825 2100 | 1114 Charging 33186
18:01:44.247 df e0 31 00 c8 | 27 05 81 71 08 43 57 | 1 1825 2100 | 1244 Charging 33186
18:01:44.496 df e0 31 00 c8 | 27 05 81 71 08 43 57 | 1 1825 2100 | 1173 Charging 33186
18:01:44.729 df e0 31 00 c8 | 27 05 81 71 08 43 57 | 1 1825 2100 | 1309 Charging 33186
18:01:44.959 df e0 31 00 c8 | 27 05 81 71 08 43 57 | 1 1825 2100 | 1302 Charging 33186
18:01:45.201 df e0 31 00 c8 | 27 05 81 71 08 43 57 | 1 1825 2100 | 1282 Charging 33186
18:01:45.441 df e0 31 00 c8 | 27 05 81 71 08 43 57 | 1 1825 2100 | 1294 Charging 33186
18:01:45.687 df e0 31 00 c8 | 27 05 81 71 08 43 57 | 1 1825 2100 | 1318 Charging 33186
18:01:45.913 df e0 31 00 c8 | 27 05 81 71 08 43 57 | 1 1825 2100 | 1211 Charging 33186
18:01:46.149 df e0 31 00 c8 | 27 05 81 71 08 43 57 | 1 1825 2100 | 1212 Charging 33186
18:01:46.370 df e0 31 00 c8 | 27 05 81 71 08 43 57 | 1 1825 2100 | 1264 Charging 33186
18:01:46.598 df e0 31 00 c8 | 27 05 81 71 08 43 57 | 1 1825 2100 | 1294 Charging 33186
18:01:46.827 df e0 31 00 c8 | 27 05 81 71 08 43 57 | 1 1825 2100 | 1244 Charging 33186
18:01:47.067 df e0 31 00 c8 | 27 05 81 71 08 43 57 | 1 1825 2100 | 1369 Charging 33186
18:01:47.307 df e0 31 00 c8 | 27 05 81 71 08 43 57 | 1 1825 2100 | 1283 Charging 33186
18:01:47.541 df e0 31 00 c8 | 27 05 81 71 08 43 57 | 1 1825 2100 | 1217 Charging 33186
18:01:47.779 df e0 31 00 c8 | 27 05 81 71 08 43 57 | 1 1825 2100 | 1328 Charging 33186
18:01:48.036 df e0 31 00 c8 | 27 05 81 71 08 43 57 | 1 1825 2100 | 1254 Charging 33186
18:01:48.265 df e0 31 00 c8 | 27 05 81 71 08 43 57 | 1 1825 2100 | 1316 Charging 33186
18:01:48.497 df e0 31 00 c8 | 27 05 81 71 08 43 57 | 1 1825 2100 | 1277 Charging 33186
18:01:48.730 df e0 31 00 c8 | 27 05 81 71 08 43 57 | 1 1825 2100 | 1278 Charging 33186
18:01:48.962 df e0 31 00 c8 | 27 05 81 71 08 43 57 | 1 1825 2100 | 1333 Charging 33186
18:01:49.201 df e0 31 00 c8 | 27 05 81 71 08 43 57 | 1 1825 2100 | 1203 Charging 33186
18:01:49.444 df e0 31 00 c8 | 27 05 81 71 08 43 57 | 1 1825 2100 | 1206 Charging 33186
18:01:49.692 df e0 31 00 c8 | 27 05 81 71 08 43 57 | 1 1825 2100 | 1317 Charging 33186
18:01:49.919 df e0 31 00 c8 | 27 05 81 71 08 43 57 | 1 1825 2100 | 1260 Charging 33186
18:01:50.163 df e0 31 00 c8 | 27 05 81 71 08 43 57 | 1 1825 2100 | 1235 Charging 33186
18:01:50.397 df e0 31 00 c8 | 27 05 81 71 08 43 57 | 1 1825 2100 | 1250 Charging 33186
18:01:50.629 df e0 31 00 c8 | 27 05 81 71 08 43 57 | 1 1825 2100 | 1257 Charging 33186
18:01:50.853 df e0 31 00 c8 | 27 05 81 71 08 43 57 | 1 1825 2100 | 1028 Charging 33186
18:01:51.099 df e0 31 00 c8 | 27 05 81 71 08 43 57 | 1 1825 2100 | 1228 Charging 33186
18:01:51.325 df e0 31 00 c8 | 27 05 81 71 08 43 57 | 1 1825 2100 | 1273 Charging 33186
18:01:51.567 df e0 31 00 c8 | 27 05 81 71 08 43 57 | 1 1825 2100 | 1264 Charging 33186
18:01:51.800 df e0 31 00 c8 | 27 05 81 71 08 43 57 | 1 1825 2100 | 1282 Charging 33235
18:01:52.032 df e0 31 00 c8 | 27 05 81 71 08 43 57 | 1 1825 2100 | 1292 Charging 33186
18:01:52.260 df e0 31 00 c8 | 27 05 81 71 08 43 57 | 1 1825 2100 | 1171 Charging 33186
18:01:52.489 df e0 31 00 c8 | 27 05 81 71 08 43 57 | 1 1825 2100 | 1232 Charging 33186
18:01:52.727 df e0 31 00 c8 | 27 05 81 71 08 43 57 | 1 1825 2100 | 1226 Charging 33235
18:01:52.965 df e0 31 00 c8 | 27 05 81 71 08 43 57 | 1 1825 2100 | 1228 Charging 33186
18:01:53.209 df e0 31 00 c8 | 27 05 81 71 08 43 57 | 1 1825 2100 | 1202 Charging 33235
18:01:53.433 df e0 31 00 c8 | 27 05 81 71 08 43 57 | 1 1825 2100 | 879 Charging 33235
18:01:53.665 df e0 31 00 c8 | 27 05 81 71 08 43 57 | 1 1825 2100 | 1242 Charging 33235
18:01:53.894 df e0 31 00 c8 | 27 05 81 71 08 43 57 | 1 1825 2100 | 1203 Charging 33235
18:01:54.135 df e0 31 00 c8 | 27 05 81 71 08 43 57 | 1 1825 2100 | 1360 Charging 33235
18:01:54.366 df e0 31 00 c8 | 27 05 81 71 08 43 57 | 1 1825 2100 | 1117 Charging 33235
18:01:54.604 df e0 31 00 c8 | 27 05 81 71 08 43 57 | 1 1825 2100 | 1253 Charging 33235
18:01:54.836 df e0 31 00 c8 | 27 05 81 71 08 43 57 | 1 1825 2100 | 1254 Charging 33235
18:01:55.072 df e0 31 00 c8 | 27 05 81 71 08 43 57 | 1 1825 2100 | 1235 Charging 33235
18:01:55.309 df e0 31 00 c8 | 27 05 81 71 08 43 57 | 1 1825 2100 | 1367 Charging 33235
18:01:55.541 df e0 31 00 c8 | 27 05 81 71 08 43 57 | 1 1825 2100 | 1278 Charging 33235
18:01:55.775 df e0 31 00 c8 | 27 05 81 71 08 43 57 | 1 1825 2100 | 1020 Charging 33235
18:01:56.001 df e0 31 00 c8 | 27 05 81 71 08 43 57 | 1 1825 2100 | 976 Charging 33235
18:01:56.241 df e0 31 00 c8 | 27 05 81 71 08 43 57 | 1 1825 2100 | 964 Charging 33235
18:01:56.472 df e0 31 00 c8 | 27 05 81 71 08 43 57 | 1 1825 2100 | 1221 Charging 33235
18:01:56.700 df e0 31 00 c8 | 27 05 81 71 08 43 57 | 1 1825 2100 | 1271 Charging 33235
18:01:56.936 df e0 31 00 c8 | 27 05 81 71 08 43 57 | 1 1825 2100 | 1199 Charging 33235
18:01:57.175 df e0 31 00 c8 | 27 05 81 71 08 43 57 | 1 1825 2100 | 1248 Charging 33235
18:01:57.405 df e0 31 00 c8 | 27 05 81 71 08 43 57 | 1 1825 2100 | 1284 Charging 33235
18:01:57.641 df e0 31 00 c8 | 27 05 81 71 08 43 57 | 1 1825 2100 | 1268 Charging 33235
18:01:57.870 df e0 31 00 c8 | 27 05 81 71 08 43 57 | 1 1825 2100 | 1078 Charging 33235
18:01:58.095 df e0 31 00 c8 | 27 05 81 71 08 43 57 | 1 1825 2100 | 1357 Charging 33235
18:01:58.331 df e0 31 00 c8 | 27 05 81 71 08 43 57 | 1 1825 2100 | 1273 Charging 33235
18:01:58.553 df e0 31 00 c8 | 27 05 81 71 08 43 57 | 1 1825 2100 | 1292 Charging 33235
18:01:58.785 df e0 31 00 c8 | 27 05 81 71 08 43 57 | 1 1825 2100 | 1315 Charging 33235
18:01:59.018 df e0 31 00 c8 | 27 05 81 71 08 43 57 | 1 1825 2100 | 1270 Charging 33235
18:01:59.252 df e0 31 00 c8 | 27 05 81 71 08 43 57 | 1 1825 2100 | 1267 Charging 33235
18:01:59.484 df e0 31 00 c8 | 27 05 81 71 08 43 57 | 1 1825 2100 | 1233 Charging 33235
18:01:59.712 df e0 31 00 c8 | 27 05 81 71 08 43 57 | 1 1825 2100 | 1285 Charging 33235
18:01:59.948 df e0 31 00 c8 | 27 05 81 71 08 43 57 | 1 1825 2100 | 1235 Charging 33235
18:02:00.197 df e0 31 00 c8 | 27 05 81 71 08 43 57 | 1 1825 2100 | 1193 Charging 33235
18:02:00.419 df e0 31 00 c8 | 27 05 81 71 08 43 57 | 1 1825 2100 | 1004 Charging 33235
18:02:00.659 df e0 31 00 c8 | 27 05 81 71 08 43 57 | 1 1825 2100 | 1292 Charging 33235
18:02:00.895 df e0 31 00 c8 | 27 05 81 71 08 43 57 | 1 1825 2100 | 1217 Charging 33235
18:02:01.142 df e0 31 00 c8 | 27 05 81 71 08 43 57 | 1 1825 2100 | 1294 Charging 33235
18:02:01.364 df e0 31 00 c8 | 27 05 81 71 08 43 57 | 1 1825 2100 | 1334 Charging 33235
18:02:01.594 df e0 31 00 c8 | 27 05 81 71 08 43 57 | 1 1825 2100 | 1292 Charging 33235
18:02:01.819 df e0 31 00 c8 | 27 05 81 71 08 43 57 | 1 1825 2100 | 1289 Charging 33235
18:02:02.049 df e0 31 00 c8 | 27 05 81 71 08 43 57 | 1 1825 2100 | 1279 Charging 33235
18:02:02.288 df e0 31 00 c8 | 27 05 81 71 08 43 57 | 1 1825 2100 | 1276 Charging 33235
18:02:02.511 df e0 31 00 c8 | 27 05 81 71 08 43 57 | 1 1825 2100 | 1300 Charging 33235
18:02:02.739 df e0 31 00 c8 | 27 05 81 71 08 43 57 | 1 1825 2100 | 1245 Charging 33235
18:02:02.972 df e0 31 00 c8 | 27 05 81 71 08 43 57 | 1 1825 2100 | 1325 Charging 33235
18:02:03.197 df e0 31 00 c8 | 27 05 81 71 08 43 57 | 1 1825 2100 | 1176 Charging 33235
18:02:03.430 df e0 31 00 c8 | 27 05 81 71 08 43 57 | 1 1825 2100 | 1318 Charging 33235
18:02:03.664 df e0 31 00 c8 | 27 05 81 71 08 43 57 | 1 1825 2100 | 1165 Charging 33235
18:02:03.888 df e0 31 00 c8 | 27 05 81 71 08 43 57 | 1 1825 2100 | 1261 Charging 33235
18:02:04.116 df e0 31 00 c8 | 27 05 81 71 08 43 57 | 1 1825 2100 | 1218 Charging 33235
18:02:04.341 df e0 31 00 c8 | 27 05 81 71 08 43 57 | 1 1825 2100 | 1314 Charging 33235
18:02:04.568 df e0 31 00 c8 | 27 05 81 71 08 43 57 | 1 1825 2100 | 1232 Charging 33235
18:02:04.796 df e0 31 00 c8 | 27 05 81 71 08 43 57 | 1 1825 2100 | 1278 Charging 33235
18:02:05.035 df e0 31 00 c8 | 27 05 81 71 08 43 57 | 1 1825 2100 | 1240 Charging 33235
18:02:05.258 df e0 31 00 c8 | 27 05 81 71 08 43 57 | 1 1825 2100 | 1243 Charging 33235
18:02:05.486 df e0 31 00 c8 | 27 05 81 71 08 43 57 | 1 1825 2100 | 1337 Charging 33235
18:02:05.712 df e0 31 00 c8 | 27 05 81 71 08 43 57 | 1 1825 2100 | 1293 Charging 33235
18:02:05.942 df e0 31 00 c8 | 27 05 81 71 08 43 57 | 1 1825 2100 | 1230 Charging 33235
18:02:06.176 df e0 31 00 c8 | 27 05 81 71 08 43 57 | 1 1825 2100 | 1309 Charging 33235
18:02:06.414 df e0 31 00 c8 | 27 05 81 71 08 43 57 | 1 1825 2100 | 1286 Charging 33235
18:02:06.657 df e0 31 00 c8 | 27 05 81 71 08 43 57 | 1 1825 2100 | 1185 Charging 33235
18:02:06.874 df e0 31 00 c8 | 27 05 81 71 08 43 57 | 1 1825 2100 | 1150 Charging 33235
18:02:07.100 df e0 31 00 c8 | 27 05 81 71 08 43 57 | 1 1825 2100 | 1239 Charging 33235
18:02:07.331 df e0 31 00 c8 | 27 05 81 71 08 43 57 | 1 1825 2100 | 1235 Charging 33235
18:02:07.565 df e0 31 00 c8 | 27 05 81 71 08 43 57 | 1 1825 2100 | 1297 Charging 33235
18:02:07.791 df e0 31 00 c8 | 27 05 81 71 08 43 57 | 1 1825 2100 | 1296 Charging 33235
18:02:08.020 df e0 31 00 c8 | 27 05 81 71 08 43 57 | 1 1825 2100 | 1270 Charging 33284
18:02:08.248 df e0 31 00 c8 | 27 05 81 71 08 43 57 | 1 1825 2100 | 1177 Charging 33235
18:02:08.479 df e0 31 00 c8 | 27 05 81 71 08 43 57 | 1 1825 2100 | 1297 Charging 33235
18:02:08.716 df e0 31 00 c8 | 27 05 81 71 08 43 57 | 1 1825 2100 | 1264 Charging 33235
18:02:08.935 df e0 31 00 c8 | 27 05 81 71 08 43 57 | 1 1825 2100 | 1250 Charging 33235
18:02:09.162 df e0 31 00 c8 | 27 05 81 71 08 43 57 | 1 1825 2100 | 1274 Charging 33235
18:02:09.397 df e0 31 00 c8 | 27 05 81 71 08 43 57 | 1 1825 2100 | 1214 Charging 33235
18:02:09.625 df e0 31 00 c8 | 27 05 81 71 08 43 57 | 1 1825 2100 | 1160 Charging 33235
18:02:09.846 df e0 31 00 c8 | 27 05 81 71 08 43 57 | 1 1825 2100 | 1285 Charging 33235
18:02:10.084 df e0 31 00 c8 | 27 05 81 71 08 43 57 | 1 1825 2100 | 1302 Charging 33235
18:02:10.310 df e0 31 00 c8 | 27 05 81 71 08 43 57 | 1 1825 2100 | 1320 Charging 33235
18:02:10.553 df e0 31 00 c8 | 27 05 81 71 08 43 57 | 1 1825 2100 | 1307 Charging 33235
18:02:10.783 df e0 31 00 c8 | 27 05 81 71 08 43 57 | 1 1825 2100 | 1323 Charging 33235
18:02:11.007 df e0 31 00 c8 | 27 05 81 71 08 43 57 | 1 1825 2100 | 1171 Charging 33235
18:02:11.240 df e0 31 00 c8 | 27 05 81 71 08 43 57 | 1 1825 2100 | 1225 Charging 33235
18:02:11.481 df e0 31 00 c8 | 27 05 81 71 08 43 57 | 1 1825 2100 | 1240 Charging 33235
18:02:11.725 df e0 31 00 c8 | 27 05 81 71 08 43 57 | 1 1825 2100 | 1279 Charging 33235
18:02:11.969 df e0 31 00 c8 | 27 05 81 71 08 43 57 | 1 1825 2100 | 1271 Charging 33235
18:02:12.192 df e0 31 00 c8 | 27 05 81 71 08 43 57 | 1 1825 2100 | 1260 Charging 33284
18:02:12.413 df e0 31 00 c8 | 27 05 81 71 08 43 57 | 1 1825 2100 | 1205 Charging 33284
18:02:12.644 df e0 31 00 c8 | 27 05 81 71 08 43 57 | 1 1825 2100 | 1242 Charging 33284
18:02:12.880 df e0 31 00 c8 | 27 05 81 71 08 43 57 | 1 1825 2100 | 1326 Charging 33284
18:02:13.124 df e0 31 00 c8 | 27 05 81 71 08 43 57 | 1 1825 2100 | 1250 Charging 33284
18:02:13.351 df e0 31 00 c8 | 27 05 81 71 08 43 57 | 1 1825 2100 | 1251 Charging 33284
18:02:13.574 df e0 31 00 c8 | 27 05 81 71 08 43 57 | 1 1825 2100 | 1257 Charging 33284
18:02:13.807 df e0 31 00 c8 | 27 05 81 71 08 43 57 | 1 1825 2100 | 1337 Charging 33284
18:02:14.056 df e0 31 00 c8 | 27 05 81 71 08 43 57 | 1 1825 2100 | 1197 Charging 33284
18:02:14.295 df e0 31 00 c8 | 27 05 81 71 08 43 57 | 1 1825 2100 | 1268 Charging 33284
18:02:14.541 df e0 31 00 c8 | 27 05 81 71 08 43 57 | 1 1825 2100 | 1182 Charging 33284
18:02:14.770 df e0 31 00 c8 | 27 05 81 71 08 43 57 | 1 1825 2100 | 1325 Charging 33284
18:02:15.007 df e0 31 00 c8 | 27 05 81 71 08 43 57 | 1 1825 2100 | 1300 Charging 33284
18:02:15.239 df e0 31 00 c8 | 27 05 81 71 08 43 57 | 1 1825 2100 | 1232 Charging 33284
18:02:15.473 df e0 31 00 c8 | 27 05 81 71 08 43 57 | 1 1825 2100 | 1316 Charging 33284
18:02:15.715 df e0 31 00 c8 | 27 05 81 71 08 43 57 | 1 1825 2100 | 1251 Charging 33284
18:02:15.938 df e0 31 00 c8 | 27 05 81 71 08 43 57 | 1 1825 2100 | 1196 Charging 33284
18:02:16.165 df e0 31 00 c8 | 27 05 81 71 08 43 57 | 1 1825 2100 | 1231 Charging 33284
18:02:16.388 df e0 31 00 c8 | 27 05 81 71 08 43 57 | 1 1825 2100 | 1267 Charging 33284
18:02:16.624 df e0 31 00 c8 | 27 05 81 71 08 43 57 | 1 1825 2100 | 1339 Charging 33284
18:02:16.846 df e0 31 00 c8 | 27 05 81 71 08 43 57 | 1 1825 2100 | 1025 Charging 33284
18:02:17.091 df e0 31 00 c8 | 27 05 81 71 08 43 57 | 1 1825 2100 | 1396 Charging 33284
18:02:17.328 df e0 31 00 c8 | 27 05 81 71 08 43 57 | 1 1825 2100 | 1271 Charging 33284
18:02:17.563 df e0 31 00 c8 | 27 05 81 71 08 43 57 | 1 1825 2100 | 1152 Charging 33284
18:02:17.792 df e0 31 00 c8 | 27 05 81 71 08 43 57 | 1 1825 2100 | 1311 Charging 33284
18:02:18.019 df e0 31 00 c8 | 27 05 81 71 08 43 57 | 1 1825 2100 | 1245 Charging 33284
18:02:18.256 df e0 31 00 c8 | 27 05 81 71 08 43 57 | 1 1825 2100 | 1179 Charging 33284
18:02:18.491 df e0 31 00 c8 | 27 05 81 71 08 43 57 | 1 1825 2100 | 1261 Charging 33284
18:02:18.713 df e0 31 00 c8 | 27 05 81 71 08 43 57 | 1 1825 2100 | 1255 Charging 33284
18:02:18.939 df e0 31 00 c8 | 27 05 81 71 08 43 57 | 1 1825 2100 | 1100 Charging 33284
18:02:19.179 df e0 31 00 c8 | 27 05 81 71 08 43 57 | 1 1825 2100 | 1335 Charging 33284
18:02:19.404 df e0 31 00 c8 | 27 05 81 71 08 43 57 | 1 1825 2100 | 1289 Charging 33284
18:02:19.632 df e0 31 00 c8 | 27 05 81 71 08 43 57 | 1 1825 2100 | 1226 Charging 33284
18:02:19.855 df e0 31 00 c8 | 27 05 81 71 08 43 57 | 1 1825 2100 | 1291 Charging 33284
18:02:20.090 df e0 31 00 c8 | 27 05 81 71 08 43 57 | 1 1825 2100 | 1298 Charging 33284
18:02:20.328 df e0 31 00 c8 | 27 05 81 71 08 43 57 | 1 1825 2100 | 1250 Charging 33284
18:02:20.565 df e0 31 00 c8 | 27 05 81 71 08 43 57 | 1 1825 2100 | 1307 Charging 33284
18:02:20.792 df e0 31 00 c8 | 27 05 81 71 08 43 57 | 1 1825 2100 | 1257 Charging 33284
18:02:21.032 df e0 31 00 c8 | 27 05 81 71 08 43 57 | 1 1825 2100 | 1266 Charging 33284
18:02:21.267 df e0 31 00 c8 | 27 05 81 71 08 43 57 | 1 1825 2100 | 1320 Charging 33284
18:02:21.502 df e0 31 00 c8 | 27 05 81 71 08 43 57 | 1 1825 2100 | 1184 Charging 33284
18:02:21.738 df e0 31 00 c8 | 27 05 81 71 08 43 57 | 1 1825 2100 | 989 Charging 33284
18:02:21.977 df e0 31 00 c8 | 27 05 81 71 08 43 57 | 1 1825 2100 | 1316 Charging 33284
18:02:22.216 df e0 31 00 c8 | 27 05 81 71 08 43 57 | 1 1825 2100 | 1324 Charging 33284
18:02:22.451 df e0 31 00 c8 | 27 05 81 71 08 43 57 | 1 1825 2100 | 1117 Charging 33284
18:02:22.681 df e0 31 00 c8 | 27 05 81 71 08 43 57 | 1 1825 2100 | 1277 Charging 33284
18:02:22.915 df e0 31 00 c8 | 27 05 81 71 08 43 57 | 1 1825 2100 | 1272 Charging 33284
18:02:23.150 df e0 31 00 c8 | 27 05 81 71 08 43 57 | 1 1825 2100 | 1207 Charging 33284
18:02:23.375 df e0 31 00 c8 | 27 05 81 71 08 43 57 | 1 1825 2100 | 1214 Charging 33284
18:02:23.615 df e0 31 00 c8 | 27 05 81 71 08 43 57 | 1 1825 2100 | 1325 Charging 33284
18:02:23.844 df e0 31 00 c8 | 27 05 81 71 08 43 57 | 1 1825 2100 | 1187 Charging 33284
18:02:24.088 df e0 31 00 c8 | 27 05 81 71 08 43 57 | 1 1825 2100 | 1345 Charging 33284
18:02:24.312 df e0 31 00 c8 | 27 05 81 71 08 43 57 | 1 1825 2100 | 1242 Charging 33284
18:02:24.533 df e0 31 00 c8 | 27 05 81 71 08 43 57 | 1 1825 2100 | 1191 Charging 33284
18:02:24.771 df e0 31 00 c8 | 27 05 81 71 08 43 57 | 1 1825 2100 | 1287 Charging 33284
18:02:25.006 df e0 31 00 c8 | 27 05 81 71 08 43 57 | 1 1825 2100 | 1139 Charging 33284
18:02:25.245 df e0 31 00 c8 | 27 05 81 71 08 43 57 | 1 1825 2100 | 1267 Charging 33284
18:02:25.484 df e0 31 00 c8 | 27 05 81 71 08 43 57 | 1 1825 2100 | 1383 Charging 33284
18:02:25.714 df e0 31 00 c8 | 27 05 81 71 08 43 57 | 1 1825 2100 | 1372 Charging 33284
18:02:25.954 df e0 31 00 c8 | 27 05 81 71 08 43 57 | 1 1825 2100 | 1237 Charging 33284
18:02:26.194 df e0 31 00 c8 | 27 05 81 71 08 43 57 | 1 1825 2100 | 1350 Charging 33284
18:02:26.426 df e0 31 00 c8 | 27 05 81 71 08 43 57 | 1 1825 2100 | 1190 Charging 33284
18:02:26.664 df e0 31 00 c8 | 27 05 81 71 08 43 57 | 1 1825 2100 | 1289 Charging 33284
18:02:26.896 df e0 31 00 c8 | 27 05 81 71 08 43 57 | 1 1825 2100 | 1280 Charging 33284
18:02:27.130 df e0 31 00 c8 | 27 05 81 71 08 43 57 | 1 1825 2100 | 1319 Charging 33284
18:02:27.358 df e0 31 00 c8 | 27 05 81 71 08 43 57 | 1 1825 2100 | 1083 Charging 33284
18:02:27.581 df e0 31 00 c8 | 27 05 81 71 08 43 57 | 1 1825 2100 | 1318 Charging 33284
18:02:27.819 df e0 31 00 c8 | 27 05 81 71 08 43 57 | 1 1825 2100 | 1196 Charging 33284
18:02:28.055 df e0 31 00 c8 | 27 05 81 71 08 43 57 | 1 1825 2100 | 1228 Charging 33284
18:02:28.293 df e0 31 00 c8 | 27 05 81 71 08 43 57 | 1 1825 2100 | 1321 Charging 33284
18:02:28.531 df e0 31 00 c8 | 27 05 81 71 08 43 57 | 1 1825 2100 | 1300 Charging 33284
18:02:28.768 df e0 31 00 c8 | 27 05 81 71 08 43 57 | 1 1825 2100 | 1271 Charging 33284
18:02:29.003 df e0 31 00 c8 | 27 05 81 71 08 43 57 | 1 1825 2100 | 1328 Charging 33284
18:02:29.249 df e0 31 00 c8 | 27 05 81 71 08 43 57 | 1 1825 2100 | 1316 Charging 33284
18:02:29.480 df e0 31 00 c8 | 27 05 81 71 08 43 57 | 1 1825 2100 | 1296 Charging 33284
18:02:29.710 df e0 31 00 c8 | 27 05 81 71 08 43 57 | 1 1825 2100 | 1301 Charging 33284
18:02:29.941 df e0 31 00 c8 | 27 05 81 71 08 43 57 | 1 1825 2100 | 1176 Charging 33284
18:02:30.179 df e0 31 00 c8 | 27 05 81 71 08 43 57 | 1 1825 2100 | 1282 Charging 33284
18:02:30.410 df e0 31 00 c8 | 27 05 81 71 08 43 57 | 1 1825 2100 | 1317 Charging 33284
18:02:30.644 df e0 31 00 c8 | 27 05 81 71 08 43 57 | 1 1825 2100 | 1306 Charging 33284
18:02:30.863 df e0 31 00 c8 | 27 05 81 71 08 43 57 | 1 1825 2100 | 1124 Charging 33284
18:02:31.102 df e0 31 00 c8 | 27 05 81 71 08 43 57 | 1 1825 2100 | 1376 Charging 33333
18:02:31.337 df e0 31 00 c8 | 27 05 81 71 08 43 57 | 1 1825 2100 | 1307 Charging 33333
18:02:31.564 df e0 31 00 c8 | 27 05 81 71 08 43 57 | 1 1825 2100 | 1218 Charging 33333
18:02:31.791 df e0 31 00 c8 | 27 05 81 71 08 43 57 | 1 1825 2100 | 1232 Charging 33333
18:02:32.035 df e0 31 00 c8 | 27 05 81 71 08 43 57 | 1 1825 2100 | 1272 Charging 33333
18:02:32.266 df e0 31 00 c8 | 27 05 81 71 08 43 57 | 1 1825 2100 | 1087 Charging 33333
18:02:32.508 df e0 31 00 c8 | 27 05 81 71 08 43 57 | 1 1825 2100 | 1295 Charging 33284
18:02:32.740 df e0 31 00 c8 | 27 05 81 71 08 43 57 | 1 1825 2100 | 1233 Charging 33284
18:02:32.969 df e0 31 00 c8 | 27 05 81 71 08 43 57 | 1 1825 2100 | 1107 Charging 33284
18:02:33.209 df e0 31 00 c8 | 27 05 81 71 08 43 57 | 1 1825 2100 | 1304 Charging 33333
18:02:33.442 df e0 31 00 c8 | 27 05 81 71 08 43 57 | 1 1825 2100 | 1028 Charging 33333
18:02:33.679 df e0 31 00 c8 | 27 05 81 71 08 43 57 | 1 1825 2100 | 1165 Charging 33333
18:02:33.922 df e0 31 00 c8 | 27 05 81 71 08 43 57 | 1 1825 2100 | 1303 Charging 33284
18:02:34.159 df e0 31 00 c8 | 27 05 81 71 08 43 57 | 1 1825 2100 | 1292 Charging 33284
18:02:34.382 df e0 31 00 c8 | 27 05 81 71 08 43 57 | 1 1825 2100 | 1108 Charging 33333
18:02:34.615 df e0 31 00 c8 | 27 05 81 71 08 43 57 | 1 1825 2100 | 1286 Charging 33333
18:02:34.853 df e0 31 00 c8 | 27 05 81 71 08 43 57 | 1 1825 2100 | 1304 Charging 33333
18:02:35.085 df e0 31 00 c8 | 27 05 81 71 08 43 57 | 1 1825 2100 | 1267 Charging 33333
18:02:35.325 df e0 31 00 c8 | 27 05 81 71 08 43 57 | 1 1825 2100 | 1317 Charging 33333
18:02:35.555 df e0 31 00 c8 | 27 05 81 71 08 43 57 | 1 1825 2100 | 1266 Charging 33333
18:02:35.776 df e0 31 00 c8 | 27 05 81 71 08 43 57 | 1 1825 2100 | 954 Charging 33333
18:02:36.010 df e0 31 00 c8 | 27 05 81 71 08 43 57 | 1 1825 2100 | 1035 Charging 33333
18:02:36.247 df e0 31 00 c8 | 27 05 81 71 08 43 57 | 1 1825 2100 | 1041 Charging 33333
18:02:36.483 df e0 31 00 c8 | 27 05 81 71 08 43 57 | 1 1825 2100 | 1025 Charging 33333
