time chg[INT_OK DTLS00 DTLS01 DTLS02 CNFG09] usbc[ST1 ST2 BC CC0 CC1 PD0 PD1] online ilim_mA chg_mA | bat_mA bat_status
17:15:56.026 df e0 31 00 c8 | 27 05 81 b1 08 43 57 | 1 1825 2100 | 1025 Charging
17:15:56.267 df e0 31 00 c8 | 27 05 81 b1 08 43 57 | 1 1825 2100 | 1296 Charging
17:15:56.497 df e0 31 00 c8 | 27 05 81 b1 08 43 57 | 1 1825 2100 | 1304 Charging
17:15:56.746 df e0 31 00 c8 | 27 05 81 b1 08 43 57 | 1 1825 2100 | 1243 Charging
17:15:56.982 df e0 31 00 c8 | 27 05 81 b1 08 43 57 | 1 1825 2100 | 1243 Charging
17:15:57.213 df e0 31 00 c8 | 27 05 81 b1 08 43 57 | 1 1825 2100 | 1228 Charging
17:15:57.432 df e0 31 00 c8 | 27 05 81 b1 08 43 57 | 1 1825 2100 | 909 Charging
17:15:57.655 df e0 31 00 c8 | 27 05 81 b1 08 43 57 | 1 1825 2100 | 1326 Charging
17:15:57.887 df e0 31 00 c8 | 27 05 81 b1 08 43 57 | 1 1825 2100 | 1311 Charging
17:15:58.125 df e0 31 00 c8 | 27 05 81 b1 08 43 57 | 1 1825 2100 | 1310 Charging
17:15:58.358 df e0 31 00 c8 | 27 05 81 b1 08 43 57 | 1 1825 2100 | 1363 Charging
17:15:58.580 df e0 31 00 c8 | 27 05 81 b1 08 43 57 | 1 1825 2100 | 1218 Charging
17:15:58.810 df e0 31 00 c8 | 27 05 81 b1 08 43 57 | 1 1825 2100 | 1285 Charging
17:15:59.033 df e0 31 00 c8 | 27 05 81 b1 08 43 57 | 1 1825 2100 | 1304 Charging
17:15:59.257 df e0 31 00 c8 | 27 05 81 b1 08 43 57 | 1 1825 2100 | 1315 Charging
17:15:59.477 df e0 31 00 c8 | 27 05 81 b1 08 43 57 | 1 1825 2100 | 1295 Charging
17:15:59.702 df e0 31 00 c8 | 27 05 81 b1 08 43 57 | 1 1825 2100 | 1264 Charging
17:15:59.925 df e0 31 00 c8 | 27 05 81 b1 08 43 57 | 1 1825 2100 | 1301 Charging
17:16:00.154 df e0 31 00 c8 | 27 05 81 b1 08 43 57 | 1 1825 2100 | 1317 Charging
17:16:00.385 df e0 31 00 c8 | 27 05 81 b1 08 43 57 | 1 1825 2100 | 1360 Charging
17:16:00.603 df e0 31 00 c8 | 27 05 81 b1 08 43 57 | 1 1825 2100 | 1239 Charging
17:16:00.830 df e0 31 00 c8 | 27 05 81 b1 08 43 57 | 1 1825 2100 | 1356 Charging
17:16:01.064 df e0 31 00 c8 | 27 05 81 b1 08 43 57 | 1 1825 2100 | 1225 Charging
17:16:01.293 df e0 31 00 c8 | 27 05 81 b1 08 43 57 | 1 1825 2100 | 1189 Charging
17:16:01.519 df e0 31 00 c8 | 27 05 81 b1 08 43 57 | 1 1825 2100 | 1307 Charging
17:16:01.751 df e0 31 00 c8 | 27 05 81 b1 08 43 57 | 1 1825 2100 | 1347 Charging
17:16:01.973 df e0 31 00 c8 | 27 05 81 b1 08 43 57 | 1 1825 2100 | 1253 Charging
17:16:02.202 df e0 31 00 c8 | 27 05 81 b1 08 43 57 | 1 1825 2100 | 1266 Charging
17:16:02.437 df e0 31 00 c8 | 27 05 81 b1 08 43 57 | 1 1825 2100 | 1321 Charging
17:16:02.672 df e0 31 00 c8 | 27 05 81 b1 08 43 57 | 1 1825 2100 | 1302 Charging
17:16:02.910 df e0 31 00 c8 | 27 05 81 b1 08 43 57 | 1 1825 2100 | 1194 Charging
17:16:03.152 df e0 31 00 c8 | 27 05 81 b1 08 43 57 | 1 1825 2100 | 1349 Charging
17:16:03.400 df e0 31 00 c8 | 27 05 81 b1 08 43 57 | 1 1825 2100 | 1319 Charging
17:16:03.631 df e0 31 00 c8 | 27 05 81 b1 08 43 57 | 1 1825 2100 | 1144 Charging
17:16:03.875 df e0 31 00 c8 | 27 05 81 b1 08 43 57 | 1 1825 2100 | 1250 Charging
17:16:04.104 df e0 31 00 c8 | 27 05 81 b1 08 43 57 | 1 1825 2100 | 1297 Charging
17:16:04.336 df e0 31 00 c8 | 27 05 81 b1 08 43 57 | 1 1825 2100 | 1269 Charging
17:16:04.578 df e0 31 00 c8 | 27 05 81 b1 08 43 57 | 1 1825 2100 | 1296 Charging
17:16:04.812 df e0 31 00 c8 | 27 05 81 b1 08 43 57 | 1 1825 2100 | 1265 Charging
17:16:05.046 df e0 31 00 c8 | 27 05 81 b1 08 43 57 | 1 1825 2100 | 1296 Charging
17:16:05.292 df e0 31 00 c8 | 27 05 81 b1 08 43 57 | 1 1825 2100 | 1385 Charging
17:16:05.543 df e0 31 00 c8 | 27 05 81 b1 08 43 57 | 1 1825 2100 | 1289 Charging
17:16:05.781 df e0 31 00 c8 | 27 05 81 b1 08 43 57 | 1 1825 2100 | 1312 Charging
17:16:06.015 df e0 31 00 c8 | 27 05 81 b1 08 43 57 | 1 1825 2100 | 990 Charging
17:16:06.251 df e0 31 00 c8 | 27 05 81 b1 08 43 57 | 1 1825 2100 | 1279 Charging
17:16:06.488 df e0 31 00 c8 | 27 05 81 b1 08 43 57 | 1 1825 2100 | 1228 Charging
17:16:06.725 df e0 31 00 c8 | 27 05 81 b1 08 43 57 | 1 1825 2100 | 1273 Charging
17:16:06.944 df e0 31 00 c8 | 27 05 81 b1 08 43 57 | 1 1825 2100 | 1185 Charging
17:16:07.171 df e0 31 00 c8 | 27 05 81 b1 08 43 57 | 1 1825 2100 | 1405 Charging
17:16:07.412 df e0 31 00 c8 | 27 05 81 b1 08 43 57 | 1 1825 2100 | 1267 Charging
17:16:07.652 df e0 31 00 c8 | 27 05 81 b1 08 43 57 | 1 1825 2100 | 1236 Charging
17:16:07.904 df e0 31 00 c8 | 27 05 81 b1 08 43 57 | 1 1825 2100 | 1311 Charging
17:16:08.133 df e0 31 00 c8 | 27 05 81 b1 08 43 57 | 1 1825 2100 | 1292 Charging
17:16:08.371 df e0 31 00 c8 | 27 05 81 b1 08 43 57 | 1 1825 2100 | 1277 Charging
17:16:08.598 df e0 31 00 c8 | 27 05 81 b1 08 43 57 | 1 1825 2100 | 1319 Charging
17:16:08.829 df e0 31 00 c8 | 27 05 81 b1 08 43 57 | 1 1825 2100 | 1350 Charging
17:16:09.075 df e0 31 00 c8 | 27 05 81 b1 08 43 57 | 1 1825 2100 | 1342 Charging
17:16:09.316 df e0 31 00 c8 | 27 05 81 b1 08 43 57 | 1 1825 2100 | 1349 Charging
17:16:09.556 df e0 31 00 c8 | 27 05 81 b1 08 43 57 | 1 1825 2100 | 1292 Charging
17:16:09.799 df e0 31 00 c8 | 27 05 81 b1 08 43 57 | 1 1825 2100 | 1248 Charging
17:16:10.030 df e0 31 00 c8 | 27 05 81 b1 08 43 57 | 1 1825 2100 | 1223 Charging
17:16:10.261 df e0 31 00 c8 | 27 05 81 b1 08 43 57 | 1 1825 2100 | 1284 Charging
17:16:10.497 df e0 31 00 c8 | 27 05 81 b1 08 43 57 | 1 1825 2100 | 1258 Charging
17:16:10.724 df e0 31 00 c8 | 27 05 81 b1 08 43 57 | 1 1825 2100 | 1332 Charging
17:16:10.952 df e0 31 00 c8 | 27 05 81 b1 08 43 57 | 1 1825 2100 | 1189 Charging
17:16:11.183 df e0 31 00 c8 | 27 05 81 b1 08 43 57 | 1 1825 2100 | 1228 Charging
17:16:11.406 df e0 31 00 c8 | 27 05 81 b1 08 43 57 | 1 1825 2100 | 1110 Charging
17:16:11.638 df e0 31 00 c8 | 27 05 81 b1 08 43 57 | 1 1825 2100 | 1333 Charging
17:16:11.884 df e0 31 00 c8 | 27 05 81 b1 08 43 57 | 1 1825 2100 | 1217 Charging
17:16:12.137 df e0 31 00 c8 | 27 05 81 b1 08 43 57 | 1 1825 2100 | 1303 Charging
17:16:12.372 df e0 31 00 c8 | 27 05 81 b1 08 43 57 | 1 1825 2100 | 1271 Charging
17:16:12.609 df e0 31 00 c8 | 27 05 81 b1 08 43 57 | 1 1825 2100 | 1217 Charging
17:16:12.846 9f 80 78 00 c8 | 07 05 00 00 00 00 07 | 0 1825 2100 | -824 Discharging
17:16:13.069 9f 80 78 00 c8 | 07 05 00 00 00 00 07 | 0 1825 2100 | -980 Discharging
17:16:13.295 9f 80 78 00 c8 | 07 05 00 00 00 00 47 | 0 1825 2100 | -903 Discharging
17:16:13.544 9f 80 78 00 c8 | 07 05 00 00 00 00 47 | 0 1825 2100 | -882 Discharging
17:16:13.787 9f 80 78 00 c8 | 07 05 00 00 00 00 47 | 0 1825 2100 | -821 Discharging
17:16:14.022 9f 80 78 00 c8 | 07 05 00 00 00 00 47 | 0 1825 2100 | -854 Discharging
17:16:14.256 9f 80 78 00 c8 | 07 05 00 00 00 00 47 | 0 1825 2100 | -765 Discharging
17:16:14.483 9f 80 78 00 c8 | 07 05 00 00 00 00 47 | 0 1825 2100 | -764 Discharging
17:16:14.703 9f 80 78 00 c8 | 07 05 00 00 00 00 47 | 0 1825 2100 | -2144 Discharging
17:16:14.942 9f 80 78 00 c8 | 07 05 00 00 00 00 47 | 0 1825 2100 | -1270 Discharging
17:16:15.178 9f 80 78 00 c8 | 07 05 00 00 00 00 47 | 0 1825 2100 | -847 Discharging
17:16:15.405 9f 80 78 00 c8 | 07 05 00 00 00 00 47 | 0 1825 2100 | -883 Discharging
17:16:15.627 9f 80 78 00 c8 | 07 05 00 00 00 00 47 | 0 1825 2100 | -883 Discharging
17:16:15.852 9f 80 78 00 c8 | 07 05 00 00 00 00 47 | 0 1825 2100 | -828 Discharging
17:16:16.078 9f 80 78 00 c8 | 07 05 00 00 00 00 47 | 0 1825 2100 | -969 Discharging
17:16:16.308 9f 80 78 00 c8 | 07 05 00 00 00 00 47 | 0 1825 2100 | -1685 Discharging
17:16:16.527 9f 80 78 00 c8 | 07 05 00 00 00 00 47 | 0 1825 2100 | -1175 Discharging
17:16:16.757 9f 80 78 00 c8 | 07 05 00 00 00 00 47 | 0 1825 2100 | -1275 Discharging
17:16:16.988 9f 80 78 00 c8 | 07 05 00 00 00 00 47 | 0 1825 2100 | -1316 Discharging
17:16:17.215 9f 80 78 00 c8 | 07 05 00 00 00 00 47 | 0 1825 2100 | -960 Discharging
17:16:17.434 9f 80 78 00 c8 | 07 05 00 00 00 00 47 | 0 1825 2100 | -787 Discharging
17:16:17.662 9f 80 78 00 c8 | 07 05 00 00 00 00 47 | 0 1825 2100 | -1060 Discharging
17:16:17.899 9f 80 78 00 c8 | 07 05 00 00 00 00 47 | 0 1825 2100 | -873 Discharging
17:16:18.121 9f 80 78 00 c8 | 07 05 00 00 00 00 47 | 0 1825 2100 | -840 Discharging
17:16:18.344 9f 80 78 00 c8 | 07 05 00 00 00 00 47 | 0 1825 2100 | -878 Discharging
17:16:18.572 9f 80 78 00 c8 | 07 05 00 00 00 00 47 | 0 1825 2100 | -1046 Discharging
17:16:18.817 9f 80 78 00 c8 | 07 05 00 00 00 00 47 | 0 1825 2100 | -750 Discharging
17:16:19.046 9f 80 78 00 c8 | 07 05 00 00 00 00 47 | 0 1825 2100 | -1143 Discharging
17:16:19.271 9f 80 78 00 c8 | 07 05 00 00 00 00 47 | 0 1825 2100 | -937 Discharging
17:16:19.496 9f 80 78 00 c8 | 07 05 00 00 00 00 47 | 0 1825 2100 | -1096 Discharging
17:16:19.718 9f 80 78 00 c8 | 07 05 00 00 00 00 47 | 0 1825 2100 | -827 Discharging
17:16:19.939 9f 80 78 00 c8 | 07 05 00 00 00 00 47 | 0 1825 2100 | -756 Discharging
17:16:20.181 9f 80 78 00 c8 | 07 05 00 00 00 00 47 | 0 1825 2100 | -870 Discharging
17:16:20.408 9f 80 78 00 c8 | 07 05 00 00 00 00 47 | 0 1825 2100 | -809 Discharging
17:16:20.631 9f 80 78 00 c8 | 07 05 00 00 00 00 47 | 0 1825 2100 | -762 Discharging
17:16:20.860 9f 80 78 00 c8 | 07 05 00 00 00 00 47 | 0 1825 2100 | -880 Discharging
17:16:21.088 9f 80 78 00 c8 | 07 05 00 00 00 00 47 | 0 1825 2100 | -702 Discharging
17:16:21.320 9f 80 78 00 c8 | 07 05 00 81 00 00 07 | 0 1825 2100 | -815 Discharging
17:16:21.567 df e0 31 00 c8 | 27 05 83 b1 08 01 57 | 1 1825 2100 | 71 Charging
17:16:21.798 df e0 31 00 c8 | 27 05 83 b1 08 01 57 | 1 1825 2100 | 1192 Charging
17:16:22.043 df e0 31 00 c8 | 27 05 83 b1 08 01 57 | 1 1825 2100 | 1155 Charging
17:16:22.272 df e0 31 00 c8 | 27 05 83 b1 08 01 57 | 1 1825 2100 | 1295 Charging
17:16:22.501 df e0 31 00 c8 | 27 05 83 b1 08 01 57 | 1 1825 2100 | 1053 Charging
17:16:22.726 df e0 31 00 c8 | 27 05 83 b1 08 01 57 | 1 1825 2100 | 1292 Charging
17:16:22.970 df e0 31 00 c8 | 27 05 83 b1 08 01 57 | 1 1825 2100 | 1160 Charging
17:16:23.217 df e0 31 00 c8 | 27 05 83 b1 08 01 57 | 1 1825 2100 | 1144 Charging
17:16:23.448 df e0 31 00 c8 | 27 05 83 b1 08 01 57 | 1 1825 2100 | 1358 Charging
17:16:23.686 df e0 31 00 c8 | 27 05 83 b1 08 01 57 | 1 1825 2100 | 1328 Charging
17:16:23.907 df e0 31 00 c8 | 27 05 83 b1 08 01 57 | 1 1825 2100 | 1229 Charging
17:16:24.140 df e0 31 00 c8 | 27 05 83 b1 08 01 57 | 1 1825 2100 | 1323 Charging
17:16:24.371 df e0 31 00 c8 | 27 05 83 b1 08 01 57 | 1 1825 2100 | 1165 Charging
17:16:24.595 df e0 31 00 c8 | 27 05 83 b1 08 01 57 | 1 1825 2100 | 1278 Charging
17:16:24.833 df e0 31 00 c8 | 27 05 83 b1 08 01 57 | 1 1825 2100 | 1334 Charging
17:16:25.056 df e0 31 00 c8 | 27 05 83 b1 08 01 57 | 1 1825 2100 | 1207 Charging
17:16:25.296 df e0 31 00 c8 | 27 05 83 b1 08 01 57 | 1 1825 2100 | 1232 Charging
17:16:25.519 df e0 31 00 c8 | 27 05 83 b1 08 01 57 | 1 1825 2100 | 1043 Charging
17:16:25.745 df e0 31 00 c8 | 27 05 83 b1 08 01 57 | 1 1825 2100 | 1168 Charging
17:16:25.979 df e0 31 00 c8 | 27 05 83 b1 08 01 57 | 1 1825 2100 | 1277 Charging
17:16:26.215 df e0 31 00 c8 | 27 05 83 b1 08 01 57 | 1 1825 2100 | 1376 Charging
17:16:26.444 df e0 31 00 c8 | 27 05 83 b1 08 01 57 | 1 1825 2100 | 1329 Charging
17:16:26.679 df e0 31 00 c8 | 27 05 83 b1 08 01 57 | 1 1825 2100 | 1230 Charging
17:16:26.910 df e0 31 00 c8 | 27 05 83 b1 08 01 57 | 1 1825 2100 | 1249 Charging
17:16:27.150 df e0 31 00 c8 | 27 05 83 b1 08 01 57 | 1 1825 2100 | 1226 Charging
17:16:27.388 df e0 31 00 c8 | 27 05 83 b1 08 01 57 | 1 1825 2100 | 1363 Charging
17:16:27.626 df e0 31 00 c8 | 27 05 83 b1 08 01 57 | 1 1825 2100 | 1275 Charging
17:16:27.875 df e0 31 00 c8 | 27 05 83 b1 08 01 57 | 1 1825 2100 | 1294 Charging
17:16:28.106 df e0 31 00 c8 | 27 05 83 b1 08 01 57 | 1 1825 2100 | 1367 Charging
17:16:28.335 df e0 31 00 c8 | 27 05 83 b1 08 01 57 | 1 1825 2100 | 1381 Charging
17:16:28.569 df e0 31 00 c8 | 27 05 83 b1 08 01 57 | 1 1825 2100 | 1332 Charging
17:16:28.822 df e0 31 00 c8 | 27 05 83 b1 08 01 57 | 1 1825 2100 | 1315 Charging
17:16:29.061 df e0 31 00 c8 | 27 05 83 b1 08 01 57 | 1 1825 2100 | 1286 Charging
17:16:29.304 df e0 31 00 c8 | 27 05 83 b1 08 01 57 | 1 1825 2100 | 1149 Charging
17:16:29.540 df e0 31 00 c8 | 27 05 83 b1 08 01 57 | 1 1825 2100 | 1357 Charging
17:16:29.785 df e0 31 00 c8 | 27 05 83 b1 08 01 57 | 1 1825 2100 | 1282 Charging
17:16:30.030 df e0 31 00 c8 | 27 05 83 b1 08 01 57 | 1 1825 2100 | 1329 Charging
17:16:30.276 df e0 31 00 c8 | 27 05 83 b1 08 01 57 | 1 1825 2100 | 1402 Charging
17:16:30.499 df e0 31 00 c8 | 27 05 83 b1 08 01 57 | 1 1825 2100 | 1268 Charging
17:16:30.735 df e0 31 00 c8 | 27 05 83 b1 08 01 57 | 1 1825 2100 | 1316 Charging
17:16:30.957 df e0 31 00 c8 | 27 05 83 b1 08 01 57 | 1 1825 2100 | 1400 Charging
17:16:31.195 df e0 31 00 c8 | 27 05 83 b1 08 01 57 | 1 1825 2100 | 1243 Charging
17:16:31.421 df e0 31 00 c8 | 27 05 83 b1 08 01 57 | 1 1825 2100 | 1261 Charging
17:16:31.655 df e0 31 00 c8 | 27 05 83 b1 08 01 57 | 1 1825 2100 | 1335 Charging
17:16:31.891 df e0 31 00 c8 | 27 05 83 b1 08 01 57 | 1 1825 2100 | 1339 Charging
17:16:32.130 df e0 31 00 c8 | 27 05 83 b1 08 01 57 | 1 1825 2100 | 1343 Charging
17:16:32.366 df e0 31 00 c8 | 27 05 83 b1 08 01 57 | 1 1825 2100 | 1368 Charging
17:16:32.595 df e0 31 00 c8 | 27 05 83 b1 08 01 57 | 1 1825 2100 | 1262 Charging
17:16:32.823 df e0 31 00 c8 | 27 05 83 b1 08 01 57 | 1 1825 2100 | 1225 Charging
17:16:33.047 df e0 31 00 c8 | 27 05 83 b1 08 01 57 | 1 1825 2100 | 1376 Charging
17:16:33.287 df e0 31 00 c8 | 27 05 83 b1 08 01 57 | 1 1825 2100 | 1371 Charging
17:16:33.517 df e0 31 00 c8 | 27 05 83 b1 08 01 57 | 1 1825 2100 | 1278 Charging
17:16:33.752 df e0 31 00 c8 | 27 05 83 b1 08 01 57 | 1 1825 2100 | 1395 Charging
17:16:33.979 df e0 31 00 c8 | 27 05 83 b1 08 01 57 | 1 1825 2100 | 1314 Charging
17:16:34.210 df e0 31 00 c8 | 27 05 83 b1 08 01 57 | 1 1825 2100 | 1063 Charging
17:16:34.451 df e0 31 00 c8 | 27 05 83 b1 08 01 57 | 1 1825 2100 | 1372 Charging
17:16:34.696 df e0 31 00 c8 | 27 05 83 b1 08 01 57 | 1 1825 2100 | 1344 Charging
17:16:34.916 df e0 31 00 c8 | 27 05 83 b1 08 01 57 | 1 1825 2100 | 1310 Charging
17:16:35.154 df e0 31 00 c8 | 27 05 83 b1 08 01 57 | 1 1825 2100 | 1388 Charging
17:16:35.393 df e0 31 00 c8 | 27 05 83 b1 08 01 57 | 1 1825 2100 | 1371 Charging
17:16:35.623 df e0 31 00 c8 | 27 05 83 b1 08 01 57 | 1 1825 2100 | 1310 Charging
17:16:35.863 df e0 31 00 c8 | 27 05 83 b1 08 01 57 | 1 1825 2100 | 1303 Charging
17:16:36.105 df e0 31 00 c8 | 27 05 83 b1 08 01 57 | 1 1825 2100 | 1294 Charging
17:16:36.339 df e0 31 00 c8 | 27 05 83 b1 08 01 57 | 1 1825 2100 | 1382 Charging
17:16:36.582 df e0 31 00 c8 | 27 05 83 b1 08 01 57 | 1 1825 2100 | 1326 Charging
17:16:36.805 df e0 31 00 c8 | 27 05 83 b1 08 01 57 | 1 1825 2100 | 1408 Charging
17:16:37.028 df e0 31 00 c8 | 27 05 83 b1 08 01 57 | 1 1825 2100 | 1362 Charging
17:16:37.262 df e0 31 00 c8 | 27 05 83 b1 08 01 57 | 1 1825 2100 | 1366 Charging
17:16:37.483 df e0 31 00 c8 | 27 05 83 b1 08 01 57 | 1 1825 2100 | 1373 Charging
17:16:37.719 df e0 31 00 c8 | 27 05 83 b1 08 01 57 | 1 1825 2100 | 1385 Charging
17:16:37.943 df e0 31 00 c8 | 27 05 83 b1 08 01 57 | 1 1825 2100 | 1277 Charging
17:16:38.182 df e0 31 00 c8 | 27 05 83 b1 08 01 57 | 1 1825 2100 | 1348 Charging
17:16:38.422 df e0 31 00 c8 | 27 05 83 b1 08 01 57 | 1 1825 2100 | 1025 Charging
17:16:38.671 df e0 31 00 c8 | 27 05 83 b1 08 01 57 | 1 1825 2100 | 1396 Charging
17:16:38.917 df e0 31 00 c8 | 27 05 83 b1 08 01 57 | 1 1825 2100 | 1284 Charging
17:16:39.163 df e0 31 00 c8 | 27 05 83 b1 08 01 57 | 1 1825 2100 | 1275 Charging
17:16:39.398 df e0 31 00 c8 | 27 05 83 b1 08 01 57 | 1 1825 2100 | 1318 Charging
17:16:39.623 df e0 31 00 c8 | 27 05 83 b1 08 01 57 | 1 1825 2100 | 1275 Charging
17:16:39.867 df e0 31 00 c8 | 27 05 83 b1 08 01 57 | 1 1825 2100 | 1432 Charging
17:16:40.107 df e0 31 00 c8 | 27 05 83 b1 08 01 57 | 1 1825 2100 | 1309 Charging
17:16:40.358 df e0 31 00 c8 | 27 05 83 b1 08 01 57 | 1 1825 2100 | 1309 Charging
17:16:40.586 df e0 31 00 c8 | 27 05 83 b1 08 01 57 | 1 1825 2100 | 1319 Charging
17:16:40.817 df e0 31 00 c8 | 27 05 83 b1 08 01 57 | 1 1825 2100 | 1354 Charging
17:16:41.048 df e0 31 00 c8 | 27 05 83 b1 08 01 57 | 1 1825 2100 | 1254 Charging
17:16:41.280 df e0 31 00 c8 | 27 05 83 b1 08 01 57 | 1 1825 2100 | 1347 Charging
17:16:41.523 df e0 31 00 c8 | 27 05 83 b1 08 01 57 | 1 1825 2100 | 1306 Charging
17:16:41.757 df e0 31 00 c8 | 27 05 83 b1 08 01 57 | 1 1825 2100 | 1435 Charging
17:16:42.006 df e0 31 00 c8 | 27 05 83 b1 08 01 57 | 1 1825 2100 | 1178 Charging
17:16:42.235 df e0 31 00 c8 | 27 05 83 b1 08 01 57 | 1 1825 2100 | 1189 Charging
17:16:42.459 df e0 31 00 c8 | 27 05 83 b1 08 01 57 | 1 1825 2100 | 939 Charging
17:16:42.692 df e0 31 00 c8 | 27 05 83 b1 08 01 57 | 1 1825 2100 | 1366 Charging
17:16:42.923 df e0 31 00 c8 | 27 05 83 b1 08 01 57 | 1 1825 2100 | 1356 Charging
17:16:43.160 df e0 31 00 c8 | 27 05 83 b1 08 01 57 | 1 1825 2100 | 1274 Charging
17:16:43.404 df e0 31 00 c8 | 27 05 83 b1 08 01 57 | 1 1825 2100 | 1370 Charging
17:16:43.633 df e0 31 00 c8 | 27 05 83 b1 08 01 57 | 1 1825 2100 | 1271 Charging
17:16:43.873 df e0 31 00 c8 | 27 05 83 b1 08 01 57 | 1 1825 2100 | 1347 Charging
17:16:44.103 df e0 31 00 c8 | 27 05 83 b1 08 01 57 | 1 1825 2100 | 1330 Charging
17:16:44.336 df e0 31 00 c8 | 27 05 83 b1 08 01 57 | 1 1825 2100 | 1373 Charging
17:16:44.579 df e0 31 00 c8 | 27 05 83 b1 08 01 57 | 1 1825 2100 | 1342 Charging
17:16:44.814 df e0 31 00 c8 | 27 05 83 b1 08 01 57 | 1 1825 2100 | 1282 Charging
17:16:45.037 df e0 31 00 c8 | 27 05 83 b1 08 01 57 | 1 1825 2100 | 1070 Charging
17:16:45.267 df e0 31 00 c8 | 27 05 83 b1 08 01 57 | 1 1825 2100 | 1282 Charging
17:16:45.491 df e0 31 00 c8 | 27 05 83 b1 08 01 57 | 1 1825 2100 | 1175 Charging
17:16:45.726 df e0 31 00 c8 | 27 05 83 b1 08 01 57 | 1 1825 2100 | 1332 Charging
17:16:45.950 df e0 31 00 c8 | 27 05 83 b1 08 01 57 | 1 1825 2100 | 1239 Charging
17:16:46.188 df e0 31 00 c8 | 27 05 83 b1 08 01 57 | 1 1825 2100 | 1332 Charging
17:16:46.410 df e0 31 00 c8 | 27 05 83 b1 08 01 57 | 1 1825 2100 | 1400 Charging
17:16:46.644 df e0 31 00 c8 | 27 05 83 b1 08 01 57 | 1 1825 2100 | 1049 Charging
17:16:46.884 df e0 31 00 c8 | 27 05 83 b1 08 01 57 | 1 1825 2100 | 1355 Charging
17:16:47.114 df e0 31 00 c8 | 27 05 83 b1 08 01 57 | 1 1825 2100 | 1387 Charging
17:16:47.348 df e0 31 00 c8 | 27 05 83 b1 08 01 57 | 1 1825 2100 | 1248 Charging
17:16:47.587 df e0 31 00 c8 | 27 05 83 b1 08 01 57 | 1 1825 2100 | 1347 Charging
17:16:47.831 df e0 31 00 c8 | 27 05 83 b1 08 01 57 | 1 1825 2100 | 1365 Charging
17:16:48.075 df e0 31 00 c8 | 27 05 83 b1 08 01 57 | 1 1825 2100 | 1267 Charging
17:16:48.311 df e0 31 00 c8 | 27 05 83 b1 08 01 57 | 1 1825 2100 | 1190 Charging
17:16:48.555 df e0 31 00 c8 | 27 05 83 b1 08 01 57 | 1 1825 2100 | 1257 Charging
17:16:48.788 df e0 31 00 c8 | 27 05 83 b1 08 01 57 | 1 1825 2100 | 1352 Charging
17:16:49.034 df e0 31 00 c8 | 27 05 83 b1 08 01 57 | 1 1825 2100 | 1326 Charging
17:16:49.267 df e0 31 00 c8 | 27 05 83 b1 08 01 57 | 1 1825 2100 | 1303 Charging
17:16:49.507 df e0 31 00 c8 | 27 05 83 b1 08 01 57 | 1 1825 2100 | 1306 Charging
17:16:49.735 df e0 31 00 c8 | 27 05 83 b1 08 01 57 | 1 1825 2100 | 1403 Charging
17:16:49.958 df e0 31 00 c8 | 27 05 83 b1 08 01 57 | 1 1825 2100 | 1375 Charging
17:16:50.199 df e0 31 00 c8 | 27 05 83 b1 08 01 57 | 1 1825 2100 | 1196 Charging
17:16:50.423 df e0 31 00 c8 | 27 05 83 b1 08 01 57 | 1 1825 2100 | 1317 Charging
17:16:50.672 df e0 31 00 c8 | 27 05 83 b1 08 01 57 | 1 1825 2100 | 1342 Charging
17:16:50.907 df e0 31 00 c8 | 27 05 83 b1 08 01 57 | 1 1825 2100 | 1376 Charging
17:16:51.153 df e0 31 00 c8 | 27 05 83 b1 08 01 57 | 1 1825 2100 | 1434 Charging
17:16:51.388 df e0 31 00 c8 | 27 05 83 b1 08 01 57 | 1 1825 2100 | 1282 Charging
17:16:51.631 df e0 31 00 c8 | 27 05 83 b1 08 01 57 | 1 1825 2100 | 1175 Charging
17:16:51.882 df e0 31 00 c8 | 27 05 83 b1 08 01 57 | 1 1825 2100 | 1255 Charging
17:16:52.112 df e0 31 00 c8 | 27 05 83 b1 08 01 57 | 1 1825 2100 | 1311 Charging
17:16:52.345 df e0 31 00 c8 | 27 05 83 b1 08 01 57 | 1 1825 2100 | 1335 Charging
17:16:52.592 df e0 31 00 c8 | 27 05 83 b1 08 01 57 | 1 1825 2100 | 1278 Charging
17:16:52.836 df e0 31 00 c8 | 27 05 83 b1 08 01 57 | 1 1825 2100 | 1242 Charging
17:16:53.071 df e0 31 00 c8 | 27 05 83 b1 08 01 57 | 1 1825 2100 | 1274 Charging
17:16:53.316 df e0 31 00 c8 | 27 05 83 b1 08 01 57 | 1 1825 2100 | 1302 Charging
17:16:53.555 df e0 31 00 c8 | 27 05 83 b1 08 01 57 | 1 1825 2100 | 1398 Charging
17:16:53.788 df e0 31 00 c8 | 27 05 83 b1 08 01 57 | 1 1825 2100 | 1378 Charging
17:16:54.013 df e0 31 00 c8 | 27 05 83 b1 08 01 57 | 1 1825 2100 | 1350 Charging
17:16:54.240 df e0 31 00 c8 | 27 05 83 b1 08 01 57 | 1 1825 2100 | 1423 Charging
17:16:54.479 df e0 31 00 c8 | 27 05 83 b1 08 01 57 | 1 1825 2100 | 1335 Charging
17:16:54.715 df e0 31 00 c8 | 27 05 83 b1 08 01 57 | 1 1825 2100 | 1317 Charging
17:16:54.942 df e0 31 00 c8 | 27 05 83 b1 08 01 57 | 1 1825 2100 | 1128 Charging
17:16:55.178 df e0 31 00 c8 | 27 05 83 b1 08 01 57 | 1 1825 2100 | 1335 Charging
17:16:55.409 df e0 31 00 c8 | 27 05 83 b1 08 01 57 | 1 1825 2100 | 1339 Charging
17:16:55.633 df e0 31 00 c8 | 27 05 83 b1 08 01 57 | 1 1825 2100 | 1341 Charging
17:16:55.879 df e0 31 00 c8 | 27 05 83 b1 08 01 57 | 1 1825 2100 | 1354 Charging
17:16:56.103 df e0 31 00 c8 | 27 05 83 b1 08 01 57 | 1 1825 2100 | 1383 Charging
17:16:56.339 df e0 31 00 c8 | 27 05 83 b1 08 01 57 | 1 1825 2100 | 1307 Charging
17:16:56.572 df e0 31 00 c8 | 27 05 83 b1 08 01 57 | 1 1825 2100 | 1333 Charging
17:16:56.821 df e0 31 00 c8 | 27 05 83 b1 08 01 57 | 1 1825 2100 | 1255 Charging
17:16:57.044 df e0 31 00 c8 | 27 05 83 b1 08 01 57 | 1 1825 2100 | 1446 Charging
17:16:57.274 df e0 31 00 c8 | 27 05 83 b1 08 01 57 | 1 1825 2100 | 1353 Charging
17:16:57.500 df e0 31 00 c8 | 27 05 83 b1 08 01 57 | 1 1825 2100 | 1325 Charging
17:16:57.732 df e0 31 00 c8 | 27 05 83 b1 08 01 57 | 1 1825 2100 | 1278 Charging
17:16:57.976 df e0 31 00 c8 | 27 05 83 b1 08 01 57 | 1 1825 2100 | 1314 Charging
17:16:58.216 df e0 31 00 c8 | 27 05 83 b1 08 01 57 | 1 1825 2100 | 1385 Charging
17:16:58.443 df e0 31 00 c8 | 27 05 83 b1 08 01 57 | 1 1825 2100 | 1303 Charging
17:16:58.693 df e0 31 00 c8 | 27 05 83 b1 08 01 57 | 1 1825 2100 | 1443 Charging
17:16:58.927 df e0 31 00 c8 | 27 05 83 b1 08 01 57 | 1 1825 2100 | 1169 Charging
17:16:59.157 df e0 31 00 c8 | 27 05 83 b1 08 01 57 | 1 1825 2100 | 1403 Charging
17:16:59.399 df e0 31 00 c8 | 27 05 83 b1 08 01 57 | 1 1825 2100 | 1398 Charging
17:16:59.637 df e0 31 00 c8 | 27 05 83 b1 08 01 57 | 1 1825 2100 | 1262 Charging
17:16:59.869 df e0 31 00 c8 | 27 05 83 b1 08 01 57 | 1 1825 2100 | 1339 Charging
17:17:00.106 df e0 31 00 c8 | 27 05 83 b1 08 01 57 | 1 1825 2100 | 1305 Charging
17:17:00.358 df e0 31 00 c8 | 27 05 83 b1 08 01 57 | 1 1825 2100 | 1367 Charging
17:17:00.597 df e0 31 00 c8 | 27 05 83 b1 08 01 57 | 1 1825 2100 | 1392 Charging
17:17:00.841 df e0 31 00 c8 | 27 05 83 b1 08 01 57 | 1 1825 2100 | 1303 Charging
17:17:01.091 df e0 31 00 c8 | 27 05 83 b1 08 01 57 | 1 1825 2100 | 1435 Charging
17:17:01.332 df e0 31 00 c8 | 27 05 83 b1 08 01 57 | 1 1825 2100 | 1362 Charging
17:17:01.563 df e0 31 00 c8 | 27 05 83 b1 08 01 57 | 1 1825 2100 | 1280 Charging
17:17:01.792 df e0 31 00 c8 | 27 05 83 b1 08 01 57 | 1 1825 2100 | 1400 Charging
17:17:02.024 df e0 31 00 c8 | 27 05 83 b1 08 01 57 | 1 1825 2100 | 1289 Charging
17:17:02.258 df e0 31 00 c8 | 27 05 83 b1 08 01 57 | 1 1825 2100 | 1357 Charging
17:17:02.491 df e0 31 00 c8 | 27 05 83 b1 08 01 57 | 1 1825 2100 | 1378 Charging
17:17:02.717 df e0 31 00 c8 | 27 05 83 b1 08 01 57 | 1 1825 2100 | 1419 Charging
17:17:02.940 df e0 31 00 c8 | 27 05 83 b1 08 01 57 | 1 1825 2100 | 1359 Charging
17:17:03.176 df e0 31 00 c8 | 27 05 83 b1 08 01 57 | 1 1825 2100 | 1314 Charging
17:17:03.410 df e0 31 00 c8 | 27 05 83 b1 08 01 57 | 1 1825 2100 | 1280 Charging
17:17:03.646 df e0 31 00 c8 | 27 05 83 b1 08 01 57 | 1 1825 2100 | 1311 Charging
17:17:03.879 df e0 31 00 c8 | 27 05 83 b1 08 01 57 | 1 1825 2100 | 1324 Charging
17:17:04.104 df e0 31 00 c8 | 27 05 83 b1 08 01 57 | 1 1825 2100 | 1371 Charging
17:17:04.359 df e0 31 00 c8 | 27 05 83 b1 08 01 57 | 1 1825 2100 | 1289 Charging
17:17:04.583 df e0 31 00 c8 | 27 05 83 b1 08 01 57 | 1 1825 2100 | 1285 Charging
17:17:04.825 df e0 31 00 c8 | 27 05 83 b1 08 01 57 | 1 1825 2100 | 1346 Charging
17:17:05.071 df e0 31 00 c8 | 27 05 83 b1 08 01 57 | 1 1825 2100 | 1283 Charging
17:17:05.305 df e0 31 00 c8 | 27 05 83 b1 08 01 57 | 1 1825 2100 | 1378 Charging
17:17:05.552 df e0 31 00 c8 | 27 05 83 b1 08 01 57 | 1 1825 2100 | 1341 Charging
17:17:05.796 df e0 31 00 c8 | 27 05 83 b1 08 01 57 | 1 1825 2100 | 1389 Charging
17:17:06.024 df e0 31 00 c8 | 27 05 83 b1 08 01 57 | 1 1825 2100 | 1309 Charging
17:17:06.265 df e0 31 00 c8 | 27 05 83 b1 08 01 57 | 1 1825 2100 | 1378 Charging
17:17:06.498 df e0 31 00 c8 | 27 05 83 b1 08 01 57 | 1 1825 2100 | 1257 Charging
17:17:06.721 df e0 31 00 c8 | 27 05 83 b1 08 01 57 | 1 1825 2100 | 1322 Charging
17:17:06.967 df e0 31 00 c8 | 27 05 83 b1 08 01 57 | 1 1825 2100 | 1342 Charging
17:17:07.223 9f 80 78 00 c8 | 07 05 00 00 00 00 07 | 0 1825 2100 | -904 Discharging
17:17:07.439 9f 80 78 00 c8 | 07 05 00 00 00 00 07 | 0 1825 2100 | -914 Discharging
17:17:07.667 9f 80 78 00 c8 | 07 05 00 00 00 00 47 | 0 1825 2100 | -839 Discharging
17:17:07.890 9f 80 78 00 c8 | 07 05 00 00 00 00 47 | 0 1825 2100 | -1008 Discharging
17:17:08.114 9f 80 78 00 c8 | 07 05 00 00 00 00 47 | 0 1825 2100 | -808 Discharging
17:17:08.343 9f 80 78 00 c8 | 07 05 00 00 00 00 47 | 0 1825 2100 | -869 Discharging
17:17:08.590 9f 80 78 00 c8 | 07 05 00 00 00 00 47 | 0 1825 2100 | -892 Discharging
17:17:08.817 9f 80 78 00 c8 | 07 05 00 00 00 00 47 | 0 1825 2100 | -847 Discharging
17:17:09.042 9f 80 78 00 c8 | 07 05 00 00 00 00 47 | 0 1825 2100 | -814 Discharging
17:17:09.267 9f 80 78 00 c8 | 07 05 00 00 00 00 47 | 0 1825 2100 | -791 Discharging
17:17:09.485 9f 80 78 00 c8 | 07 05 00 00 00 00 47 | 0 1825 2100 | -925 Discharging
17:17:09.703 9f 80 78 00 c8 | 07 05 00 00 00 00 47 | 0 1825 2100 | -888 Discharging
17:17:09.923 9f 80 78 00 c8 | 07 05 00 00 00 00 47 | 0 1825 2100 | -846 Discharging
17:17:10.141 9f 80 78 00 c8 | 07 05 00 00 00 00 47 | 0 1825 2100 | -860 Discharging
17:17:10.377 9f 80 78 00 c8 | 07 05 00 00 00 00 47 | 0 1825 2100 | -865 Discharging
17:17:10.597 9f 80 78 00 c8 | 07 05 00 00 00 00 47 | 0 1825 2100 | -849 Discharging
17:17:10.830 9f 80 78 00 c8 | 07 05 00 00 00 00 47 | 0 1825 2100 | -766 Discharging
17:17:11.054 9f 80 78 00 c8 | 07 05 00 00 00 00 47 | 0 1825 2100 | -913 Discharging
17:17:11.286 9f 80 78 00 c8 | 07 05 00 00 00 00 47 | 0 1825 2100 | -806 Discharging
17:17:11.515 9f 80 78 00 c8 | 07 05 00 00 00 00 47 | 0 1825 2100 | -916 Discharging
17:17:11.755 9f 80 78 00 c8 | 07 05 00 00 00 00 47 | 0 1825 2100 | -823 Discharging
17:17:11.986 9f 80 78 00 c8 | 07 05 00 00 00 00 47 | 0 1825 2100 | -941 Discharging
17:17:12.231 9f 80 78 00 c8 | 07 05 00 00 00 00 47 | 0 1825 2100 | -1014 Discharging
17:17:12.472 9f 80 78 00 c8 | 07 05 00 00 00 00 47 | 0 1825 2100 | -854 Discharging
17:17:12.703 9f 80 78 00 c8 | 07 05 00 00 00 00 47 | 0 1825 2100 | -809 Discharging
17:17:12.924 9f 80 78 00 c8 | 07 05 00 00 00 00 47 | 0 1825 2100 | -977 Discharging
17:17:13.147 9f 80 78 00 c8 | 07 05 00 00 00 00 47 | 0 1825 2100 | -885 Discharging
17:17:13.380 9f 80 78 00 c8 | 07 05 00 00 00 00 47 | 0 1825 2100 | -727 Discharging
17:17:13.604 9f 80 78 00 c8 | 07 05 00 00 00 00 47 | 0 1825 2100 | -939 Discharging
17:17:13.834 9f 80 78 00 c8 | 07 05 00 00 00 00 47 | 0 1825 2100 | -869 Discharging
17:17:14.071 9f 80 78 00 c8 | 07 05 00 00 00 00 47 | 0 1825 2100 | -809 Discharging
17:17:14.305 9f 80 78 00 c8 | 07 05 00 00 00 00 47 | 0 1825 2100 | -813 Discharging
17:17:14.552 9f 80 78 00 c8 | 07 05 00 00 00 00 47 | 0 1825 2100 | -872 Discharging
17:17:14.785 9f 80 78 00 c8 | 07 05 00 00 00 00 47 | 0 1825 2100 | -807 Discharging
17:17:15.018 9f 80 78 00 c8 | 07 05 00 00 00 00 47 | 0 1825 2100 | -782 Discharging
17:17:15.316 df e0 38 00 c8 | 07 05 81 a1 08 43 57 | 1 1825 2100 | -768 Discharging
17:17:15.541 df e0 31 00 c8 | 27 05 81 a1 08 43 57 | 1 1825 2100 | 1186 Charging
17:17:15.764 df e0 31 00 c8 | 27 05 81 b1 08 43 57 | 1 1825 2100 | 1210 Charging
17:17:16.006 df e0 31 00 c8 | 27 05 81 b1 08 43 57 | 1 1825 2100 | 1219 Charging
17:17:16.238 df e0 31 00 c8 | 27 05 81 b1 08 43 57 | 1 1825 2100 | 1269 Charging
17:17:16.477 df e0 31 00 c8 | 27 05 81 b1 08 43 57 | 1 1825 2100 | 1181 Charging
17:17:16.704 df e0 31 00 c8 | 27 05 81 b1 08 43 57 | 1 1825 2100 | 1142 Charging
17:17:16.930 df e0 31 00 c8 | 27 05 81 b1 08 43 57 | 1 1825 2100 | 1288 Charging
17:17:17.160 df e0 31 00 c8 | 27 05 81 b1 08 43 57 | 1 1825 2100 | 1232 Charging
17:17:17.384 df e0 31 00 c8 | 27 05 81 b1 08 43 57 | 1 1825 2100 | 1114 Charging
17:17:17.607 df e0 31 00 c8 | 27 05 81 b1 08 43 57 | 1 1825 2100 | 1229 Charging
17:17:17.842 df e0 31 00 c8 | 27 05 81 b1 08 43 57 | 1 1825 2100 | 1254 Charging
17:17:18.078 df e0 31 00 c8 | 27 05 81 b1 08 43 57 | 1 1825 2100 | 1235 Charging
17:17:18.303 df e0 31 00 c8 | 27 05 81 b1 08 43 57 | 1 1825 2100 | 1232 Charging
17:17:18.536 df e0 31 00 c8 | 27 05 81 b1 08 43 57 | 1 1825 2100 | 1032 Charging
17:17:18.767 df e0 31 00 c8 | 27 05 81 b1 08 43 57 | 1 1825 2100 | 1204 Charging
17:17:18.986 df e0 31 00 c8 | 27 05 81 b1 08 43 57 | 1 1825 2100 | 1189 Charging
17:17:19.222 df e0 31 00 c8 | 27 05 81 b1 08 43 57 | 1 1825 2100 | 1301 Charging
17:17:19.451 df e0 31 00 c8 | 27 05 81 b1 08 43 57 | 1 1825 2100 | 1305 Charging
17:17:19.676 df e0 31 00 c8 | 27 05 81 b1 08 43 57 | 1 1825 2100 | 1151 Charging
17:17:19.913 df e0 31 00 c8 | 27 05 81 b1 08 43 57 | 1 1825 2100 | 1294 Charging
17:17:20.143 df e0 31 00 c8 | 27 05 81 b1 08 43 57 | 1 1825 2100 | 1231 Charging
17:17:20.378 df e0 31 00 c8 | 27 05 81 b1 08 43 57 | 1 1825 2100 | 1238 Charging
17:17:20.631 df e0 31 00 c8 | 27 05 81 b1 08 43 57 | 1 1825 2100 | 1286 Charging
17:17:20.874 df e0 31 00 c8 | 27 05 81 b1 08 43 57 | 1 1825 2100 | 1135 Charging
17:17:21.118 df e0 31 00 c8 | 27 05 81 b1 08 43 57 | 1 1825 2100 | 1246 Charging
17:17:21.360 df e0 31 00 c8 | 27 05 81 b1 08 43 57 | 1 1825 2100 | 1210 Charging
17:17:21.600 df e0 31 00 c8 | 27 05 81 b1 08 43 57 | 1 1825 2100 | 1219 Charging
17:17:21.845 df e0 31 00 c8 | 27 05 81 b1 08 43 57 | 1 1825 2100 | 1253 Charging
17:17:22.088 df e0 31 00 c8 | 27 05 81 b1 08 43 57 | 1 1825 2100 | 1173 Charging
17:17:22.324 df e0 31 00 c8 | 27 05 81 b1 08 43 57 | 1 1825 2100 | 1075 Charging
17:17:22.568 df e0 31 00 c8 | 27 05 81 b1 08 43 57 | 1 1825 2100 | 1204 Charging
17:17:22.803 df e0 31 00 c8 | 27 05 81 b1 08 43 57 | 1 1825 2100 | 1267 Charging
17:17:23.032 df e0 31 00 c8 | 27 05 81 b1 08 43 57 | 1 1825 2100 | 1296 Charging
17:17:23.265 df e0 31 00 c8 | 27 05 81 b1 08 43 57 | 1 1825 2100 | 1271 Charging
17:17:23.501 df e0 31 00 c8 | 27 05 81 b1 08 43 57 | 1 1825 2100 | 1171 Charging
17:17:23.753 df e0 31 00 c8 | 27 05 81 b1 08 43 57 | 1 1825 2100 | 1333 Charging
17:17:23.979 df e0 31 00 c8 | 27 05 81 b1 08 43 57 | 1 1825 2100 | 1248 Charging
17:17:24.219 df e0 31 00 c8 | 27 05 81 b1 08 43 57 | 1 1825 2100 | 1273 Charging
17:17:24.444 df e0 31 00 c8 | 27 05 81 b1 08 43 57 | 1 1825 2100 | 1372 Charging
17:17:24.682 df e0 31 00 c8 | 27 05 81 b1 08 43 57 | 1 1825 2100 | 1281 Charging
17:17:24.917 df e0 31 00 c8 | 27 05 81 b1 08 43 57 | 1 1825 2100 | 1037 Charging
17:17:25.153 df e0 31 00 c8 | 27 05 81 b1 08 43 57 | 1 1825 2100 | 1335 Charging
17:17:25.385 df e0 31 00 c8 | 27 05 81 b1 08 43 57 | 1 1825 2100 | 1303 Charging
17:17:25.612 df e0 31 00 c8 | 27 05 81 b1 08 43 57 | 1 1825 2100 | 1082 Charging
17:17:25.852 df e0 31 00 c8 | 27 05 81 b1 08 43 57 | 1 1825 2100 | 1325 Charging
17:17:26.089 df e0 31 00 c8 | 27 05 81 b1 08 43 57 | 1 1825 2100 | 1295 Charging
17:17:26.321 df e0 31 00 c8 | 27 05 81 b1 08 43 57 | 1 1825 2100 | 1209 Charging
17:17:26.547 df e0 31 00 c8 | 27 05 81 b1 08 43 57 | 1 1825 2100 | 1350 Charging
17:17:26.792 df e0 31 00 c8 | 27 05 81 b1 08 43 57 | 1 1825 2100 | 1274 Charging
17:17:27.027 df e0 31 00 c8 | 27 05 81 b1 08 43 57 | 1 1825 2100 | 1217 Charging
17:17:27.267 df e0 31 00 c8 | 27 05 81 b1 08 43 57 | 1 1825 2100 | 1325 Charging
17:17:27.496 df e0 31 00 c8 | 27 05 81 b1 08 43 57 | 1 1825 2100 | 1299 Charging
17:17:27.739 df e0 31 00 c8 | 27 05 81 b1 08 43 57 | 1 1825 2100 | 1239 Charging
17:17:27.964 df e0 31 00 c8 | 27 05 81 b1 08 43 57 | 1 1825 2100 | 1210 Charging
17:17:28.202 df e0 31 00 c8 | 27 05 81 b1 08 43 57 | 1 1825 2100 | 1296 Charging
17:17:28.433 df e0 31 00 c8 | 27 05 81 b1 08 43 57 | 1 1825 2100 | 1014 Charging
17:17:28.663 df e0 31 00 c8 | 27 05 81 b1 08 43 57 | 1 1825 2100 | 1296 Charging
17:17:28.891 df e0 31 00 c8 | 27 05 81 b1 08 43 57 | 1 1825 2100 | 1395 Charging
17:17:29.128 df e0 31 00 c8 | 27 05 81 b1 08 43 57 | 1 1825 2100 | 1174 Charging
17:17:29.368 df e0 31 00 c8 | 27 05 81 b1 08 43 57 | 1 1825 2100 | 1295 Charging
17:17:29.601 df e0 31 00 c8 | 27 05 81 b1 08 43 57 | 1 1825 2100 | 1230 Charging
17:17:29.834 df e0 31 00 c8 | 27 05 81 b1 08 43 57 | 1 1825 2100 | 1178 Charging
17:17:30.072 df e0 31 00 c8 | 27 05 81 b1 08 43 57 | 1 1825 2100 | 1355 Charging
17:17:30.322 df e0 31 00 c8 | 27 05 81 b1 08 43 57 | 1 1825 2100 | 1313 Charging
17:17:30.567 df e0 31 00 c8 | 27 05 81 b1 08 43 57 | 1 1825 2100 | 1249 Charging
17:17:30.800 df e0 31 00 c8 | 27 05 81 b1 08 43 57 | 1 1825 2100 | 1337 Charging
17:17:31.027 df e0 31 00 c8 | 27 05 81 b1 08 43 57 | 1 1825 2100 | 1311 Charging
17:17:31.251 df e0 31 00 c8 | 27 05 81 b1 08 43 57 | 1 1825 2100 | 1252 Charging
17:17:31.475 df e0 31 00 c8 | 27 05 81 b1 08 43 57 | 1 1825 2100 | 985 Charging
17:17:31.704 df e0 31 00 c8 | 27 05 81 b1 08 43 57 | 1 1825 2100 | 1297 Charging
17:17:31.930 df e0 31 00 c8 | 27 05 81 b1 08 43 57 | 1 1825 2100 | 991 Charging
17:17:32.161 df e0 31 00 c8 | 27 05 81 b1 08 43 57 | 1 1825 2100 | 1263 Charging
17:17:32.392 df e0 31 00 c8 | 27 05 81 b1 08 43 57 | 1 1825 2100 | 1260 Charging
17:17:32.627 df e0 31 00 c8 | 27 05 81 b1 08 43 57 | 1 1825 2100 | 1158 Charging
17:17:32.909 df e0 31 00 c8 | 27 05 81 b1 08 43 57 | 1 1825 2100 | 1212 Charging
17:17:33.153 df e0 31 00 c8 | 27 05 81 b1 08 43 57 | 1 1825 2100 | 920 Charging
17:17:33.380 df e0 31 00 c8 | 27 05 81 b1 08 43 57 | 1 1825 2100 | 1339 Charging
17:17:33.608 df e0 31 00 c8 | 27 05 81 b1 08 43 57 | 1 1825 2100 | 1301 Charging
17:17:33.835 df e0 31 00 c8 | 27 05 81 b1 08 43 57 | 1 1825 2100 | 1303 Charging
17:17:34.057 df e0 31 00 c8 | 27 05 81 b1 08 43 57 | 1 1825 2100 | 1130 Charging
17:17:34.291 df e0 31 00 c8 | 27 05 81 b1 08 43 57 | 1 1825 2100 | 1314 Charging
17:17:34.513 df e0 31 00 c8 | 27 05 81 b1 08 43 57 | 1 1825 2100 | 1292 Charging
17:17:34.755 df e0 31 00 c8 | 27 05 81 b1 08 43 57 | 1 1825 2100 | 1257 Charging
17:17:34.981 df e0 31 00 c8 | 27 05 81 b1 08 43 57 | 1 1825 2100 | 912 Charging
17:17:35.221 df e0 31 00 c8 | 27 05 81 b1 08 43 57 | 1 1825 2100 | 1321 Charging
17:17:35.471 df e0 31 00 c8 | 27 05 81 b1 08 43 57 | 1 1825 2100 | 1183 Charging
17:17:35.714 df e0 31 00 c8 | 27 05 81 b1 08 43 57 | 1 1825 2100 | 1316 Charging
17:17:35.943 df e0 31 00 c8 | 27 05 81 b1 08 43 57 | 1 1825 2100 | 1285 Charging
17:17:36.187 df e0 31 00 c8 | 27 05 81 b1 08 43 57 | 1 1825 2100 | 1254 Charging
17:17:36.426 df e0 31 00 c8 | 27 05 81 b1 08 43 57 | 1 1825 2100 | 1262 Charging
17:17:36.660 df e0 31 00 c8 | 27 05 81 b1 08 43 57 | 1 1825 2100 | 1248 Charging
17:17:36.886 df e0 31 00 c8 | 27 05 81 b1 08 43 57 | 1 1825 2100 | 1307 Charging
17:17:37.131 df e0 31 00 c8 | 27 05 81 b1 08 43 57 | 1 1825 2100 | 1284 Charging
17:17:37.363 df e0 31 00 c8 | 27 05 81 b1 08 43 57 | 1 1825 2100 | 1239 Charging
17:17:37.585 df e0 31 00 c8 | 27 05 81 b1 08 43 57 | 1 1825 2100 | 1303 Charging
17:17:37.816 df e0 31 00 c8 | 27 05 81 b1 08 43 57 | 1 1825 2100 | 1332 Charging
17:17:38.054 df e0 31 00 c8 | 27 05 81 b1 08 43 57 | 1 1825 2100 | 735 Charging
17:17:38.295 df e0 31 00 c8 | 27 05 81 b1 08 43 57 | 1 1825 2100 | 1272 Charging
17:17:38.517 df e0 31 00 c8 | 27 05 81 b1 08 43 57 | 1 1825 2100 | 955 Charging
17:17:38.750 df e0 31 00 c8 | 27 05 81 b1 08 43 57 | 1 1825 2100 | 1257 Charging
17:17:38.975 df e0 31 00 c8 | 27 05 81 b1 08 43 57 | 1 1825 2100 | 1213 Charging
17:17:39.206 df e0 31 00 c8 | 27 05 81 b1 08 43 57 | 1 1825 2100 | 1269 Charging
17:17:39.429 df e0 31 00 c8 | 27 05 81 b1 08 43 57 | 1 1825 2100 | 1189 Charging
17:17:39.664 df e0 31 00 c8 | 27 05 81 b1 08 43 57 | 1 1825 2100 | 1266 Charging
17:17:39.897 df e0 31 00 c8 | 27 05 81 b1 08 43 57 | 1 1825 2100 | 1267 Charging
17:17:40.133 df e0 31 00 c8 | 27 05 81 b1 08 43 57 | 1 1825 2100 | 1314 Charging
17:17:40.375 df e0 31 00 c8 | 27 05 81 b1 08 43 57 | 1 1825 2100 | 1285 Charging
17:17:40.610 df e0 31 00 c8 | 27 05 81 b1 08 43 57 | 1 1825 2100 | 1285 Charging
17:17:40.857 df e0 31 00 c8 | 27 05 81 b1 08 43 57 | 1 1825 2100 | 1326 Charging
17:17:41.096 df e0 31 00 c8 | 27 05 81 b1 08 43 57 | 1 1825 2100 | 1149 Charging
17:17:41.341 df e0 31 00 c8 | 27 05 81 b1 08 43 57 | 1 1825 2100 | 1296 Charging
17:17:41.585 df e0 31 00 c8 | 27 05 81 b1 08 43 57 | 1 1825 2100 | 1163 Charging
17:17:41.823 df e0 31 00 c8 | 27 05 81 b1 08 43 57 | 1 1825 2100 | 1343 Charging
17:17:42.058 df e0 31 00 c8 | 27 05 81 b1 08 43 57 | 1 1825 2100 | 1204 Charging
17:17:42.295 df e0 31 00 c8 | 27 05 81 b1 08 43 57 | 1 1825 2100 | 1257 Charging
17:17:42.535 df e0 31 00 c8 | 27 05 81 b1 08 43 57 | 1 1825 2100 | 1285 Charging
17:17:42.778 df e0 31 00 c8 | 27 05 81 b1 08 43 57 | 1 1825 2100 | 1290 Charging
17:17:43.011 df e0 31 00 c8 | 27 05 81 b1 08 43 57 | 1 1825 2100 | 1141 Charging
17:17:43.258 df e0 31 00 c8 | 27 05 81 b1 08 43 57 | 1 1825 2100 | 1321 Charging
17:17:43.489 df e0 31 00 c8 | 27 05 81 b1 08 43 57 | 1 1825 2100 | 1242 Charging
17:17:43.726 df e0 31 00 c8 | 27 05 81 b1 08 43 57 | 1 1825 2100 | 1175 Charging
17:17:43.952 df e0 31 00 c8 | 27 05 81 b1 08 43 57 | 1 1825 2100 | 1355 Charging
17:17:44.184 df e0 31 00 c8 | 27 05 81 b1 08 43 57 | 1 1825 2100 | 1235 Charging
17:17:44.416 df e0 31 00 c8 | 27 05 81 b1 08 43 57 | 1 1825 2100 | 1189 Charging
17:17:44.650 df e0 31 00 c8 | 27 05 81 b1 08 43 57 | 1 1825 2100 | 1300 Charging
17:17:44.884 df e0 31 00 c8 | 27 05 81 b1 08 43 57 | 1 1825 2100 | 1302 Charging
17:17:45.131 df e0 31 00 c8 | 27 05 81 b1 08 43 57 | 1 1825 2100 | 1217 Charging
17:17:45.423 df e0 31 00 c8 | 27 05 81 b1 08 43 57 | 1 1825 2100 | 1365 Charging
17:17:45.661 df e0 31 00 c8 | 27 05 81 b1 08 43 57 | 1 1825 2100 | 1314 Charging
17:17:45.894 df e0 31 00 c8 | 27 05 81 b1 08 43 57 | 1 1825 2100 | 1338 Charging
17:17:46.140 df e0 31 00 c8 | 27 05 81 b1 08 43 57 | 1 1825 2100 | 1182 Charging
17:17:46.377 df e0 31 00 c8 | 27 05 81 b1 08 43 57 | 1 1825 2100 | 1162 Charging
17:17:46.614 df e0 31 00 c8 | 27 05 81 b1 08 43 57 | 1 1825 2100 | 1213 Charging
17:17:46.862 df e0 31 00 c8 | 27 05 81 b1 08 43 57 | 1 1825 2100 | 1284 Charging
17:17:47.111 df e0 31 00 c8 | 27 05 81 b1 08 43 57 | 1 1825 2100 | 1258 Charging
17:17:47.343 df e0 31 00 c8 | 27 05 81 b1 08 43 57 | 1 1825 2100 | 1245 Charging
17:17:47.591 df e0 31 00 c8 | 27 05 81 b1 08 43 57 | 1 1825 2100 | 1291 Charging
17:17:47.821 df e0 31 00 c8 | 27 05 81 b1 08 43 57 | 1 1825 2100 | 1354 Charging
17:17:48.067 df e0 31 00 c8 | 27 05 81 b1 08 43 57 | 1 1825 2100 | 1175 Charging
17:17:48.307 df e0 31 00 c8 | 27 05 81 b1 08 43 57 | 1 1825 2100 | 1324 Charging
17:17:48.535 df e0 31 00 c8 | 27 05 81 b1 08 43 57 | 1 1825 2100 | 1245 Charging
17:17:48.774 df e0 31 00 c8 | 27 05 81 b1 08 43 57 | 1 1825 2100 | 1252 Charging
17:17:49.001 df e0 31 00 c8 | 27 05 81 b1 08 43 57 | 1 1825 2100 | 1340 Charging
17:17:49.239 df e0 31 00 c8 | 27 05 81 b1 08 43 57 | 1 1825 2100 | 1290 Charging
17:17:49.481 df e0 31 00 c8 | 27 05 81 b1 08 43 57 | 1 1825 2100 | 1194 Charging
17:17:49.709 df e0 31 00 c8 | 27 05 81 b1 08 43 57 | 1 1825 2100 | 1225 Charging
17:17:49.937 df e0 31 00 c8 | 27 05 81 b1 08 43 57 | 1 1825 2100 | 1290 Charging
17:17:50.162 df e0 31 00 c8 | 27 05 81 b1 08 43 57 | 1 1825 2100 | 1303 Charging
17:17:50.399 df e0 31 00 c8 | 27 05 81 b1 08 43 57 | 1 1825 2100 | 1247 Charging
17:17:50.644 df e0 31 00 c8 | 27 05 81 b1 08 43 57 | 1 1825 2100 | 1258 Charging
17:17:50.886 df e0 31 00 c8 | 27 05 81 b1 08 43 57 | 1 1825 2100 | 1203 Charging
17:17:51.124 df e0 31 00 c8 | 27 05 81 b1 08 43 57 | 1 1825 2100 | 1320 Charging
17:17:51.375 df e0 31 00 c8 | 27 05 81 b1 08 43 57 | 1 1825 2100 | 1214 Charging
17:17:51.622 df e0 31 00 c8 | 27 05 81 b1 08 43 57 | 1 1825 2100 | 1220 Charging
17:17:51.865 df e0 31 00 c8 | 27 05 81 b1 08 43 57 | 1 1825 2100 | 1323 Charging
17:17:52.113 df e0 31 00 c8 | 27 05 81 b1 08 43 57 | 1 1825 2100 | 1160 Charging
17:17:52.344 df e0 31 00 c8 | 27 05 81 b1 08 43 57 | 1 1825 2100 | 1367 Charging
17:17:52.590 df e0 31 00 c8 | 27 05 81 b1 08 43 57 | 1 1825 2100 | 1287 Charging
17:17:52.818 df e0 31 00 c8 | 27 05 81 b1 08 43 57 | 1 1825 2100 | 1175 Charging
17:17:53.050 df e0 31 00 c8 | 27 05 81 b1 08 43 57 | 1 1825 2100 | 1257 Charging
17:17:53.291 df e0 31 00 c8 | 27 05 81 b1 08 43 57 | 1 1825 2100 | 1317 Charging
17:17:53.527 df e0 31 00 c8 | 27 05 81 b1 08 43 57 | 1 1825 2100 | 1247 Charging
17:17:53.762 df e0 31 00 c8 | 27 05 81 b1 08 43 57 | 1 1825 2100 | 1282 Charging
17:17:53.990 df e0 31 00 c8 | 27 05 81 b1 08 43 57 | 1 1825 2100 | 1316 Charging
17:17:54.239 df e0 31 00 c8 | 27 05 81 b1 08 43 57 | 1 1825 2100 | 1275 Charging
17:17:54.483 df e0 31 00 c8 | 27 05 81 b1 08 43 57 | 1 1825 2100 | 1076 Charging
17:17:54.713 df e0 31 00 c8 | 27 05 81 b1 08 43 57 | 1 1825 2100 | 1295 Charging
17:17:54.948 df e0 31 00 c8 | 27 05 81 b1 08 43 57 | 1 1825 2100 | 1183 Charging
17:17:55.193 df e0 31 00 c8 | 27 05 81 b1 08 43 57 | 1 1825 2100 | 1379 Charging
17:17:55.419 df e0 31 00 c8 | 27 05 81 b1 08 43 57 | 1 1825 2100 | 1285 Charging
17:17:55.657 df e0 31 00 c8 | 27 05 81 b1 08 43 57 | 1 1825 2100 | 1209 Charging
17:17:55.894 df e0 31 00 c8 | 27 05 81 b1 08 43 57 | 1 1825 2100 | 1350 Charging
17:17:56.119 df e0 31 00 c8 | 27 05 81 b1 08 43 57 | 1 1825 2100 | 1242 Charging
17:17:56.350 df e0 31 00 c8 | 27 05 81 b1 08 43 57 | 1 1825 2100 | 1262 Charging
17:17:56.587 df e0 31 00 c8 | 27 05 81 b1 08 43 57 | 1 1825 2100 | 1387 Charging
17:17:56.826 df e0 31 00 c8 | 27 05 81 b1 08 43 57 | 1 1825 2100 | 1315 Charging
17:17:57.074 df e0 31 00 c8 | 27 05 81 b1 08 43 57 | 1 1825 2100 | 1204 Charging
17:17:57.305 df e0 31 00 c8 | 27 05 81 b1 08 43 57 | 1 1825 2100 | 1371 Charging
17:17:57.541 df e0 31 00 c8 | 27 05 81 b1 08 43 57 | 1 1825 2100 | 1310 Charging
17:17:57.785 df e0 31 00 c8 | 27 05 81 b1 08 43 57 | 1 1825 2100 | 1295 Charging
17:17:58.017 df e0 31 00 c8 | 27 05 81 b1 08 43 57 | 1 1825 2100 | 1267 Charging
17:17:58.268 df e0 31 00 c8 | 27 05 81 b1 08 43 57 | 1 1825 2100 | 1249 Charging
17:17:58.493 df e0 31 00 c8 | 27 05 81 b1 08 43 57 | 1 1825 2100 | 1026 Charging
17:17:58.742 df e0 31 00 c8 | 27 05 81 b1 08 43 57 | 1 1825 2100 | 1306 Charging
17:17:58.966 df e0 31 00 c8 | 27 05 81 b1 08 43 57 | 1 1825 2100 | 1200 Charging
17:17:59.196 df e0 31 00 c8 | 27 05 81 b1 08 43 57 | 1 1825 2100 | 1332 Charging
17:17:59.421 df e0 31 00 c8 | 27 05 81 b1 08 43 57 | 1 1825 2100 | 1348 Charging
17:17:59.651 df e0 31 00 c8 | 27 05 81 b1 08 43 57 | 1 1825 2100 | 1175 Charging
17:17:59.899 df e0 31 00 c8 | 27 05 81 b1 08 43 57 | 1 1825 2100 | 1200 Charging
17:18:00.140 df e0 31 00 c8 | 27 05 81 b1 08 43 57 | 1 1825 2100 | 1351 Charging
17:18:00.369 df e0 31 00 c8 | 27 05 81 b1 08 43 57 | 1 1825 2100 | 1266 Charging
17:18:00.600 df e0 31 00 c8 | 27 05 81 b1 08 43 57 | 1 1825 2100 | 1268 Charging
17:18:00.843 df e0 31 00 c8 | 27 05 81 b1 08 43 57 | 1 1825 2100 | 1306 Charging
17:18:01.076 df e0 31 00 c8 | 27 05 81 b1 08 43 57 | 1 1825 2100 | 1314 Charging
17:18:01.294 df e0 31 00 c8 | 27 05 81 b1 08 43 57 | 1 1825 2100 | 1320 Charging
17:18:01.533 df e0 31 00 c8 | 27 05 81 b1 08 43 57 | 1 1825 2100 | 1261 Charging
17:18:01.786 df e0 31 00 c8 | 27 05 81 b1 08 43 57 | 1 1825 2100 | 1291 Charging
17:18:02.036 df e0 31 00 c8 | 27 05 81 b1 08 43 57 | 1 1825 2100 | 1254 Charging
17:18:02.270 df e0 31 00 c8 | 27 05 81 b1 08 43 57 | 1 1825 2100 | 1310 Charging
17:18:02.503 df e0 31 00 c8 | 27 05 81 b1 08 43 57 | 1 1825 2100 | 1231 Charging
17:18:02.740 df e0 31 00 c8 | 27 05 81 b1 08 43 57 | 1 1825 2100 | 1325 Charging
17:18:02.981 df e0 31 00 c8 | 27 05 81 b1 08 43 57 | 1 1825 2100 | 1279 Charging
17:18:03.216 df e0 31 00 c8 | 27 05 81 b1 08 43 57 | 1 1825 2100 | 1279 Charging
17:18:03.435 df e0 31 00 c8 | 27 05 81 b1 08 43 57 | 1 1825 2100 | 1291 Charging
17:18:03.660 df e0 31 00 c8 | 27 05 81 b1 08 43 57 | 1 1825 2100 | 1291 Charging
17:18:03.900 df e0 31 00 c8 | 27 05 81 b1 08 43 57 | 1 1825 2100 | 1228 Charging
17:18:04.137 df e0 31 00 c8 | 27 05 81 b1 08 43 57 | 1 1825 2100 | 1304 Charging
17:18:04.376 df e0 31 00 c8 | 27 05 81 b1 08 43 57 | 1 1825 2100 | 1303 Charging
17:18:04.605 df e0 31 00 c8 | 27 05 81 b1 08 43 57 | 1 1825 2100 | 1273 Charging
17:18:04.851 df e0 31 00 c8 | 27 05 81 b1 08 43 57 | 1 1825 2100 | 1235 Charging
17:18:05.074 df e0 31 00 c8 | 27 05 81 b1 08 43 57 | 1 1825 2100 | 995 Charging
17:18:05.311 df e0 31 00 c8 | 27 05 81 b1 08 43 57 | 1 1825 2100 | 1246 Charging
17:18:05.541 df e0 31 00 c8 | 27 05 81 b1 08 43 57 | 1 1825 2100 | 1312 Charging
17:18:05.774 df e0 31 00 c8 | 27 05 81 b1 08 43 57 | 1 1825 2100 | 1368 Charging
17:18:05.994 df e0 31 00 c8 | 27 05 81 b1 08 43 57 | 1 1825 2100 | 1255 Charging
17:18:06.224 df e0 31 00 c8 | 27 05 81 b1 08 43 57 | 1 1825 2100 | 1234 Charging
17:18:06.455 df e0 31 00 c8 | 27 05 81 b1 08 43 57 | 1 1825 2100 | 1285 Charging
17:18:06.688 df e0 31 00 c8 | 27 05 81 b1 08 43 57 | 1 1825 2100 | 1263 Charging
17:18:06.913 df e0 31 00 c8 | 27 05 81 b1 08 43 57 | 1 1825 2100 | 1389 Charging
17:18:07.148 df e0 31 00 c8 | 27 05 81 b1 08 43 57 | 1 1825 2100 | 1301 Charging
17:18:07.378 df e0 31 00 c8 | 27 05 81 b1 08 43 57 | 1 1825 2100 | 1054 Charging
17:18:07.617 df e0 31 00 c8 | 27 05 81 b1 08 43 57 | 1 1825 2100 | 1308 Charging
17:18:07.850 df e0 31 00 c8 | 27 05 81 b1 08 43 57 | 1 1825 2100 | 1334 Charging
17:18:08.079 df e0 31 00 c8 | 27 05 81 b1 08 43 57 | 1 1825 2100 | 1140 Charging
17:18:08.310 df e0 31 00 c8 | 27 05 81 b1 08 43 57 | 1 1825 2100 | 1353 Charging
17:18:08.531 df e0 31 00 c8 | 27 05 81 b1 08 43 57 | 1 1825 2100 | 1278 Charging
17:18:08.760 df e0 31 00 c8 | 27 05 81 b1 08 43 57 | 1 1825 2100 | 1268 Charging
17:18:08.981 df e0 31 00 c8 | 27 05 81 b1 08 43 57 | 1 1825 2100 | 1180 Charging
17:18:09.207 df e0 31 00 c8 | 27 05 81 b1 08 43 57 | 1 1825 2100 | 1302 Charging
17:18:09.439 df e0 31 00 c8 | 27 05 81 b1 08 43 57 | 1 1825 2100 | 1239 Charging
17:18:09.682 df e0 31 00 c8 | 27 05 81 b1 08 43 57 | 1 1825 2100 | 1255 Charging
17:18:09.902 df e0 31 00 c8 | 27 05 81 b1 08 43 57 | 1 1825 2100 | 1222 Charging
17:18:10.120 df e0 31 00 c8 | 27 05 81 b1 08 43 57 | 1 1825 2100 | 996 Charging
17:18:10.352 df e0 31 00 c8 | 27 05 81 b1 08 43 57 | 1 1825 2100 | 982 Charging
17:18:10.576 df e0 31 00 c8 | 27 05 81 b1 08 43 57 | 1 1825 2100 | 1008 Charging
17:18:10.786 df e0 31 00 c8 | 27 05 81 b1 08 43 57 | 1 1825 2100 | 954 Charging
17:18:11.032 df e0 31 00 c8 | 27 05 81 b1 08 43 57 | 1 1825 2100 | 1300 Charging
17:18:11.272 df e0 31 00 c8 | 27 05 81 b1 08 43 57 | 1 1825 2100 | 1277 Charging
17:18:11.498 df e0 31 00 c8 | 27 05 81 b1 08 43 57 | 1 1825 2100 | 1111 Charging
17:18:11.738 df e0 31 00 c8 | 27 05 81 b1 08 43 57 | 1 1825 2100 | 1235 Charging
17:18:11.963 df e0 31 00 c8 | 27 05 81 b1 08 43 57 | 1 1825 2100 | 1186 Charging
17:18:12.203 df e0 31 00 c8 | 27 05 81 b1 08 43 57 | 1 1825 2100 | 1313 Charging
17:18:12.428 df e0 31 00 c8 | 27 05 81 b1 08 43 57 | 1 1825 2100 | 1213 Charging
17:18:12.667 df e0 31 00 c8 | 27 05 81 b1 08 43 57 | 1 1825 2100 | 1214 Charging
17:18:12.901 df e0 31 00 c8 | 27 05 81 b1 08 43 57 | 1 1825 2100 | 1264 Charging
17:18:13.130 df e0 31 00 c8 | 27 05 81 b1 08 43 57 | 1 1825 2100 | 1275 Charging
17:18:13.382 df e0 31 00 c8 | 27 05 81 b1 08 43 57 | 1 1825 2100 | 1327 Charging
17:18:13.616 df e0 31 00 c8 | 27 05 81 b1 08 43 57 | 1 1825 2100 | 1358 Charging
17:18:13.861 df e0 31 00 c8 | 27 05 81 b1 08 43 57 | 1 1825 2100 | 1294 Charging
17:18:14.099 df e0 31 00 c8 | 27 05 81 b1 08 43 57 | 1 1825 2100 | 1314 Charging
17:18:14.327 df e0 31 00 c8 | 27 05 81 b1 08 43 57 | 1 1825 2100 | 1148 Charging
17:18:14.549 df e0 31 00 c8 | 27 05 81 b1 08 43 57 | 1 1825 2100 | 1223 Charging
17:18:14.799 df e0 31 00 c8 | 27 05 81 b1 08 43 57 | 1 1825 2100 | 1215 Charging
17:18:15.027 df e0 31 00 c8 | 27 05 81 b1 08 43 57 | 1 1825 2100 | 1160 Charging
17:18:15.272 df e0 31 00 c8 | 27 05 81 b1 08 43 57 | 1 1825 2100 | 1253 Charging
17:18:15.511 df e0 31 00 c8 | 27 05 81 b1 08 43 57 | 1 1825 2100 | 1282 Charging
17:18:15.737 df e0 31 00 c8 | 27 05 81 b1 08 43 57 | 1 1825 2100 | 1322 Charging
17:18:15.963 df e0 31 00 c8 | 27 05 81 b1 08 43 57 | 1 1825 2100 | 1323 Charging
17:18:16.187 df e0 31 00 c8 | 27 05 81 b1 08 43 57 | 1 1825 2100 | 1230 Charging
17:18:16.416 df e0 31 00 c8 | 27 05 81 b1 08 43 57 | 1 1825 2100 | 1300 Charging
17:18:16.655 df e0 31 00 c8 | 27 05 81 b1 08 43 57 | 1 1825 2100 | 1271 Charging
17:18:16.884 df e0 31 00 c8 | 27 05 81 b1 08 43 57 | 1 1825 2100 | 1289 Charging
17:18:17.120 df e0 31 00 c8 | 27 05 81 b1 08 43 57 | 1 1825 2100 | 1296 Charging
17:18:17.351 df e0 31 00 c8 | 27 05 81 b1 08 43 57 | 1 1825 2100 | 1314 Charging
17:18:17.603 df e0 31 00 c8 | 27 05 81 b1 08 43 57 | 1 1825 2100 | 1285 Charging
17:18:17.839 df e0 31 00 c8 | 27 05 81 b1 08 43 57 | 1 1825 2100 | 1302 Charging
17:18:18.070 df e0 31 00 c8 | 27 05 81 b1 08 43 57 | 1 1825 2100 | 1185 Charging
17:18:18.303 df e0 31 00 c8 | 27 05 81 b1 08 43 57 | 1 1825 2100 | 1357 Charging
17:18:18.524 df e0 31 00 c8 | 27 05 81 b1 08 43 57 | 1 1825 2100 | 1272 Charging
17:18:18.757 df e0 31 00 c8 | 27 05 81 b1 08 43 57 | 1 1825 2100 | 1221 Charging
17:18:18.983 df e0 31 00 c8 | 27 05 81 b1 08 43 57 | 1 1825 2100 | 1128 Charging
17:18:19.208 df e0 31 00 c8 | 27 05 81 b1 08 43 57 | 1 1825 2100 | 1227 Charging
17:18:19.447 df e0 31 00 c8 | 27 05 81 b1 08 43 57 | 1 1825 2100 | 1281 Charging
17:18:19.694 df e0 31 00 c8 | 27 05 81 b1 08 43 57 | 1 1825 2100 | 1264 Charging
17:18:19.915 df e0 31 00 c8 | 27 05 81 b1 08 43 57 | 1 1825 2100 | 1287 Charging
17:18:20.151 df e0 31 00 c8 | 27 05 81 b1 08 43 57 | 1 1825 2100 | 1247 Charging
17:18:20.383 df e0 31 00 c8 | 27 05 81 b1 08 43 57 | 1 1825 2100 | 1244 Charging
17:18:20.612 df e0 31 00 c8 | 27 05 81 b1 08 43 57 | 1 1825 2100 | 1194 Charging
17:18:20.843 df e0 31 00 c8 | 27 05 81 b1 08 43 57 | 1 1825 2100 | 1350 Charging
17:18:21.057 df e0 31 00 c8 | 27 05 81 b1 08 43 57 | 1 1825 2100 | 1171 Charging
17:18:21.295 df e0 31 00 c8 | 27 05 81 b1 08 43 57 | 1 1825 2100 | 1200 Charging
17:18:21.521 df e0 31 00 c8 | 27 05 81 b1 08 43 57 | 1 1825 2100 | 1200 Charging
17:18:21.764 df e0 31 00 c8 | 27 05 81 b1 08 43 57 | 1 1825 2100 | 1180 Charging
17:18:22.007 df e0 31 00 c8 | 27 05 81 b1 08 43 57 | 1 1825 2100 | 1246 Charging
17:18:22.244 df e0 31 00 c8 | 27 05 81 b1 08 43 57 | 1 1825 2100 | 1270 Charging
17:18:22.483 df e0 31 00 c8 | 27 05 81 b1 08 43 57 | 1 1825 2100 | 1261 Charging
17:18:22.729 df e0 31 00 c8 | 27 05 81 b1 08 43 57 | 1 1825 2100 | 1364 Charging
17:18:22.965 df e0 31 00 c8 | 27 05 81 b1 08 43 57 | 1 1825 2100 | 1313 Charging
17:18:23.205 df e0 31 00 c8 | 27 05 81 b1 08 43 57 | 1 1825 2100 | 1253 Charging
17:18:23.427 df e0 31 00 c8 | 27 05 81 b1 08 43 57 | 1 1825 2100 | 1369 Charging
17:18:23.655 df e0 31 00 c8 | 27 05 81 b1 08 43 57 | 1 1825 2100 | 1289 Charging
17:18:23.888 df e0 31 00 c8 | 27 05 81 b1 08 43 57 | 1 1825 2100 | 1265 Charging
17:18:24.113 df e0 31 00 c8 | 27 05 81 b1 08 43 57 | 1 1825 2100 | 1276 Charging
17:18:24.348 df e0 31 00 c8 | 27 05 81 b1 08 43 57 | 1 1825 2100 | 1335 Charging
17:18:24.587 df e0 31 00 c8 | 27 05 81 b1 08 43 57 | 1 1825 2100 | 1259 Charging
17:18:24.832 df e0 31 00 c8 | 27 05 81 b1 08 43 57 | 1 1825 2100 | 1291 Charging
