time chg[INT_OK DTLS00 DTLS01 DTLS02 CNFG09] usbc[ST1 ST2 BC CC0 CC1 PD0 PD1] online ilim_mA chg_mA | bat_mA bat_status
17:07:16.320 df e0 31 00 c8 | 27 05 81 b1 08 43 57 | 1 1825 2100 | 207 Unknown
17:07:16.540 df e0 31 00 c8 | 27 05 81 b1 08 43 57 | 1 1825 2100 | 233 Unknown
17:07:16.763 df e0 31 00 c8 | 27 05 81 b1 08 43 57 | 1 1825 2100 | 228 Unknown
17:07:16.976 df e0 31 00 c8 | 27 05 81 b1 08 43 57 | 1 1825 2100 | 184 Unknown
17:07:17.190 df e0 31 00 c8 | 27 05 81 b1 08 43 57 | 1 1825 2100 | 215 Unknown
17:07:17.441 df e0 31 00 c8 | 27 05 81 b1 08 43 57 | 1 1825 2100 | 201 Unknown
17:07:17.669 df e0 31 00 c8 | 27 05 81 b1 08 43 57 | 1 1825 2100 | 249 Unknown
17:07:17.888 df e0 31 00 c8 | 27 05 81 b1 08 43 57 | 1 1825 2100 | 219 Unknown
17:07:18.097 df e0 31 00 c8 | 27 05 81 b1 08 43 57 | 1 1825 2100 | 214 Unknown
17:07:18.307 df e0 31 00 c8 | 27 05 81 b1 08 43 57 | 1 1825 2100 | 219 Unknown
17:07:18.521 df e0 31 00 c8 | 27 05 81 b1 08 43 57 | 1 1825 2100 | 234 Unknown
17:07:18.740 df e0 31 00 c8 | 27 05 81 b1 08 43 57 | 1 1825 2100 | 220 Unknown
17:07:18.949 df e0 31 00 c8 | 27 05 81 b1 08 43 57 | 1 1825 2100 | 163 Unknown
17:07:19.158 df e0 31 00 c8 | 27 05 81 b1 08 43 57 | 1 1825 2100 | 235 Unknown
17:07:19.370 df e0 31 00 c8 | 27 05 81 b1 08 43 57 | 1 1825 2100 | 244 Unknown
17:07:19.578 df e0 31 00 c8 | 27 05 81 b1 08 43 57 | 1 1825 2100 | 212 Unknown
17:07:19.791 df e0 31 00 c8 | 27 05 81 b1 08 43 57 | 1 1825 2100 | 230 Unknown
17:07:19.999 df e0 31 00 c8 | 27 05 81 b1 08 43 57 | 1 1825 2100 | 225 Unknown
17:07:20.206 df e0 31 00 c8 | 27 05 81 b1 08 43 57 | 1 1825 2100 | 235 Unknown
17:07:20.421 df e0 31 00 c8 | 27 05 81 b1 08 43 57 | 1 1825 2100 | 225 Unknown
17:07:20.632 df e0 31 00 c8 | 27 05 81 b1 08 43 57 | 1 1825 2100 | 221 Unknown
17:07:20.838 df e0 31 00 c8 | 27 05 81 b1 08 43 57 | 1 1825 2100 | 231 Unknown
17:07:21.048 df e0 31 00 c8 | 27 05 81 b1 08 43 57 | 1 1825 2100 | 228 Unknown
17:07:21.254 df e0 31 00 c8 | 27 05 81 b1 08 43 57 | 1 1825 2100 | 253 Unknown
17:07:21.462 df e0 31 00 c8 | 27 05 81 b1 08 43 57 | 1 1825 2100 | 241 Unknown
17:07:21.670 df e0 31 00 c8 | 27 05 81 b1 08 43 57 | 1 1825 2100 | 221 Unknown
17:07:21.884 df e0 31 00 c8 | 27 05 81 b1 08 43 57 | 1 1825 2100 | 226 Unknown
17:07:22.096 df e0 31 00 c8 | 27 05 81 b1 08 43 57 | 1 1825 2100 | 240 Unknown
17:07:22.306 df e0 31 00 c8 | 27 05 81 b1 08 43 57 | 1 1825 2100 | 250 Unknown
17:07:22.515 df e0 31 00 c8 | 27 05 81 b1 08 43 57 | 1 1825 2100 | 222 Unknown
17:07:22.731 df e0 31 00 c8 | 27 05 81 b1 08 43 57 | 1 1825 2100 | 232 Unknown
17:07:22.939 df e0 31 00 c8 | 27 05 81 b1 08 43 57 | 1 1825 2100 | 230 Unknown
17:07:23.152 df e0 31 00 c8 | 27 05 81 b1 08 43 57 | 1 1825 2100 | 206 Unknown
17:07:23.362 df e0 31 00 c8 | 27 05 81 b1 08 43 57 | 1 1825 2100 | 224 Unknown
17:07:23.574 df e0 31 00 c8 | 27 05 81 b1 08 43 57 | 1 1825 2100 | 227 Unknown
17:07:23.782 df e0 31 00 c8 | 27 05 81 b1 08 43 57 | 1 1825 2100 | 243 Unknown
17:07:23.988 df e0 31 00 c8 | 27 05 81 b1 08 43 57 | 1 1825 2100 | 225 Unknown
17:07:24.202 df e0 31 00 c8 | 27 05 81 b1 08 43 57 | 1 1825 2100 | 217 Unknown
17:07:24.413 df e0 31 00 c8 | 27 05 81 b1 08 43 57 | 1 1825 2100 | 254 Unknown
17:07:24.624 df e0 31 00 c8 | 27 05 81 b1 08 43 57 | 1 1825 2100 | 225 Unknown
17:07:24.833 df e0 31 00 c8 | 27 05 81 b1 08 43 57 | 1 1825 2100 | 255 Unknown
17:07:25.046 df e0 31 00 c8 | 27 05 81 b1 08 43 57 | 1 1825 2100 | 238 Unknown
17:07:25.258 df e0 31 00 c8 | 27 05 81 b1 08 43 57 | 1 1825 2100 | 209 Unknown
17:07:25.464 df e0 31 00 c8 | 27 05 81 b1 08 43 57 | 1 1825 2100 | 239 Unknown
17:07:25.676 df e0 31 00 c8 | 27 05 81 b1 08 43 57 | 1 1825 2100 | 223 Unknown
17:07:25.889 df e0 31 00 c8 | 27 05 81 b1 08 43 57 | 1 1825 2100 | 228 Unknown
17:07:26.097 df e0 31 00 c8 | 27 05 81 b1 08 43 57 | 1 1825 2100 | 236 Unknown
17:07:26.312 df e0 31 00 c8 | 27 05 81 b1 08 43 57 | 1 1825 2100 | 226 Unknown
17:07:26.523 df e0 31 00 c8 | 27 05 81 b1 08 43 57 | 1 1825 2100 | 236 Unknown
17:07:26.739 df e0 31 00 c8 | 27 05 81 b1 08 43 57 | 1 1825 2100 | 225 Unknown
17:07:26.945 df e0 31 00 c8 | 27 05 81 b1 08 43 57 | 1 1825 2100 | 234 Unknown
17:07:27.156 df e0 31 00 c8 | 27 05 81 b1 08 43 57 | 1 1825 2100 | 236 Unknown
17:07:27.368 df e0 31 00 c8 | 27 05 81 b1 08 43 57 | 1 1825 2100 | 192 Unknown
17:07:27.582 df e0 31 00 c8 | 27 05 81 b1 08 43 57 | 1 1825 2100 | 214 Unknown
17:07:27.792 df e0 31 00 c8 | 27 05 81 b1 08 43 57 | 1 1825 2100 | 255 Unknown
17:07:28.007 df e0 31 00 c8 | 27 05 81 b1 08 43 57 | 1 1825 2100 | 198 Unknown
17:07:28.220 df e0 31 00 c8 | 27 05 81 b1 08 43 57 | 1 1825 2100 | 219 Unknown
17:07:28.430 df e0 31 00 c8 | 27 05 81 b1 08 43 57 | 1 1825 2100 | 198 Unknown
17:07:28.642 df e0 31 00 c8 | 27 05 81 b1 08 43 57 | 1 1825 2100 | 257 Unknown
17:07:28.854 df e0 31 00 c8 | 27 05 81 b1 08 43 57 | 1 1825 2100 | 225 Unknown
17:07:29.063 df e0 31 00 c8 | 27 05 81 b1 08 43 57 | 1 1825 2100 | 239 Unknown
17:07:29.278 df e0 31 00 c8 | 27 05 81 b1 08 43 57 | 1 1825 2100 | 227 Unknown
17:07:29.491 df e0 31 00 c8 | 27 05 81 b1 08 43 57 | 1 1825 2100 | 231 Unknown
17:07:29.700 df e0 31 00 c8 | 27 05 81 b1 08 43 57 | 1 1825 2100 | 242 Unknown
17:07:29.913 df e0 31 00 c8 | 27 05 81 b1 08 43 57 | 1 1825 2100 | 239 Unknown
17:07:30.127 df e0 31 00 c8 | 27 05 81 b1 08 43 57 | 1 1825 2100 | 228 Unknown
17:07:30.336 df e0 31 00 c8 | 27 05 81 b1 08 43 57 | 1 1825 2100 | 194 Unknown
17:07:30.549 df e0 31 00 c8 | 27 05 81 b1 08 43 57 | 1 1825 2100 | 215 Unknown
17:07:30.760 df e0 31 00 c8 | 27 05 81 b1 08 43 57 | 1 1825 2100 | 249 Unknown
17:07:30.972 df e0 31 00 c8 | 27 05 81 b1 08 43 57 | 1 1825 2100 | 227 Unknown
17:07:31.179 df e0 31 00 c8 | 27 05 81 b1 08 43 57 | 1 1825 2100 | 243 Unknown
17:07:31.395 df e0 31 00 c8 | 27 05 81 b1 08 43 57 | 1 1825 2100 | 195 Unknown
17:07:31.606 df e0 31 00 c8 | 27 05 81 b1 08 43 57 | 1 1825 2100 | 222 Unknown
17:07:31.813 df e0 31 00 c8 | 27 05 81 b1 08 43 57 | 1 1825 2100 | 231 Unknown
17:07:32.030 df e0 31 00 c8 | 27 05 81 b1 08 43 57 | 1 1825 2100 | 234 Unknown
17:07:32.247 df e0 31 00 c8 | 27 05 81 b1 08 43 57 | 1 1825 2100 | 207 Unknown
17:07:32.460 df e0 31 00 c8 | 27 05 81 b1 08 43 57 | 1 1825 2100 | 173 Unknown
17:07:32.674 df e0 31 00 c8 | 27 05 81 b1 08 43 57 | 1 1825 2100 | 239 Unknown
17:07:32.887 df e0 31 00 c8 | 27 05 81 b1 08 43 57 | 1 1825 2100 | 207 Unknown
17:07:33.098 df e0 31 00 c8 | 27 05 81 b1 08 43 57 | 1 1825 2100 | 202 Unknown
17:07:33.311 df e0 31 00 c8 | 27 05 81 b1 08 43 57 | 1 1825 2100 | 239 Unknown
17:07:33.528 df e0 31 00 c8 | 27 05 81 b1 08 43 57 | 1 1825 2100 | 226 Unknown
17:07:33.734 df e0 31 00 c8 | 27 05 81 b1 08 43 57 | 1 1825 2100 | 237 Unknown
17:07:33.950 df e0 31 00 c8 | 27 05 81 b1 08 43 57 | 1 1825 2100 | 239 Unknown
17:07:34.161 df e0 31 00 c8 | 27 05 81 b1 08 43 57 | 1 1825 2100 | 222 Unknown
17:07:34.370 df e0 31 00 c8 | 27 05 81 b1 08 43 57 | 1 1825 2100 | 209 Unknown
17:07:34.582 df e0 31 00 c8 | 27 05 81 b1 08 43 57 | 1 1825 2100 | 221 Unknown
17:07:34.793 df e0 31 00 c8 | 27 05 81 b1 08 43 57 | 1 1825 2100 | 237 Unknown
17:07:35.003 df e0 31 00 c8 | 27 05 81 b1 08 43 57 | 1 1825 2100 | 243 Unknown
17:07:35.215 df e0 31 00 c8 | 27 05 81 b1 08 43 57 | 1 1825 2100 | 217 Unknown
17:07:35.424 df e0 31 00 c8 | 27 05 81 b1 08 43 57 | 1 1825 2100 | 204 Unknown
17:07:35.644 df e0 31 00 c8 | 27 05 81 b1 08 43 57 | 1 1825 2100 | 252 Unknown
17:07:35.858 df e0 31 00 c8 | 27 05 81 b1 08 43 57 | 1 1825 2100 | 245 Unknown
17:07:36.066 df e0 31 00 c8 | 27 05 81 b1 08 43 57 | 1 1825 2100 | 227 Unknown
17:07:36.285 df e0 31 00 c8 | 27 05 81 b1 08 43 57 | 1 1825 2100 | 232 Unknown
17:07:36.496 df e0 31 00 c8 | 27 05 81 b1 08 43 57 | 1 1825 2100 | 207 Unknown
17:07:36.713 df e0 31 00 c8 | 27 05 81 b1 08 43 57 | 1 1825 2100 | 249 Unknown
17:07:36.935 df e0 31 00 c8 | 27 05 81 b1 08 43 57 | 1 1825 2100 | 227 Unknown
17:07:37.143 df e0 31 00 c8 | 27 05 81 b1 08 43 57 | 1 1825 2100 | 211 Unknown
17:07:37.358 df e0 31 00 c8 | 27 05 81 b1 08 43 57 | 1 1825 2100 | 185 Unknown
17:07:37.562 df e0 31 00 c8 | 27 05 81 b1 08 43 57 | 1 1825 2100 | 235 Unknown
17:07:37.773 df e0 31 00 c8 | 27 05 81 b1 08 43 57 | 1 1825 2100 | 232 Unknown
17:07:37.989 df e0 31 00 c8 | 27 05 81 b1 08 43 57 | 1 1825 2100 | 226 Unknown
17:07:38.203 df e0 31 00 c8 | 27 05 81 b1 08 43 57 | 1 1825 2100 | 232 Unknown
17:07:38.413 df e0 31 00 c8 | 27 05 81 b1 08 43 57 | 1 1825 2100 | 221 Unknown
17:07:38.620 df e0 31 00 c8 | 27 05 81 b1 08 43 57 | 1 1825 2100 | 251 Unknown
17:07:38.827 df e0 31 00 c8 | 27 05 81 b1 08 43 57 | 1 1825 2100 | 212 Unknown
17:07:39.037 df e0 31 00 c8 | 27 05 81 b1 08 43 57 | 1 1825 2100 | 229 Unknown
17:07:39.251 df e0 31 00 c8 | 27 05 81 b1 08 43 57 | 1 1825 2100 | 193 Unknown
17:07:39.456 df e0 31 00 c8 | 27 05 81 b1 08 43 57 | 1 1825 2100 | 225 Unknown
17:07:39.666 df e0 31 00 c8 | 27 05 81 b1 08 43 57 | 1 1825 2100 | 226 Unknown
17:07:39.878 df e0 31 00 c8 | 27 05 81 b1 08 43 57 | 1 1825 2100 | 238 Unknown
17:07:40.089 df e0 31 00 c8 | 27 05 81 b1 08 43 57 | 1 1825 2100 | 232 Unknown
17:07:40.298 df e0 31 00 c8 | 27 05 81 b1 08 43 57 | 1 1825 2100 | 230 Unknown
17:07:40.502 df e0 31 00 c8 | 27 05 81 b1 08 43 57 | 1 1825 2100 | 231 Unknown
17:07:40.710 df e0 31 00 c8 | 27 05 81 b1 08 43 57 | 1 1825 2100 | 236 Unknown
17:07:40.924 df e0 31 00 c8 | 27 05 81 b1 08 43 57 | 1 1825 2100 | 209 Unknown
17:07:41.135 df e0 31 00 c8 | 27 05 81 b1 08 43 57 | 1 1825 2100 | 217 Unknown
17:07:41.342 df e0 31 00 c8 | 27 05 81 b1 08 43 57 | 1 1825 2100 | 253 Unknown
17:07:41.555 df e0 31 00 c8 | 27 05 81 b1 08 43 57 | 1 1825 2100 | 223 Unknown
17:07:41.761 df e0 31 00 c8 | 27 05 81 b1 08 43 57 | 1 1825 2100 | 230 Unknown
17:07:41.971 df e0 31 00 c8 | 27 05 81 b1 08 43 57 | 1 1825 2100 | 240 Unknown
17:07:42.184 df e0 31 00 c8 | 27 05 81 b1 08 43 57 | 1 1825 2100 | 256 Unknown
17:07:42.399 df e0 31 00 c8 | 27 05 81 b1 08 43 57 | 1 1825 2100 | 228 Unknown
17:07:42.620 df e0 31 00 c8 | 27 05 81 b1 08 43 57 | 1 1825 2100 | 227 Unknown
17:07:42.832 df e0 31 00 c8 | 27 05 81 b1 08 43 57 | 1 1825 2100 | 244 Unknown
17:07:43.040 df e0 31 00 c8 | 27 05 81 b1 08 43 57 | 1 1825 2100 | 234 Unknown
17:07:43.245 df e0 31 00 c8 | 27 05 81 b1 08 43 57 | 1 1825 2100 | 219 Unknown
17:07:43.456 df e0 31 00 c8 | 27 05 81 b1 08 43 57 | 1 1825 2100 | 249 Unknown
17:07:43.673 df e0 31 00 c8 | 27 05 81 b1 08 43 57 | 1 1825 2100 | 212 Unknown
17:07:43.886 df e0 31 00 c8 | 27 05 81 b1 08 43 57 | 1 1825 2100 | 246 Unknown
17:07:44.096 df e0 31 00 c8 | 27 05 81 b1 08 43 57 | 1 1825 2100 | 252 Unknown
17:07:44.307 df e0 31 00 c8 | 27 05 81 b1 08 43 57 | 1 1825 2100 | 243 Unknown
17:07:44.519 df e0 31 00 c8 | 27 05 81 b1 08 43 57 | 1 1825 2100 | 223 Unknown
17:07:44.727 df e0 31 00 c8 | 27 05 81 b1 08 43 57 | 1 1825 2100 | 182 Unknown
17:07:44.941 df e0 31 00 c8 | 27 05 81 b1 08 43 57 | 1 1825 2100 | 222 Unknown
17:07:45.156 df e0 31 00 c8 | 27 05 81 b1 08 43 57 | 1 1825 2100 | 230 Unknown
17:07:45.368 df e0 31 00 c8 | 27 05 81 b1 08 43 57 | 1 1825 2100 | 237 Unknown
17:07:45.577 df e0 31 00 c8 | 27 05 81 b1 08 43 57 | 1 1825 2100 | 240 Unknown
17:07:45.782 df e0 31 00 c8 | 27 05 81 b1 08 43 57 | 1 1825 2100 | 215 Unknown
17:07:46.003 df e0 31 00 c8 | 27 05 81 b1 08 43 57 | 1 1825 2100 | 225 Unknown
17:07:46.225 df e0 31 00 c8 | 27 05 81 b1 08 43 57 | 1 1825 2100 | 195 Unknown
17:07:46.433 df e0 31 00 c8 | 27 05 81 b1 08 43 57 | 1 1825 2100 | 226 Unknown
17:07:46.647 df e0 31 00 c8 | 27 05 81 b1 08 43 57 | 1 1825 2100 | 214 Unknown
17:07:46.862 df e0 31 00 c8 | 27 05 81 b1 08 43 57 | 1 1825 2100 | 181 Unknown
17:07:47.071 df e0 31 00 c8 | 27 05 81 b1 08 43 57 | 1 1825 2100 | 222 Unknown
17:07:47.282 df e0 31 00 c8 | 27 05 81 b1 08 43 57 | 1 1825 2100 | 248 Unknown
17:07:47.491 df e0 31 00 c8 | 27 05 81 b1 08 43 57 | 1 1825 2100 | 230 Unknown
17:07:47.698 df e0 31 00 c8 | 27 05 81 b1 08 43 57 | 1 1825 2100 | 220 Unknown
17:07:47.914 df e0 31 00 c8 | 27 05 81 b1 08 43 57 | 1 1825 2100 | 215 Unknown
17:07:48.128 df e0 31 00 c8 | 27 05 81 b1 08 43 57 | 1 1825 2100 | 216 Unknown
17:07:48.342 df e0 31 00 c8 | 27 05 81 b1 08 43 57 | 1 1825 2100 | 235 Unknown
17:07:48.551 df e0 31 00 c8 | 27 05 81 b1 08 43 57 | 1 1825 2100 | 220 Unknown
17:07:48.761 df e0 31 00 c8 | 27 05 81 b1 08 43 57 | 1 1825 2100 | 139 Unknown
17:07:48.975 df e0 31 00 c8 | 27 05 81 b1 08 43 57 | 1 1825 2100 | 192 Unknown
17:07:49.187 df e0 31 00 c8 | 27 05 81 b1 08 43 57 | 1 1825 2100 | 230 Unknown
17:07:49.397 df e0 31 00 c8 | 27 05 81 b1 08 43 57 | 1 1825 2100 | 220 Unknown
17:07:49.606 df e0 31 00 c8 | 27 05 81 b1 08 43 57 | 1 1825 2100 | 217 Unknown
17:07:49.816 df e0 31 00 c8 | 27 05 81 b1 08 43 57 | 1 1825 2100 | 212 Unknown
17:07:50.029 df e0 31 00 c8 | 27 05 81 b1 08 43 57 | 1 1825 2100 | 230 Unknown
17:07:50.241 df e0 31 00 c8 | 27 05 81 b1 08 43 57 | 1 1825 2100 | 216 Unknown
17:07:50.450 df e0 31 00 c8 | 27 05 81 b1 08 43 57 | 1 1825 2100 | 245 Unknown
17:07:50.663 df e0 31 00 c8 | 27 05 81 b1 08 43 57 | 1 1825 2100 | 229 Unknown
17:07:50.878 df e0 31 00 c8 | 27 05 81 b1 08 43 57 | 1 1825 2100 | 222 Unknown
17:07:51.089 df e0 31 00 c8 | 27 05 81 b1 08 43 57 | 1 1825 2100 | 241 Unknown
17:07:51.303 df e0 31 00 c8 | 27 05 81 b1 08 43 57 | 1 1825 2100 | 235 Unknown
17:07:51.519 df e0 31 00 c8 | 27 05 81 b1 08 43 57 | 1 1825 2100 | 250 Unknown
17:07:51.733 df e0 31 00 c8 | 27 05 81 b1 08 43 57 | 1 1825 2100 | 233 Unknown
17:07:51.945 df e0 31 00 c8 | 27 05 81 b1 08 43 57 | 1 1825 2100 | 230 Unknown
17:07:52.154 df e0 31 00 c8 | 27 05 81 b1 08 43 57 | 1 1825 2100 | 248 Unknown
17:07:52.368 df e0 31 00 c8 | 27 05 81 b1 08 43 57 | 1 1825 2100 | 220 Unknown
17:07:52.577 df e0 31 00 c8 | 27 05 81 b1 08 43 57 | 1 1825 2100 | 239 Unknown
17:07:52.785 df e0 31 00 c8 | 27 05 81 b1 08 43 57 | 1 1825 2100 | 215 Unknown
17:07:53.002 df e0 31 00 c8 | 27 05 81 b1 08 43 57 | 1 1825 2100 | 220 Unknown
17:07:53.211 df e0 31 00 c8 | 27 05 81 b1 08 43 57 | 1 1825 2100 | 224 Unknown
17:07:53.425 df e0 31 00 c8 | 27 05 81 b1 08 43 57 | 1 1825 2100 | 237 Unknown
17:07:53.638 df e0 31 00 c8 | 27 05 81 b1 08 43 57 | 1 1825 2100 | 240 Unknown
17:07:53.844 df e0 31 00 c8 | 27 05 81 b1 08 43 57 | 1 1825 2100 | 216 Unknown
17:07:54.064 df e0 31 00 c8 | 27 05 81 b1 08 43 57 | 1 1825 2100 | 221 Unknown
17:07:54.276 df e0 31 00 c8 | 27 05 81 b1 08 43 57 | 1 1825 2100 | 202 Unknown
17:07:54.491 df e0 31 00 c8 | 27 05 81 b1 08 43 57 | 1 1825 2100 | 235 Unknown
17:07:54.703 df e0 31 00 c8 | 27 05 81 b1 08 43 57 | 1 1825 2100 | 216 Unknown
17:07:54.914 df e0 31 00 c8 | 27 05 81 b1 08 43 57 | 1 1825 2100 | 216 Unknown
17:07:55.128 df e0 31 00 c8 | 27 05 81 b1 08 43 57 | 1 1825 2100 | 231 Unknown
17:07:55.340 df e0 31 00 c8 | 27 05 81 b1 08 43 57 | 1 1825 2100 | 226 Unknown
17:07:55.551 df e0 31 00 c8 | 27 05 81 b1 08 43 57 | 1 1825 2100 | 203 Unknown
17:07:55.766 df e0 31 00 c8 | 27 05 81 b1 08 43 57 | 1 1825 2100 | 257 Unknown
17:07:55.978 df e0 31 00 c8 | 27 05 81 b1 08 43 57 | 1 1825 2100 | 218 Unknown
17:07:56.191 df e0 31 00 c8 | 27 05 81 b1 08 43 57 | 1 1825 2100 | 215 Unknown
17:07:56.403 df e0 31 00 c8 | 27 05 81 b1 08 43 57 | 1 1825 2100 | 226 Unknown
17:07:56.611 df e0 31 00 c8 | 27 05 81 b1 08 43 57 | 1 1825 2100 | 222 Unknown
17:07:56.822 df e0 31 00 c8 | 27 05 81 b1 08 43 57 | 1 1825 2100 | 241 Unknown
17:07:57.036 df e0 31 00 c8 | 27 05 81 b1 08 43 57 | 1 1825 2100 | 224 Unknown
17:07:57.245 df e0 31 00 c8 | 27 05 81 b1 08 43 57 | 1 1825 2100 | 218 Unknown
17:07:57.462 df e0 31 00 c8 | 27 05 81 b1 08 43 57 | 1 1825 2100 | 252 Unknown
17:07:57.675 df e0 31 00 c8 | 27 05 81 b1 08 43 57 | 1 1825 2100 | 224 Unknown
17:07:57.892 df e0 31 00 c8 | 27 05 81 b1 08 43 57 | 1 1825 2100 | 192 Unknown
17:07:58.103 df e0 31 00 c8 | 27 05 81 b1 08 43 57 | 1 1825 2100 | 229 Unknown
17:07:58.314 df e0 31 00 c8 | 27 05 81 b1 08 43 57 | 1 1825 2100 | 252 Unknown
17:07:58.527 df e0 31 00 c8 | 27 05 81 b1 08 43 57 | 1 1825 2100 | 225 Unknown
17:07:58.733 df e0 31 00 c8 | 27 05 81 b1 08 43 57 | 1 1825 2100 | 237 Unknown
17:07:58.945 df e0 31 00 c8 | 27 05 81 b1 08 43 57 | 1 1825 2100 | 238 Unknown
17:07:59.157 df e0 31 00 c8 | 27 05 81 b1 08 43 57 | 1 1825 2100 | 244 Unknown
17:07:59.370 df e0 31 00 c8 | 27 05 81 b1 08 43 57 | 1 1825 2100 | 216 Unknown
17:07:59.580 df e0 31 00 c8 | 27 05 81 b1 08 43 57 | 1 1825 2100 | 247 Unknown
17:07:59.793 df e0 31 00 c8 | 27 05 81 b1 08 43 57 | 1 1825 2100 | 235 Unknown
17:08:00.004 df e0 31 00 c8 | 27 05 81 b1 08 43 57 | 1 1825 2100 | 222 Unknown
17:08:00.214 df e0 31 00 c8 | 27 05 81 b1 08 43 57 | 1 1825 2100 | 228 Unknown
17:08:00.422 df e0 31 00 c8 | 27 05 81 b1 08 43 57 | 1 1825 2100 | 231 Unknown
17:08:00.637 df e0 31 00 c8 | 27 05 81 b1 08 43 57 | 1 1825 2100 | 220 Unknown
17:08:00.852 df e0 31 00 c8 | 27 05 81 b1 08 43 57 | 1 1825 2100 | 222 Unknown
17:08:01.065 df e0 31 00 c8 | 27 05 81 b1 08 43 57 | 1 1825 2100 | 214 Unknown
17:08:01.276 df e0 31 00 c8 | 27 05 81 b1 08 43 57 | 1 1825 2100 | 238 Unknown
17:08:01.486 df e0 31 00 c8 | 27 05 81 b1 08 43 57 | 1 1825 2100 | 245 Unknown
17:08:01.698 df e0 31 00 c8 | 27 05 81 b1 08 43 57 | 1 1825 2100 | 201 Unknown
17:08:01.906 df e0 31 00 c8 | 27 05 81 b1 08 43 57 | 1 1825 2100 | 219 Unknown
17:08:02.119 df e0 31 00 c8 | 27 05 81 b1 08 43 57 | 1 1825 2100 | 218 Unknown
17:08:02.332 df e0 31 00 c8 | 27 05 81 b1 08 43 57 | 1 1825 2100 | 249 Unknown
17:08:02.542 df e0 31 00 c8 | 27 05 81 b1 08 43 57 | 1 1825 2100 | 230 Unknown
17:08:02.758 df e0 31 00 c8 | 27 05 81 b1 08 43 57 | 1 1825 2100 | 238 Unknown
17:08:02.973 df e0 31 00 c8 | 27 05 81 b1 08 43 57 | 1 1825 2100 | 207 Unknown
17:08:03.189 df e0 31 00 c8 | 27 05 81 b1 08 43 57 | 1 1825 2100 | 224 Unknown
17:08:03.402 df e0 31 00 c8 | 27 05 81 b1 08 43 57 | 1 1825 2100 | 238 Unknown
17:08:03.607 df e0 31 00 c8 | 27 05 81 b1 08 43 57 | 1 1825 2100 | 227 Unknown
17:08:03.817 df e0 31 00 c8 | 27 05 81 b1 08 43 57 | 1 1825 2100 | 249 Unknown
17:08:04.028 df e0 31 00 c8 | 27 05 81 b1 08 43 57 | 1 1825 2100 | 172 Unknown
17:08:04.243 df e0 31 00 c8 | 27 05 81 b1 08 43 57 | 1 1825 2100 | 226 Unknown
17:08:04.458 df e0 31 00 c8 | 27 05 81 b1 08 43 57 | 1 1825 2100 | 230 Unknown
17:08:04.664 df e0 31 00 c8 | 27 05 81 b1 08 43 57 | 1 1825 2100 | 241 Unknown
17:08:04.875 df e0 31 00 c8 | 27 05 81 b1 08 43 57 | 1 1825 2100 | 235 Unknown
17:08:05.082 df e0 31 00 c8 | 27 05 81 b1 08 43 57 | 1 1825 2100 | 188 Unknown
17:08:05.293 df e0 31 00 c8 | 27 05 81 b1 08 43 57 | 1 1825 2100 | 234 Unknown
17:08:05.501 df e0 31 00 c8 | 27 05 81 b1 08 43 57 | 1 1825 2100 | 229 Unknown
17:08:05.706 df e0 31 00 c8 | 27 05 81 b1 08 43 57 | 1 1825 2100 | 262 Unknown
17:08:05.916 df e0 31 00 c8 | 27 05 81 b1 08 43 57 | 1 1825 2100 | 219 Unknown
17:08:06.130 df e0 31 00 c8 | 27 05 81 b1 08 43 57 | 1 1825 2100 | 193 Unknown
17:08:06.342 df e0 31 00 c8 | 27 05 81 b1 08 43 57 | 1 1825 2100 | 227 Unknown
17:08:06.551 df e0 31 00 c8 | 27 05 81 b1 08 43 57 | 1 1825 2100 | 221 Unknown
17:08:06.760 df e0 31 00 c8 | 27 05 81 b1 08 43 57 | 1 1825 2100 | 210 Unknown
17:08:06.965 df e0 31 00 c8 | 27 05 81 b1 08 43 57 | 1 1825 2100 | 205 Unknown
17:08:07.179 df e0 31 00 c8 | 27 05 81 b1 08 43 57 | 1 1825 2100 | 252 Unknown
17:08:07.398 df e0 31 00 c8 | 27 05 81 b1 08 43 57 | 1 1825 2100 | 212 Unknown
17:08:07.610 df e0 31 00 c8 | 27 05 81 b1 08 43 57 | 1 1825 2100 | 240 Unknown
17:08:07.824 df e0 31 00 c8 | 27 05 81 b1 08 43 57 | 1 1825 2100 | 207 Unknown
17:08:08.034 df e0 31 00 c8 | 27 05 81 b1 08 43 57 | 1 1825 2100 | 223 Unknown
17:08:08.246 df e0 31 00 c8 | 27 05 81 b1 08 43 57 | 1 1825 2100 | 180 Unknown
17:08:08.458 df e0 31 00 c8 | 27 05 81 b1 08 43 57 | 1 1825 2100 | 217 Unknown
17:08:08.670 df e0 31 00 c8 | 27 05 81 b1 08 43 57 | 1 1825 2100 | 232 Unknown
17:08:08.877 df e0 31 00 c8 | 27 05 81 b1 08 43 57 | 1 1825 2100 | 218 Unknown
17:08:09.091 df e0 31 00 c8 | 27 05 81 b1 08 43 57 | 1 1825 2100 | 261 Unknown
17:08:09.302 df e0 31 00 c8 | 27 05 81 b1 08 43 57 | 1 1825 2100 | 233 Unknown
17:08:09.511 df e0 31 00 c8 | 27 05 81 b1 08 43 57 | 1 1825 2100 | 219 Unknown
17:08:09.721 df e0 31 00 c8 | 27 05 81 b1 08 43 57 | 1 1825 2100 | 247 Unknown
17:08:09.939 df e0 31 00 c8 | 27 05 81 b1 08 43 57 | 1 1825 2100 | 234 Unknown
17:08:10.149 df e0 31 00 c8 | 27 05 81 b1 08 43 57 | 1 1825 2100 | 222 Unknown
17:08:10.358 df e0 31 00 c8 | 27 05 81 b1 08 43 57 | 1 1825 2100 | 217 Unknown
17:08:10.569 df e0 31 00 c8 | 27 05 81 b1 08 43 57 | 1 1825 2100 | 260 Unknown
17:08:10.779 df e0 31 00 c8 | 27 05 81 b1 08 43 57 | 1 1825 2100 | 244 Unknown
17:08:10.993 df e0 31 00 c8 | 27 05 81 b1 08 43 57 | 1 1825 2100 | 232 Unknown
17:08:11.206 df e0 31 00 c8 | 27 05 81 b1 08 43 57 | 1 1825 2100 | 234 Unknown
17:08:11.423 df e0 31 00 c8 | 27 05 81 b1 08 43 57 | 1 1825 2100 | 217 Unknown
17:08:11.632 df e0 31 00 c8 | 27 05 81 b1 08 43 57 | 1 1825 2100 | 239 Unknown
17:08:11.843 df e0 31 00 c8 | 27 05 81 b1 08 43 57 | 1 1825 2100 | 225 Unknown
17:08:12.061 df e0 31 00 c8 | 27 05 81 b1 08 43 57 | 1 1825 2100 | 168 Unknown
17:08:12.273 df e0 31 00 c8 | 27 05 81 b1 08 43 57 | 1 1825 2100 | 218 Unknown
17:08:12.480 df e0 31 00 c8 | 27 05 81 b1 08 43 57 | 1 1825 2100 | 206 Unknown
17:08:12.691 df e0 31 00 c8 | 27 05 81 b1 08 43 57 | 1 1825 2100 | 221 Unknown
17:08:12.908 df e0 31 00 c8 | 27 05 81 b1 08 43 57 | 1 1825 2100 | 258 Unknown
17:08:13.118 df e0 31 00 c8 | 27 05 81 b1 08 43 57 | 1 1825 2100 | 230 Unknown
17:08:13.323 df e0 31 00 c8 | 27 05 81 b1 08 43 57 | 1 1825 2100 | 220 Unknown
17:08:13.532 df e0 31 00 c8 | 27 05 81 b1 08 43 57 | 1 1825 2100 | 213 Unknown
17:08:13.739 df e0 31 00 c8 | 27 05 81 b1 08 43 57 | 1 1825 2100 | 261 Unknown
17:08:13.953 df e0 31 00 c8 | 27 05 81 b1 08 43 57 | 1 1825 2100 | 216 Unknown
17:08:14.168 df e0 31 00 c8 | 27 05 81 b1 08 43 57 | 1 1825 2100 | 231 Unknown
17:08:14.381 df e0 31 00 c8 | 27 05 81 b1 08 43 57 | 1 1825 2100 | 183 Unknown
17:08:14.595 df e0 31 00 c8 | 27 05 81 b1 08 43 57 | 1 1825 2100 | 227 Unknown
17:08:14.806 df e0 31 00 c8 | 27 05 81 b1 08 43 57 | 1 1825 2100 | 217 Unknown
17:08:15.020 df e0 31 00 c8 | 27 05 81 b1 08 43 57 | 1 1825 2100 | 220 Unknown
17:08:15.228 df e0 31 00 c8 | 27 05 81 b1 08 43 57 | 1 1825 2100 | 228 Unknown
17:08:15.439 df e0 31 00 c8 | 27 05 81 b1 08 43 57 | 1 1825 2100 | 164 Unknown
17:08:15.652 df e0 31 00 c8 | 27 05 81 b1 08 43 57 | 1 1825 2100 | 249 Unknown
17:08:15.860 df e0 31 00 c8 | 27 05 81 b1 08 43 57 | 1 1825 2100 | 250 Unknown
17:08:16.074 df e0 31 00 c8 | 27 05 81 b1 08 43 57 | 1 1825 2100 | 232 Unknown
17:08:16.284 df e0 31 00 c8 | 27 05 81 b1 08 43 57 | 1 1825 2100 | 240 Unknown
17:08:16.496 df e0 31 00 c8 | 27 05 81 b1 08 43 57 | 1 1825 2100 | 221 Unknown
17:08:16.706 df e0 31 00 c8 | 27 05 81 b1 08 43 57 | 1 1825 2100 | 233 Unknown
17:08:16.917 df e0 31 00 c8 | 27 05 81 b1 08 43 57 | 1 1825 2100 | 231 Unknown
17:08:17.124 df e0 31 00 c8 | 27 05 81 b1 08 43 57 | 1 1825 2100 | 237 Unknown
17:08:17.335 df e0 31 00 c8 | 27 05 81 b1 08 43 57 | 1 1825 2100 | 221 Unknown
17:08:17.542 df e0 31 00 c8 | 27 05 81 b1 08 43 57 | 1 1825 2100 | 249 Unknown
17:08:17.759 df e0 31 00 c8 | 27 05 81 b1 08 43 57 | 1 1825 2100 | 251 Unknown
17:08:17.970 df e0 31 00 c8 | 27 05 81 b1 08 43 57 | 1 1825 2100 | 200 Unknown
17:08:18.183 df e0 31 00 c8 | 27 05 81 b1 08 43 57 | 1 1825 2100 | 239 Unknown
17:08:18.396 df e0 31 00 c8 | 27 05 81 b1 08 43 57 | 1 1825 2100 | 252 Unknown
17:08:18.615 df e0 31 00 c8 | 27 05 81 b1 08 43 57 | 1 1825 2100 | 222 Unknown
17:08:18.828 df e0 31 00 c8 | 27 05 81 b1 08 43 57 | 1 1825 2100 | 243 Unknown
17:08:19.044 df e0 31 00 c8 | 27 05 81 b1 08 43 57 | 1 1825 2100 | 200 Unknown
17:08:19.256 df e0 31 00 c8 | 27 05 81 b1 08 43 57 | 1 1825 2100 | 240 Unknown
17:08:19.467 df e0 31 00 c8 | 27 05 81 b1 08 43 57 | 1 1825 2100 | 229 Unknown
17:08:19.677 df e0 31 00 c8 | 27 05 81 b1 08 43 57 | 1 1825 2100 | 231 Unknown
17:08:19.883 df e0 31 00 c8 | 27 05 81 b1 08 43 57 | 1 1825 2100 | 235 Unknown
17:08:20.094 df e0 31 00 c8 | 27 05 81 b1 08 43 57 | 1 1825 2100 | 252 Unknown
17:08:20.306 df e0 31 00 c8 | 27 05 81 b1 08 43 57 | 1 1825 2100 | 232 Unknown
17:08:20.514 df e0 31 00 c8 | 27 05 81 b1 08 43 57 | 1 1825 2100 | 242 Unknown
17:08:20.727 df e0 31 00 c8 | 27 05 81 b1 08 43 57 | 1 1825 2100 | 218 Unknown
17:08:20.934 df e0 31 00 c8 | 27 05 81 b1 08 43 57 | 1 1825 2100 | 228 Unknown
17:08:21.147 df e0 31 00 c8 | 27 05 81 b1 08 43 57 | 1 1825 2100 | 219 Unknown
17:08:21.356 df e0 31 00 c8 | 27 05 81 b1 08 43 57 | 1 1825 2100 | 217 Unknown
17:08:21.570 df e0 31 00 c8 | 27 05 81 b1 08 43 57 | 1 1825 2100 | 219 Unknown
17:08:21.782 df e0 31 00 c8 | 27 05 81 b1 08 43 57 | 1 1825 2100 | 209 Unknown
17:08:21.990 df e0 31 00 c8 | 27 05 81 b1 08 43 57 | 1 1825 2100 | 179 Unknown
17:08:22.196 df e0 31 00 c8 | 27 05 81 b1 08 43 57 | 1 1825 2100 | 200 Unknown
17:08:22.406 df e0 31 00 c8 | 27 05 81 b1 08 43 57 | 1 1825 2100 | 210 Unknown
17:08:22.617 df e0 31 00 c8 | 27 05 81 b1 08 43 57 | 1 1825 2100 | 198 Unknown
17:08:22.834 df e0 31 00 c8 | 27 05 81 b1 08 43 57 | 1 1825 2100 | 245 Unknown
17:08:23.043 df e0 31 00 c8 | 27 05 81 b1 08 43 57 | 1 1825 2100 | 219 Unknown
17:08:23.250 df e0 31 00 c8 | 27 05 81 b1 08 43 57 | 1 1825 2100 | 210 Unknown
17:08:23.457 df e0 31 00 c8 | 27 05 81 b1 08 43 57 | 1 1825 2100 | 214 Unknown
17:08:23.678 df e0 31 00 c8 | 27 05 81 b1 08 43 57 | 1 1825 2100 | 232 Unknown
17:08:23.891 df e0 31 00 c8 | 27 05 81 b1 08 43 57 | 1 1825 2100 | 218 Unknown
17:08:24.101 df e0 31 00 c8 | 27 05 81 b1 08 43 57 | 1 1825 2100 | 235 Unknown
17:08:24.320 df e0 31 00 c8 | 27 05 81 b1 08 43 57 | 1 1825 2100 | 229 Unknown
17:08:24.534 df e0 31 00 c8 | 27 05 81 b1 08 43 57 | 1 1825 2100 | 224 Unknown
17:08:24.744 df e0 31 00 c8 | 27 05 81 b1 08 43 57 | 1 1825 2100 | 199 Unknown
17:08:24.956 df e0 31 00 c8 | 27 05 81 b1 08 43 57 | 1 1825 2100 | 250 Unknown
17:08:25.166 df e0 31 00 c8 | 27 05 81 b1 08 43 57 | 1 1825 2100 | 239 Unknown
17:08:25.380 df e0 31 00 c8 | 27 05 81 b1 08 43 57 | 1 1825 2100 | 246 Unknown
17:08:25.590 9f 80 78 00 c8 | 07 05 00 00 00 00 07 | 0 1825 2100 | -184 Unknown
17:08:25.799 9f 80 78 00 c8 | 07 05 00 00 00 00 07 | 0 1825 2100 | -209 Unknown
17:08:26.009 9f 80 78 00 c8 | 07 05 00 00 00 00 47 | 0 1825 2100 | -194 Unknown
17:08:26.218 9f 80 78 00 c8 | 07 05 00 00 00 00 47 | 0 1825 2100 | -193 Unknown
17:08:26.432 9f 80 78 00 c8 | 07 05 00 00 00 00 47 | 0 1825 2100 | -180 Unknown
17:08:26.638 9f 80 78 00 c8 | 07 05 00 00 00 00 47 | 0 1825 2100 | -212 Unknown
17:08:26.850 9f 80 78 00 c8 | 07 05 00 00 00 00 47 | 0 1825 2100 | -193 Unknown
17:08:27.059 9f 80 78 00 c8 | 07 05 00 00 00 00 47 | 0 1825 2100 | -204 Unknown
17:08:27.266 9f 80 78 00 c8 | 07 05 00 00 00 00 47 | 0 1825 2100 | -218 Unknown
17:08:27.472 9f 80 78 00 c8 | 07 05 00 00 00 00 47 | 0 1825 2100 | -219 Unknown
17:08:27.687 9f 80 78 00 c8 | 07 05 00 00 00 00 47 | 0 1825 2100 | -193 Unknown
17:08:27.901 9f 80 78 00 c8 | 07 05 00 00 00 00 47 | 0 1825 2100 | -224 Unknown
17:08:28.114 9f 80 78 00 c8 | 07 05 00 00 00 00 47 | 0 1825 2100 | -191 Unknown
17:08:28.330 9f 80 78 00 c8 | 07 05 00 00 00 00 47 | 0 1825 2100 | -171 Unknown
17:08:28.560 9f 80 78 00 c8 | 07 05 00 00 00 00 47 | 0 1825 2100 | -207 Unknown
17:08:28.774 9f 80 78 00 c8 | 07 05 00 00 00 00 47 | 0 1825 2100 | -243 Unknown
17:08:28.987 9f 80 78 00 c8 | 07 05 00 00 00 00 47 | 0 1825 2100 | -215 Unknown
17:08:29.194 9f 80 78 00 c8 | 07 05 00 00 00 00 47 | 0 1825 2100 | -192 Unknown
17:08:29.407 9f 80 78 00 c8 | 07 05 00 00 00 00 47 | 0 1825 2100 | -198 Unknown
17:08:29.621 9f 80 78 00 c8 | 07 05 00 00 00 00 47 | 0 1825 2100 | -216 Unknown
17:08:29.826 9f 80 78 00 c8 | 07 05 00 00 00 00 47 | 0 1825 2100 | -230 Unknown
17:08:30.034 9f 80 78 00 c8 | 07 05 00 00 00 00 47 | 0 1825 2100 | -192 Unknown
17:08:30.244 9f 80 78 00 c8 | 07 05 00 00 00 00 47 | 0 1825 2100 | -188 Unknown
17:08:30.459 9f 80 78 00 c8 | 07 05 00 00 00 00 47 | 0 1825 2100 | -219 Unknown
17:08:30.668 9f 80 78 00 c8 | 07 05 00 00 00 00 47 | 0 1825 2100 | -206 Unknown
17:08:30.877 9f 80 78 00 c8 | 07 05 00 00 00 00 47 | 0 1825 2100 | -222 Unknown
17:08:31.090 9f 80 78 00 c8 | 07 05 00 00 00 00 47 | 0 1825 2100 | -212 Unknown
17:08:31.297 9f 80 78 00 c8 | 07 05 00 00 00 00 47 | 0 1825 2100 | -247 Unknown
17:08:31.505 9f 80 78 00 c8 | 07 05 00 00 00 00 47 | 0 1825 2100 | -187 Unknown
17:08:31.716 9f 80 78 00 c8 | 07 05 00 00 00 00 47 | 0 1825 2100 | -203 Unknown
17:08:31.925 9f 80 78 00 c8 | 07 05 00 00 00 00 47 | 0 1825 2100 | -204 Unknown
17:08:32.135 9f 80 78 00 c8 | 07 05 00 00 00 00 47 | 0 1825 2100 | -195 Unknown
17:08:32.351 9f 80 78 00 c8 | 07 05 00 00 00 00 47 | 0 1825 2100 | -196 Unknown
17:08:32.560 9f 80 78 00 c8 | 07 05 00 00 00 00 47 | 0 1825 2100 | -212 Unknown
17:08:32.770 9f 80 78 00 c8 | 07 05 00 00 00 00 47 | 0 1825 2100 | -205 Unknown
17:08:32.980 9f 80 78 00 c8 | 07 05 00 00 00 00 47 | 0 1825 2100 | -196 Unknown
17:08:33.191 9f 80 78 00 c8 | 07 05 00 00 00 00 47 | 0 1825 2100 | -166 Unknown
17:08:33.401 9f 80 78 00 c8 | 07 05 00 00 00 00 47 | 0 1825 2100 | -194 Unknown
17:08:33.611 9f 80 78 00 c8 | 07 05 00 00 00 00 47 | 0 1825 2100 | -185 Unknown
17:08:33.824 9f 80 78 00 c8 | 07 05 00 00 00 00 47 | 0 1825 2100 | -203 Unknown
17:08:34.032 9f 80 78 00 c8 | 07 05 00 00 00 00 47 | 0 1825 2100 | -196 Unknown
17:08:34.249 9f 80 78 00 c8 | 07 05 00 00 00 00 47 | 0 1825 2100 | -226 Unknown
17:08:34.458 9f 80 78 00 c8 | 07 05 00 00 00 00 47 | 0 1825 2100 | -176 Unknown
17:08:34.671 9f 80 78 00 c8 | 07 05 00 00 00 00 47 | 0 1825 2100 | -183 Unknown
17:08:34.882 9f 80 78 00 c8 | 07 05 00 00 00 00 47 | 0 1825 2100 | -193 Unknown
17:08:35.097 9f 80 78 00 c8 | 07 05 00 00 00 00 47 | 0 1825 2100 | -224 Unknown
17:08:35.302 9f 80 78 00 c8 | 07 05 00 00 00 00 47 | 0 1825 2100 | -182 Unknown
17:08:35.513 9f 80 78 00 c8 | 07 05 00 00 00 00 07 | 0 1825 2100 | -216 Unknown
17:08:35.724 9f 80 78 00 c8 | 07 05 00 b1 08 00 07 | 1 1825 2100 | -211 Unknown
17:08:35.936 df e0 31 00 c8 | 27 05 83 b1 08 01 57 | 1 1825 2100 | -222 Unknown
17:08:36.146 df e0 31 00 c8 | 27 05 83 b1 08 01 57 | 1 1825 2100 | 200 Unknown
17:08:36.355 df e0 31 00 c8 | 27 05 83 b1 08 01 57 | 1 1825 2100 | 233 Unknown
17:08:36.565 df e0 31 00 c8 | 27 05 83 b1 08 01 57 | 1 1825 2100 | 212 Unknown
17:08:36.778 df e0 31 00 c8 | 27 05 83 b1 08 01 57 | 1 1825 2100 | 234 Unknown
17:08:36.988 df e0 31 00 c8 | 27 05 83 b1 08 01 57 | 1 1825 2100 | 235 Unknown
17:08:37.192 df e0 31 00 c8 | 27 05 83 b1 08 01 57 | 1 1825 2100 | 207 Unknown
17:08:37.406 df e0 31 00 c8 | 27 05 83 b1 08 01 57 | 1 1825 2100 | 219 Unknown
17:08:37.622 df e0 31 00 c8 | 27 05 83 b1 08 01 57 | 1 1825 2100 | 220 Unknown
17:08:37.833 df e0 31 00 c8 | 27 05 83 b1 08 01 57 | 1 1825 2100 | 230 Unknown
17:08:38.047 df e0 31 00 c8 | 27 05 83 b1 08 01 57 | 1 1825 2100 | 223 Unknown
17:08:38.257 df e0 31 00 c8 | 27 05 83 b1 08 01 57 | 1 1825 2100 | 230 Unknown
17:08:38.466 df e0 31 00 c8 | 27 05 83 b1 08 01 57 | 1 1825 2100 | 177 Unknown
17:08:38.677 df e0 31 00 c8 | 27 05 83 b1 08 01 57 | 1 1825 2100 | 238 Unknown
17:08:38.895 df e0 31 00 c8 | 27 05 83 b1 08 01 57 | 1 1825 2100 | 230 Unknown
17:08:39.106 df e0 31 00 c8 | 27 05 83 b1 08 01 57 | 1 1825 2100 | 210 Unknown
17:08:39.324 df e0 31 00 c8 | 27 05 83 b1 08 01 57 | 1 1825 2100 | 223 Unknown
17:08:39.532 df e0 31 00 c8 | 27 05 83 b1 08 01 57 | 1 1825 2100 | 241 Unknown
17:08:39.743 df e0 31 00 c8 | 27 05 83 b1 08 01 57 | 1 1825 2100 | 225 Unknown
17:08:39.955 df e0 31 00 c8 | 27 05 83 b1 08 01 57 | 1 1825 2100 | 229 Unknown
17:08:40.171 df e0 31 00 c8 | 27 05 83 b1 08 01 57 | 1 1825 2100 | 216 Unknown
17:08:40.385 df e0 31 00 c8 | 27 05 83 b1 08 01 57 | 1 1825 2100 | 214 Unknown
17:08:40.610 df e0 31 00 c8 | 27 05 83 b1 08 01 57 | 1 1825 2100 | 232 Unknown
17:08:40.824 df e0 31 00 c8 | 27 05 83 b1 08 01 57 | 1 1825 2100 | 190 Unknown
17:08:41.038 df e0 31 00 c8 | 27 05 83 b1 08 01 57 | 1 1825 2100 | 218 Unknown
17:08:41.246 df e0 31 00 c8 | 27 05 83 b1 08 01 57 | 1 1825 2100 | 215 Unknown
17:08:41.460 df e0 31 00 c8 | 27 05 83 b1 08 01 57 | 1 1825 2100 | 260 Unknown
17:08:41.670 df e0 31 00 c8 | 27 05 83 b1 08 01 57 | 1 1825 2100 | 222 Unknown
17:08:41.883 df e0 31 00 c8 | 27 05 83 b1 08 01 57 | 1 1825 2100 | 219 Unknown
17:08:42.090 df e0 31 00 c8 | 27 05 83 b1 08 01 57 | 1 1825 2100 | 228 Unknown
17:08:42.303 df e0 31 00 c8 | 27 05 83 b1 08 01 57 | 1 1825 2100 | 246 Unknown
17:08:42.510 df e0 31 00 c8 | 27 05 83 b1 08 01 57 | 1 1825 2100 | 224 Unknown
17:08:42.721 df e0 31 00 c8 | 27 05 83 b1 08 01 57 | 1 1825 2100 | 222 Unknown
17:08:42.926 df e0 31 00 c8 | 27 05 83 b1 08 01 57 | 1 1825 2100 | 222 Unknown
17:08:43.145 df e0 31 00 c8 | 27 05 83 b1 08 01 57 | 1 1825 2100 | 215 Unknown
17:08:43.359 df e0 31 00 c8 | 27 05 83 b1 08 01 57 | 1 1825 2100 | 233 Unknown
17:08:43.579 df e0 31 00 c8 | 27 05 83 b1 08 01 57 | 1 1825 2100 | 255 Unknown
17:08:43.787 df e0 31 00 c8 | 27 05 83 b1 08 01 57 | 1 1825 2100 | 225 Unknown
17:08:43.998 df e0 31 00 c8 | 27 05 83 b1 08 01 57 | 1 1825 2100 | 246 Unknown
17:08:44.210 df e0 31 00 c8 | 27 05 83 b1 08 01 57 | 1 1825 2100 | 235 Unknown
17:08:44.420 df e0 31 00 c8 | 27 05 83 b1 08 01 57 | 1 1825 2100 | 226 Unknown
17:08:44.630 df e0 31 00 c8 | 27 05 83 b1 08 01 57 | 1 1825 2100 | 231 Unknown
17:08:44.845 df e0 31 00 c8 | 27 05 83 b1 08 01 57 | 1 1825 2100 | 245 Unknown
17:08:45.062 df e0 31 00 c8 | 27 05 83 b1 08 01 57 | 1 1825 2100 | 244 Unknown
17:08:45.272 df e0 31 00 c8 | 27 05 83 b1 08 01 57 | 1 1825 2100 | 191 Unknown
17:08:45.492 df e0 31 00 c8 | 27 05 83 b1 08 01 57 | 1 1825 2100 | 210 Unknown
17:08:45.706 df e0 31 00 c8 | 27 05 83 b1 08 01 57 | 1 1825 2100 | 215 Unknown
17:08:45.917 df e0 31 00 c8 | 27 05 83 b1 08 01 57 | 1 1825 2100 | 241 Unknown
17:08:46.124 df e0 31 00 c8 | 27 05 83 b1 08 01 57 | 1 1825 2100 | 189 Unknown
17:08:46.331 df e0 31 00 c8 | 27 05 83 b1 08 01 57 | 1 1825 2100 | 236 Unknown
17:08:46.540 df e0 31 00 c8 | 27 05 83 b1 08 01 57 | 1 1825 2100 | 237 Unknown
17:08:46.749 df e0 31 00 c8 | 27 05 83 b1 08 01 57 | 1 1825 2100 | 246 Unknown
17:08:46.957 df e0 31 00 c8 | 27 05 83 b1 08 01 57 | 1 1825 2100 | 210 Unknown
17:08:47.167 df e0 31 00 c8 | 27 05 83 b1 08 01 57 | 1 1825 2100 | 206 Unknown
17:08:47.386 df e0 31 00 c8 | 27 05 83 b1 08 01 57 | 1 1825 2100 | 195 Unknown
17:08:47.592 df e0 31 00 c8 | 27 05 83 b1 08 01 57 | 1 1825 2100 | 215 Unknown
17:08:47.804 df e0 31 00 c8 | 27 05 83 b1 08 01 57 | 1 1825 2100 | 241 Unknown
17:08:48.018 df e0 31 00 c8 | 27 05 83 b1 08 01 57 | 1 1825 2100 | 240 Unknown
17:08:48.232 df e0 31 00 c8 | 27 05 83 b1 08 01 57 | 1 1825 2100 | 235 Unknown
17:08:48.442 df e0 31 00 c8 | 27 05 83 b1 08 01 57 | 1 1825 2100 | 220 Unknown
17:08:48.647 df e0 31 00 c8 | 27 05 83 b1 08 01 57 | 1 1825 2100 | 269 Unknown
17:08:48.860 df e0 31 00 c8 | 27 05 83 b1 08 01 57 | 1 1825 2100 | 228 Unknown
17:08:49.074 df e0 31 00 c8 | 27 05 83 b1 08 01 57 | 1 1825 2100 | 216 Unknown
17:08:49.284 df e0 31 00 c8 | 27 05 83 b1 08 01 57 | 1 1825 2100 | 233 Unknown
17:08:49.498 df e0 31 00 c8 | 27 05 83 b1 08 01 57 | 1 1825 2100 | 229 Unknown
17:08:49.708 df e0 31 00 c8 | 27 05 83 b1 08 01 57 | 1 1825 2100 | 245 Unknown
17:08:49.918 df e0 31 00 c8 | 27 05 83 b1 08 01 57 | 1 1825 2100 | 215 Unknown
17:08:50.128 df e0 31 00 c8 | 27 05 83 b1 08 01 57 | 1 1825 2100 | 251 Unknown
17:08:50.338 df e0 31 00 c8 | 27 05 83 b1 08 01 57 | 1 1825 2100 | 229 Unknown
17:08:50.550 df e0 31 00 c8 | 27 05 83 b1 08 01 57 | 1 1825 2100 | 225 Unknown
17:08:50.763 df e0 31 00 c8 | 27 05 83 b1 08 01 57 | 1 1825 2100 | 262 Unknown
17:08:50.973 df e0 31 00 c8 | 27 05 83 b1 08 01 57 | 1 1825 2100 | 267 Unknown
17:08:51.179 df e0 31 00 c8 | 27 05 83 b1 08 01 57 | 1 1825 2100 | 244 Unknown
17:08:51.390 df e0 31 00 c8 | 27 05 83 b1 08 01 57 | 1 1825 2100 | 237 Unknown
17:08:51.607 df e0 31 00 c8 | 27 05 83 b1 08 01 57 | 1 1825 2100 | 212 Unknown
17:08:51.815 df e0 31 00 c8 | 27 05 83 b1 08 01 57 | 1 1825 2100 | 241 Unknown
17:08:52.028 df e0 31 00 c8 | 27 05 83 b1 08 01 57 | 1 1825 2100 | 254 Unknown
17:08:52.238 df e0 31 00 c8 | 27 05 83 b1 08 01 57 | 1 1825 2100 | 255 Unknown
17:08:52.449 df e0 31 00 c8 | 27 05 83 b1 08 01 57 | 1 1825 2100 | 224 Unknown
17:08:52.661 df e0 31 00 c8 | 27 05 83 b1 08 01 57 | 1 1825 2100 | 223 Unknown
17:08:52.876 df e0 31 00 c8 | 27 05 83 b1 08 01 57 | 1 1825 2100 | 244 Unknown
17:08:53.088 df e0 31 00 c8 | 27 05 83 b1 08 01 57 | 1 1825 2100 | 246 Unknown
17:08:53.298 df e0 31 00 c8 | 27 05 83 b1 08 01 57 | 1 1825 2100 | 231 Unknown
17:08:53.511 df e0 31 00 c8 | 27 05 83 b1 08 01 57 | 1 1825 2100 | 241 Unknown
17:08:53.726 df e0 31 00 c8 | 27 05 83 b1 08 01 57 | 1 1825 2100 | 230 Unknown
17:08:53.934 df e0 31 00 c8 | 27 05 83 b1 08 01 57 | 1 1825 2100 | 238 Unknown
17:08:54.145 df e0 31 00 c8 | 27 05 83 b1 08 01 57 | 1 1825 2100 | 251 Unknown
17:08:54.357 df e0 31 00 c8 | 27 05 83 b1 08 01 57 | 1 1825 2100 | 229 Unknown
17:08:54.566 df e0 31 00 c8 | 27 05 83 b1 08 01 57 | 1 1825 2100 | 214 Unknown
17:08:54.774 df e0 31 00 c8 | 27 05 83 b1 08 01 57 | 1 1825 2100 | 226 Unknown
17:08:54.979 df e0 31 00 c8 | 27 05 83 b1 08 01 57 | 1 1825 2100 | 209 Unknown
17:08:55.192 df e0 31 00 c8 | 27 05 83 b1 08 01 57 | 1 1825 2100 | 250 Unknown
17:08:55.401 df e0 31 00 c8 | 27 05 83 b1 08 01 57 | 1 1825 2100 | 244 Unknown
17:08:55.619 df e0 31 00 c8 | 27 05 83 b1 08 01 57 | 1 1825 2100 | 231 Unknown
17:08:55.831 df e0 31 00 c8 | 27 05 83 b1 08 01 57 | 1 1825 2100 | 228 Unknown
17:08:56.045 df e0 31 00 c8 | 27 05 83 b1 08 01 57 | 1 1825 2100 | 239 Unknown
17:08:56.263 df e0 31 00 c8 | 27 05 83 b1 08 01 57 | 1 1825 2100 | 222 Unknown
17:08:56.483 df e0 31 00 c8 | 27 05 83 b1 08 01 57 | 1 1825 2100 | 249 Unknown
17:08:56.693 df e0 31 00 c8 | 27 05 83 b1 08 01 57 | 1 1825 2100 | 232 Unknown
17:08:56.909 df e0 31 00 c8 | 27 05 83 b1 08 01 57 | 1 1825 2100 | 230 Unknown
17:08:57.116 df e0 31 00 c8 | 27 05 83 b1 08 01 57 | 1 1825 2100 | 252 Unknown
17:08:57.326 df e0 31 00 c8 | 27 05 83 b1 08 01 57 | 1 1825 2100 | 250 Unknown
17:08:57.532 df e0 31 00 c8 | 27 05 83 b1 08 01 57 | 1 1825 2100 | 242 Unknown
17:08:57.744 df e0 31 00 c8 | 27 05 83 b1 08 01 57 | 1 1825 2100 | 251 Unknown
17:08:57.951 df e0 31 00 c8 | 27 05 83 b1 08 01 57 | 1 1825 2100 | 262 Unknown
17:08:58.156 df e0 31 00 c8 | 27 05 83 b1 08 01 57 | 1 1825 2100 | 254 Unknown
17:08:58.365 df e0 31 00 c8 | 27 05 83 b1 08 01 57 | 1 1825 2100 | 234 Unknown
17:08:58.582 df e0 31 00 c8 | 27 05 83 b1 08 01 57 | 1 1825 2100 | 237 Unknown
17:08:58.789 df e0 31 00 c8 | 27 05 83 b1 08 01 57 | 1 1825 2100 | 223 Unknown
17:08:58.999 df e0 31 00 c8 | 27 05 83 b1 08 01 57 | 1 1825 2100 | 224 Unknown
17:08:59.212 df e0 31 00 c8 | 27 05 83 b1 08 01 57 | 1 1825 2100 | 239 Unknown
17:08:59.419 df e0 31 00 c8 | 27 05 83 b1 08 01 57 | 1 1825 2100 | 242 Unknown
17:08:59.627 df e0 31 00 c8 | 27 05 83 b1 08 01 57 | 1 1825 2100 | 245 Unknown
17:08:59.837 df e0 31 00 c8 | 27 05 83 b1 08 01 57 | 1 1825 2100 | 203 Unknown
17:09:00.047 df e0 31 00 c8 | 27 05 83 b1 08 01 57 | 1 1825 2100 | 236 Unknown
17:09:00.255 df e0 31 00 c8 | 27 05 83 b1 08 01 57 | 1 1825 2100 | 245 Unknown
17:09:00.464 df e0 31 00 c8 | 27 05 83 b1 08 01 57 | 1 1825 2100 | 268 Unknown
17:09:00.678 df e0 31 00 c8 | 27 05 83 b1 08 01 57 | 1 1825 2100 | 246 Unknown
17:09:00.900 df e0 31 00 c8 | 27 05 83 b1 08 01 57 | 1 1825 2100 | 228 Unknown
17:09:01.110 df e0 31 00 c8 | 27 05 83 b1 08 01 57 | 1 1825 2100 | 216 Unknown
17:09:01.323 df e0 31 00 c8 | 27 05 83 b1 08 01 57 | 1 1825 2100 | 240 Unknown
17:09:01.533 df e0 31 00 c8 | 27 05 83 b1 08 01 57 | 1 1825 2100 | 228 Unknown
17:09:01.747 df e0 31 00 c8 | 27 05 83 b1 08 01 57 | 1 1825 2100 | 202 Unknown
17:09:01.962 df e0 31 00 c8 | 27 05 83 b1 08 01 57 | 1 1825 2100 | 179 Unknown
17:09:02.171 df e0 31 00 c8 | 27 05 83 b1 08 01 57 | 1 1825 2100 | 262 Unknown
17:09:02.385 df e0 31 00 c8 | 27 05 83 b1 08 01 57 | 1 1825 2100 | 235 Unknown
17:09:02.592 df e0 31 00 c8 | 27 05 83 b1 08 01 57 | 1 1825 2100 | 232 Unknown
17:09:02.810 df e0 31 00 c8 | 27 05 83 b1 08 01 57 | 1 1825 2100 | 234 Unknown
17:09:03.020 df e0 31 00 c8 | 27 05 83 b1 08 01 57 | 1 1825 2100 | 223 Unknown
17:09:03.236 df e0 31 00 c8 | 27 05 83 b1 08 01 57 | 1 1825 2100 | 222 Unknown
17:09:03.446 df e0 31 00 c8 | 27 05 83 b1 08 01 57 | 1 1825 2100 | 205 Unknown
17:09:03.657 df e0 31 00 c8 | 27 05 83 b1 08 01 57 | 1 1825 2100 | 254 Unknown
17:09:03.871 df e0 31 00 c8 | 27 05 83 b1 08 01 57 | 1 1825 2100 | 218 Unknown
17:09:04.086 df e0 31 00 c8 | 27 05 83 b1 08 01 57 | 1 1825 2100 | 231 Unknown
17:09:04.305 df e0 31 00 c8 | 27 05 83 b1 08 01 57 | 1 1825 2100 | 251 Unknown
17:09:04.518 df e0 31 00 c8 | 27 05 83 b1 08 01 57 | 1 1825 2100 | 251 Unknown
17:09:04.733 df e0 31 00 c8 | 27 05 83 b1 08 01 57 | 1 1825 2100 | 241 Unknown
17:09:04.951 df e0 31 00 c8 | 27 05 83 b1 08 01 57 | 1 1825 2100 | 239 Unknown
17:09:05.166 df e0 31 00 c8 | 27 05 83 b1 08 01 57 | 1 1825 2100 | 194 Unknown
17:09:05.383 df e0 31 00 c8 | 27 05 83 b1 08 01 57 | 1 1825 2100 | 240 Unknown
17:09:05.606 df e0 31 00 c8 | 27 05 83 b1 08 01 57 | 1 1825 2100 | 209 Unknown
17:09:05.818 df e0 31 00 c8 | 27 05 83 b1 08 01 57 | 1 1825 2100 | 239 Unknown
17:09:06.032 df e0 31 00 c8 | 27 05 83 b1 08 01 57 | 1 1825 2100 | 229 Unknown
17:09:06.249 df e0 31 00 c8 | 27 05 83 b1 08 01 57 | 1 1825 2100 | 251 Unknown
17:09:06.468 df e0 31 00 c8 | 27 05 83 b1 08 01 57 | 1 1825 2100 | 245 Unknown
17:09:06.684 df e0 31 00 c8 | 27 05 83 b1 08 01 57 | 1 1825 2100 | 175 Unknown
17:09:06.898 df e0 31 00 c8 | 27 05 83 b1 08 01 57 | 1 1825 2100 | 243 Unknown
17:09:07.119 df e0 31 00 c8 | 27 05 83 b1 08 01 57 | 1 1825 2100 | 240 Unknown
17:09:07.334 df e0 31 00 c8 | 27 05 83 b1 08 01 57 | 1 1825 2100 | 246 Unknown
17:09:07.552 df e0 31 00 c8 | 27 05 83 b1 08 01 57 | 1 1825 2100 | 272 Unknown
17:09:07.772 df e0 31 00 c8 | 27 05 83 b1 08 01 57 | 1 1825 2100 | 257 Unknown
17:09:07.995 df e0 31 00 c8 | 27 05 83 b1 08 01 57 | 1 1825 2100 | 245 Unknown
17:09:08.204 df e0 31 00 c8 | 27 05 83 b1 08 01 57 | 1 1825 2100 | 247 Unknown
17:09:08.427 df e0 31 00 c8 | 27 05 83 b1 08 01 57 | 1 1825 2100 | 218 Unknown
17:09:08.639 df e0 31 00 c8 | 27 05 83 b1 08 01 57 | 1 1825 2100 | 226 Unknown
17:09:08.851 df e0 31 00 c8 | 27 05 83 b1 08 01 57 | 1 1825 2100 | 260 Unknown
17:09:09.066 df e0 31 00 c8 | 27 05 83 b1 08 01 57 | 1 1825 2100 | 256 Unknown
17:09:09.274 df e0 31 00 c8 | 27 05 83 b1 08 01 57 | 1 1825 2100 | 241 Unknown
17:09:09.485 df e0 31 00 c8 | 27 05 83 b1 08 01 57 | 1 1825 2100 | 234 Unknown
17:09:09.694 df e0 31 00 c8 | 27 05 83 b1 08 01 57 | 1 1825 2100 | 264 Unknown
17:09:09.908 df e0 31 00 c8 | 27 05 83 b1 08 01 57 | 1 1825 2100 | 221 Unknown
17:09:10.121 df e0 31 00 c8 | 27 05 83 b1 08 01 57 | 1 1825 2100 | 240 Unknown
17:09:10.336 df e0 31 00 c8 | 27 05 83 b1 08 01 57 | 1 1825 2100 | 232 Unknown
17:09:10.550 df e0 31 00 c8 | 27 05 83 b1 08 01 57 | 1 1825 2100 | 212 Unknown
17:09:10.770 df e0 31 00 c8 | 27 05 83 b1 08 01 57 | 1 1825 2100 | 250 Unknown
17:09:10.995 df e0 31 00 c8 | 27 05 83 b1 08 01 57 | 1 1825 2100 | 217 Unknown
17:09:11.210 df e0 31 00 c8 | 27 05 83 b1 08 01 57 | 1 1825 2100 | 231 Unknown
17:09:11.430 df e0 31 00 c8 | 27 05 83 b1 08 01 57 | 1 1825 2100 | 198 Unknown
17:09:11.639 df e0 31 00 c8 | 27 05 83 b1 08 01 57 | 1 1825 2100 | 251 Unknown
17:09:11.851 df e0 31 00 c8 | 27 05 83 b1 08 01 57 | 1 1825 2100 | 251 Unknown
17:09:12.072 df e0 31 00 c8 | 27 05 83 b1 08 00 07 | 0 1825 2100 | 229 Unknown
17:09:12.285 9f 80 78 00 c8 | 07 05 00 00 00 00 07 | 0 1825 2100 | -195 Unknown
17:09:12.493 9f 80 78 00 c8 | 07 05 00 00 00 00 07 | 0 1825 2100 | -209 Unknown
17:09:12.710 9f 80 78 00 c8 | 07 05 00 00 00 00 47 | 0 1825 2100 | -209 Unknown
17:09:12.925 9f 80 78 00 c8 | 07 05 00 00 00 00 47 | 0 1825 2100 | -195 Unknown
17:09:13.143 9f 80 78 00 c8 | 07 05 00 00 00 00 47 | 0 1825 2100 | -227 Unknown
17:09:13.358 9f 80 78 00 c8 | 07 05 00 00 00 00 47 | 0 1825 2100 | -253 Unknown
17:09:13.572 9f 80 78 00 c8 | 07 05 00 00 00 00 47 | 0 1825 2100 | -200 Unknown
17:09:13.787 9f 80 78 00 c8 | 07 05 00 00 00 00 47 | 0 1825 2100 | -212 Unknown
17:09:13.998 9f 80 78 00 c8 | 07 05 00 00 00 00 47 | 0 1825 2100 | -181 Unknown
17:09:14.216 9f 80 78 00 c8 | 07 05 00 00 00 00 47 | 0 1825 2100 | -192 Unknown
17:09:14.427 9f 80 78 00 c8 | 07 05 00 00 00 00 47 | 0 1825 2100 | -258 Unknown
17:09:14.643 9f 80 78 00 c8 | 07 05 00 00 00 00 47 | 0 1825 2100 | -188 Unknown
17:09:14.860 9f 80 78 00 c8 | 07 05 00 00 00 00 47 | 0 1825 2100 | -166 Unknown
17:09:15.075 9f 80 78 00 c8 | 07 05 00 00 00 00 47 | 0 1825 2100 | -197 Unknown
17:09:15.289 9f 80 78 00 c8 | 07 05 00 00 00 00 47 | 0 1825 2100 | -201 Unknown
17:09:15.508 9f 80 78 00 c8 | 07 05 00 00 00 00 47 | 0 1825 2100 | -193 Unknown
17:09:15.736 9f 80 78 00 c8 | 07 05 00 00 00 00 47 | 0 1825 2100 | -208 Unknown
17:09:15.949 9f 80 78 00 c8 | 07 05 00 00 00 00 47 | 0 1825 2100 | -199 Unknown
17:09:16.167 9f 80 78 00 c8 | 07 05 00 00 00 00 47 | 0 1825 2100 | -224 Unknown
17:09:16.379 9f 80 78 00 c8 | 07 05 00 00 00 00 47 | 0 1825 2100 | -180 Unknown
17:09:16.596 9f 80 78 00 c8 | 07 05 00 00 00 00 47 | 0 1825 2100 | -181 Unknown
17:09:16.814 9f 80 78 00 c8 | 07 05 00 00 00 00 47 | 0 1825 2100 | -202 Unknown
17:09:17.029 9f 80 78 00 c8 | 07 05 00 00 00 00 47 | 0 1825 2100 | -227 Unknown
17:09:17.252 9f 80 78 00 c8 | 07 05 00 00 00 00 47 | 0 1825 2100 | -198 Unknown
17:09:17.466 9f 80 78 00 c8 | 07 05 00 00 00 00 47 | 0 1825 2100 | -202 Unknown
17:09:17.685 9f 80 78 00 c8 | 07 05 00 00 00 00 47 | 0 1825 2100 | -181 Unknown
17:09:17.909 9f 80 78 00 c8 | 07 05 00 00 00 00 47 | 0 1825 2100 | -205 Unknown
17:09:18.127 9f 80 78 00 c8 | 07 05 00 00 00 00 47 | 0 1825 2100 | -180 Unknown
17:09:18.340 9f 80 78 00 c8 | 07 05 00 00 00 00 47 | 0 1825 2100 | -198 Unknown
17:09:18.558 9f 80 78 00 c8 | 07 05 00 00 00 00 47 | 0 1825 2100 | -222 Unknown
17:09:18.771 9f 80 78 00 c8 | 07 05 00 00 00 00 47 | 0 1825 2100 | -182 Unknown
17:09:18.982 9f 80 78 00 c8 | 07 05 00 00 00 00 47 | 0 1825 2100 | -224 Unknown
17:09:19.196 9f 80 78 00 c8 | 07 05 00 00 00 00 47 | 0 1825 2100 | -187 Unknown
17:09:19.412 9f 80 78 00 c8 | 07 05 00 00 00 00 47 | 0 1825 2100 | -193 Unknown
17:09:19.626 9f 80 78 00 c8 | 07 05 00 00 00 00 47 | 0 1825 2100 | -194 Unknown
17:09:19.841 9f 80 78 00 c8 | 07 05 00 00 00 00 47 | 0 1825 2100 | -217 Unknown
17:09:20.058 9f 80 78 00 c8 | 07 05 00 00 00 00 47 | 0 1825 2100 | -171 Unknown
17:09:20.269 9f 80 78 00 c8 | 07 05 00 00 00 00 47 | 0 1825 2100 | -209 Unknown
17:09:20.489 9f 80 78 00 c8 | 07 05 00 00 00 00 47 | 0 1825 2100 | -166 Unknown
17:09:20.698 9f 80 78 00 c8 | 07 05 00 00 00 00 47 | 0 1825 2100 | -180 Unknown
17:09:20.916 9f 80 78 00 c8 | 07 05 00 00 00 00 47 | 0 1825 2100 | -237 Unknown
17:09:21.129 9f 80 78 00 c8 | 07 05 00 00 00 00 47 | 0 1825 2100 | -204 Unknown
17:09:21.344 9f 80 78 00 c8 | 07 05 00 00 00 00 47 | 0 1825 2100 | -206 Unknown
17:09:21.562 9f 80 78 00 c8 | 07 05 00 00 00 00 47 | 0 1825 2100 | -219 Unknown
17:09:21.788 9f 80 78 00 c8 | 07 05 00 00 00 00 47 | 0 1825 2100 | -195 Unknown
17:09:22.011 9f 80 78 00 c8 | 07 05 00 00 00 00 47 | 0 1825 2100 | -202 Unknown
17:09:22.227 9f 80 78 00 c8 | 07 05 00 00 00 00 47 | 0 1825 2100 | -206 Unknown
17:09:22.446 9f 80 78 00 c8 | 07 05 00 00 00 00 47 | 0 1825 2100 | -169 Unknown
17:09:22.666 9f 80 78 00 c8 | 07 05 00 00 00 00 47 | 0 1825 2100 | -202 Unknown
17:09:22.877 9f 80 78 00 c8 | 07 05 00 00 00 00 47 | 0 1825 2100 | -175 Unknown
17:09:23.097 9f 80 78 00 c8 | 07 05 00 00 00 00 47 | 0 1825 2100 | -174 Unknown
17:09:23.319 9f 80 78 00 c8 | 07 05 00 00 00 00 47 | 0 1825 2100 | -207 Unknown
17:09:23.533 9f 80 78 00 c8 | 07 05 00 00 00 00 47 | 0 1825 2100 | -206 Unknown
17:09:23.750 9f 80 78 00 c8 | 07 05 00 a1 08 00 07 | 1 1825 2100 | -283 Unknown
17:09:23.975 df e0 31 00 c8 | 27 05 81 b1 08 43 57 | 1 1825 2100 | -200 Unknown
17:09:24.191 df e0 31 00 c8 | 27 05 81 a1 08 43 57 | 1 1825 2100 | 224 Unknown
17:09:24.407 df e0 31 00 c8 | 27 05 81 b1 08 43 57 | 1 1825 2100 | 183 Unknown
17:09:24.624 df e0 31 00 c8 | 27 05 81 b1 08 43 57 | 1 1825 2100 | 187 Unknown
17:09:24.852 df e0 31 00 c8 | 27 05 81 b1 08 43 57 | 1 1825 2100 | 237 Unknown
17:09:25.061 df e0 31 00 c8 | 27 05 81 b1 08 43 57 | 1 1825 2100 | 198 Unknown
17:09:25.270 df e0 31 00 c8 | 27 05 81 b1 08 43 57 | 1 1825 2100 | 224 Unknown
17:09:25.486 df e0 31 00 c8 | 27 05 81 b1 08 43 57 | 1 1825 2100 | 205 Unknown
17:09:25.701 df e0 31 00 c8 | 27 05 81 b1 08 43 57 | 1 1825 2100 | 218 Unknown
17:09:25.918 df e0 31 00 c8 | 27 05 81 b1 08 43 57 | 1 1825 2100 | 182 Unknown
17:09:26.130 df e0 31 00 c8 | 27 05 81 b1 08 43 57 | 1 1825 2100 | 197 Unknown
17:09:26.349 df e0 31 00 c8 | 27 05 81 b1 08 43 57 | 1 1825 2100 | 207 Unknown
17:09:26.567 df e0 31 00 c8 | 27 05 81 b1 08 43 57 | 1 1825 2100 | 203 Unknown
17:09:26.786 df e0 31 00 c8 | 27 05 81 b1 08 43 57 | 1 1825 2100 | 226 Unknown
17:09:27.006 df e0 31 00 c8 | 27 05 81 b1 08 43 57 | 1 1825 2100 | 230 Unknown
17:09:27.229 df e0 31 00 c8 | 27 05 81 b1 08 43 57 | 1 1825 2100 | 215 Unknown
17:09:27.446 df e0 31 00 c8 | 27 05 81 b1 08 43 57 | 1 1825 2100 | 206 Unknown
17:09:27.661 df e0 31 00 c8 | 27 05 81 b1 08 43 57 | 1 1825 2100 | 220 Unknown
17:09:27.877 df e0 31 00 c8 | 27 05 81 b1 08 43 57 | 1 1825 2100 | 231 Unknown
17:09:28.096 df e0 31 00 c8 | 27 05 81 b1 08 43 57 | 1 1825 2100 | 212 Unknown
17:09:28.313 df e0 31 00 c8 | 27 05 81 b1 08 43 57 | 1 1825 2100 | 238 Unknown
17:09:28.527 df e0 31 00 c8 | 27 05 81 b1 08 43 57 | 1 1825 2100 | 228 Unknown
17:09:28.742 df e0 31 00 c8 | 27 05 81 b1 08 43 57 | 1 1825 2100 | 224 Unknown
17:09:28.955 df e0 31 00 c8 | 27 05 81 b1 08 43 57 | 1 1825 2100 | 231 Unknown
17:09:29.170 df e0 31 00 c8 | 27 05 81 b1 08 43 57 | 1 1825 2100 | 212 Unknown
17:09:29.381 df e0 31 00 c8 | 27 05 81 b1 08 43 57 | 1 1825 2100 | 236 Unknown
17:09:29.599 df e0 31 00 c8 | 27 05 81 b1 08 43 57 | 1 1825 2100 | 232 Unknown
17:09:29.813 df e0 31 00 c8 | 27 05 81 b1 08 43 57 | 1 1825 2100 | 222 Unknown
17:09:30.025 df e0 31 00 c8 | 27 05 81 b1 08 43 57 | 1 1825 2100 | 175 Unknown
17:09:30.240 df e0 31 00 c8 | 27 05 81 b1 08 43 57 | 1 1825 2100 | 227 Unknown
17:09:30.452 df e0 31 00 c8 | 27 05 81 b1 08 43 57 | 1 1825 2100 | 233 Unknown
17:09:30.666 df e0 31 00 c8 | 27 05 81 b1 08 43 57 | 1 1825 2100 | 226 Unknown
17:09:30.882 df e0 31 00 c8 | 27 05 81 b1 08 43 57 | 1 1825 2100 | 241 Unknown
17:09:31.089 df e0 31 00 c8 | 27 05 81 b1 08 43 57 | 1 1825 2100 | 220 Unknown
17:09:31.304 df e0 31 00 c8 | 27 05 81 b1 08 43 57 | 1 1825 2100 | 220 Unknown
17:09:31.526 df e0 31 00 c8 | 27 05 81 b1 08 43 57 | 1 1825 2100 | 239 Unknown
17:09:31.742 df e0 31 00 c8 | 27 05 81 b1 08 43 57 | 1 1825 2100 | 222 Unknown
17:09:31.951 df e0 31 00 c8 | 27 05 81 b1 08 43 57 | 1 1825 2100 | 192 Unknown
17:09:32.161 df e0 31 00 c8 | 27 05 81 b1 08 43 57 | 1 1825 2100 | 214 Unknown
17:09:32.376 df e0 31 00 c8 | 27 05 81 b1 08 43 57 | 1 1825 2100 | 210 Unknown
17:09:32.597 df e0 31 00 c8 | 27 05 81 b1 08 43 57 | 1 1825 2100 | 230 Unknown
17:09:32.810 df e0 31 00 c8 | 27 05 81 b1 08 43 57 | 1 1825 2100 | 253 Unknown
17:09:33.025 df e0 31 00 c8 | 27 05 81 b1 08 43 57 | 1 1825 2100 | 233 Unknown
17:09:33.239 df e0 31 00 c8 | 27 05 81 b1 08 43 57 | 1 1825 2100 | 237 Unknown
17:09:33.454 df e0 31 00 c8 | 27 05 81 b1 08 43 57 | 1 1825 2100 | 240 Unknown
17:09:33.670 df e0 31 00 c8 | 27 05 81 b1 08 43 57 | 1 1825 2100 | 220 Unknown
17:09:33.881 df e0 31 00 c8 | 27 05 81 b1 08 43 57 | 1 1825 2100 | 200 Unknown
17:09:34.098 df e0 31 00 c8 | 27 05 81 b1 08 43 57 | 1 1825 2100 | 199 Unknown
17:09:34.311 df e0 31 00 c8 | 27 05 81 b1 08 43 57 | 1 1825 2100 | 237 Unknown
17:09:34.534 df e0 31 00 c8 | 27 05 81 b1 08 43 57 | 1 1825 2100 | 236 Unknown
17:09:34.750 df e0 31 00 c8 | 27 05 81 b1 08 43 57 | 1 1825 2100 | 247 Unknown
17:09:34.962 df e0 31 00 c8 | 27 05 81 b1 08 43 57 | 1 1825 2100 | 213 Unknown
17:09:35.178 df e0 31 00 c8 | 27 05 81 b1 08 43 57 | 1 1825 2100 | 245 Unknown
17:09:35.385 df e0 31 00 c8 | 27 05 81 b1 08 43 57 | 1 1825 2100 | 232 Unknown
17:09:35.595 df e0 31 00 c8 | 27 05 81 b1 08 43 57 | 1 1825 2100 | 228 Unknown
17:09:35.807 df e0 31 00 c8 | 27 05 81 b1 08 43 57 | 1 1825 2100 | 222 Unknown
17:09:36.028 df e0 31 00 c8 | 27 05 81 b1 08 43 57 | 1 1825 2100 | 222 Unknown
17:09:36.240 df e0 31 00 c8 | 27 05 81 b1 08 43 57 | 1 1825 2100 | 215 Unknown
17:09:36.453 df e0 31 00 c8 | 27 05 81 b1 08 43 57 | 1 1825 2100 | 227 Unknown
17:09:36.675 df e0 31 00 c8 | 27 05 81 b1 08 43 57 | 1 1825 2100 | 216 Unknown
17:09:36.886 df e0 31 00 c8 | 27 05 81 b1 08 43 57 | 1 1825 2100 | 217 Unknown
17:09:37.111 df e0 31 00 c8 | 27 05 81 b1 08 43 57 | 1 1825 2100 | 244 Unknown
17:09:37.323 df e0 31 00 c8 | 27 05 81 b1 08 43 57 | 1 1825 2100 | 210 Unknown
17:09:37.540 df e0 31 00 c8 | 27 05 81 b1 08 43 57 | 1 1825 2100 | 225 Unknown
17:09:37.758 df e0 31 00 c8 | 27 05 81 b1 08 43 57 | 1 1825 2100 | 220 Unknown
17:09:37.974 df e0 31 00 c8 | 27 05 81 b1 08 43 57 | 1 1825 2100 | 219 Unknown
17:09:38.191 df e0 31 00 c8 | 27 05 81 b1 08 43 57 | 1 1825 2100 | 227 Unknown
17:09:38.412 df e0 31 00 c8 | 27 05 81 b1 08 43 57 | 1 1825 2100 | 206 Unknown
17:09:38.623 df e0 31 00 c8 | 27 05 81 b1 08 43 57 | 1 1825 2100 | 180 Unknown
17:09:38.843 df e0 31 00 c8 | 27 05 81 b1 08 43 57 | 1 1825 2100 | 239 Unknown
17:09:39.060 df e0 31 00 c8 | 27 05 81 b1 08 43 57 | 1 1825 2100 | 208 Unknown
17:09:39.276 df e0 31 00 c8 | 27 05 81 b1 08 43 57 | 1 1825 2100 | 227 Unknown
17:09:39.489 df e0 31 00 c8 | 27 05 81 b1 08 43 57 | 1 1825 2100 | 197 Unknown
17:09:39.705 df e0 31 00 c8 | 27 05 81 b1 08 43 57 | 1 1825 2100 | 233 Unknown
17:09:39.921 df e0 31 00 c8 | 27 05 81 b1 08 43 57 | 1 1825 2100 | 239 Unknown
17:09:40.134 df e0 31 00 c8 | 27 05 81 b1 08 43 57 | 1 1825 2100 | 249 Unknown
17:09:40.348 df e0 31 00 c8 | 27 05 81 b1 08 43 57 | 1 1825 2100 | 192 Unknown
17:09:40.560 df e0 31 00 c8 | 27 05 81 b1 08 43 57 | 1 1825 2100 | 221 Unknown
17:09:40.773 df e0 31 00 c8 | 27 05 81 b1 08 43 57 | 1 1825 2100 | 230 Unknown
17:09:40.983 df e0 31 00 c8 | 27 05 81 b1 08 43 57 | 1 1825 2100 | 240 Unknown
17:09:41.199 df e0 31 00 c8 | 27 05 81 b1 08 43 57 | 1 1825 2100 | 236 Unknown
17:09:41.414 df e0 31 00 c8 | 27 05 81 b1 08 43 57 | 1 1825 2100 | 240 Unknown
17:09:41.631 df e0 31 00 c8 | 27 05 81 b1 08 43 57 | 1 1825 2100 | 206 Unknown
17:09:41.849 df e0 31 00 c8 | 27 05 81 b1 08 43 57 | 1 1825 2100 | 240 Unknown
17:09:42.069 df e0 31 00 c8 | 27 05 81 b1 08 43 57 | 1 1825 2100 | 223 Unknown
17:09:42.286 df e0 31 00 c8 | 27 05 81 b1 08 43 57 | 1 1825 2100 | 240 Unknown
17:09:42.494 df e0 31 00 c8 | 27 05 81 b1 08 43 57 | 1 1825 2100 | 223 Unknown
17:09:42.708 df e0 31 00 c8 | 27 05 81 b1 08 43 57 | 1 1825 2100 | 233 Unknown
17:09:42.927 df e0 31 00 c8 | 27 05 81 b1 08 43 57 | 1 1825 2100 | 234 Unknown
17:09:43.138 df e0 31 00 c8 | 27 05 81 b1 08 43 57 | 1 1825 2100 | 227 Unknown
17:09:43.358 df e0 31 00 c8 | 27 05 81 b1 08 43 57 | 1 1825 2100 | 231 Unknown
17:09:43.567 df e0 31 00 c8 | 27 05 81 b1 08 43 57 | 1 1825 2100 | 231 Unknown
17:09:43.785 df e0 31 00 c8 | 27 05 81 b1 08 43 57 | 1 1825 2100 | 230 Unknown
17:09:44.002 df e0 31 00 c8 | 27 05 81 b1 08 43 57 | 1 1825 2100 | 232 Unknown
17:09:44.221 df e0 31 00 c8 | 27 05 81 b1 08 43 57 | 1 1825 2100 | 259 Unknown
17:09:44.434 df e0 31 00 c8 | 27 05 81 b1 08 43 57 | 1 1825 2100 | 223 Unknown
17:09:44.651 df e0 31 00 c8 | 27 05 81 b1 08 43 57 | 1 1825 2100 | 266 Unknown
17:09:44.868 df e0 31 00 c8 | 27 05 81 b1 08 43 57 | 1 1825 2100 | 233 Unknown
17:09:45.081 df e0 31 00 c8 | 27 05 81 b1 08 43 57 | 1 1825 2100 | 192 Unknown
17:09:45.298 df e0 31 00 c8 | 27 05 81 b1 08 43 57 | 1 1825 2100 | 207 Unknown
17:09:45.514 df e0 31 00 c8 | 27 05 81 b1 08 43 57 | 1 1825 2100 | 230 Unknown
17:09:45.742 df e0 31 00 c8 | 27 05 81 b1 08 43 57 | 1 1825 2100 | 237 Unknown
17:09:45.954 df e0 31 00 c8 | 27 05 81 b1 08 43 57 | 1 1825 2100 | 232 Unknown
