time chg[INT_OK DTLS00 DTLS01 DTLS02 CNFG09] usbc[ST1 ST2 BC CC0 CC1 PD0 PD1] online
17:02:54.378 df e0 31 00 a3 | 27 05 81 71 08 43 57 | 1
17:02:54.584 df e0 31 00 a3 | 27 05 81 71 08 43 57 | 1
17:02:54.787 df e0 31 00 a3 | 27 05 81 71 08 43 57 | 1
17:02:54.987 df e0 31 00 a3 | 27 05 81 71 08 43 57 | 1
17:02:55.190 df e0 31 00 a3 | 27 05 81 71 08 43 57 | 1
17:02:55.388 df e0 31 00 a3 | 27 05 81 71 08 43 57 | 1
17:02:55.596 df e0 31 00 a3 | 27 05 81 71 08 43 57 | 1
17:02:55.807 df e0 31 00 a3 | 27 05 81 71 08 43 57 | 1
17:02:56.010 df e0 31 00 a3 | 27 05 81 71 08 43 57 | 1
17:02:56.219 df e0 31 00 a3 | 27 05 81 71 08 43 57 | 1
17:02:56.422 df e0 31 00 a3 | 27 05 81 71 08 43 57 | 1
17:02:56.626 df e0 31 00 a3 | 27 05 81 71 08 43 57 | 1
17:02:56.825 df e0 31 00 a3 | 27 05 81 71 08 43 57 | 1
17:02:57.030 df e0 31 00 a3 | 27 05 81 71 08 43 57 | 1
17:02:57.238 df e0 31 00 a3 | 27 05 81 71 08 43 57 | 1
17:02:57.442 df e0 31 00 a3 | 27 05 81 71 08 43 57 | 1
17:02:57.645 df e0 31 00 a3 | 27 05 81 71 08 43 57 | 1
17:02:57.850 df e0 31 00 a3 | 27 05 81 71 08 43 57 | 1
17:02:58.053 df e0 31 00 a3 | 27 05 81 71 08 43 57 | 1
17:02:58.260 df e0 31 00 a3 | 27 05 81 71 08 43 57 | 1
17:02:58.463 df e0 31 00 a3 | 27 05 81 71 08 43 57 | 1
17:02:58.667 df e0 31 00 a3 | 27 05 81 71 08 43 57 | 1
17:02:58.871 df e0 31 00 a3 | 27 05 81 71 08 43 57 | 1
17:02:59.071 df e0 31 00 a3 | 27 05 81 71 08 43 57 | 1
17:02:59.274 df e0 31 00 a3 | 27 05 81 71 08 43 57 | 1
17:02:59.478 df e0 31 00 a3 | 27 05 81 71 08 43 57 | 1
17:02:59.677 df e0 31 00 a3 | 27 05 81 71 08 43 57 | 1
17:02:59.882 df e0 31 00 a3 | 27 05 81 71 08 43 57 | 1
17:03:00.090 df e0 31 00 a3 | 27 05 81 71 08 43 57 | 1
17:03:00.291 df e0 31 00 a3 | 27 05 81 71 08 43 57 | 1
17:03:00.502 df e0 31 00 a3 | 27 05 81 71 08 43 57 | 1
17:03:00.704 df e0 31 00 a3 | 27 05 81 71 08 43 57 | 1
17:03:00.917 df e0 31 00 a3 | 27 05 81 71 08 43 57 | 1
17:03:01.117 df e0 31 00 a3 | 27 05 81 71 08 43 57 | 1
17:03:01.318 df e0 31 00 a3 | 27 05 81 71 08 43 57 | 1
17:03:01.522 df e0 31 00 a3 | 27 05 81 71 08 43 57 | 1
17:03:01.726 df e0 31 00 a3 | 27 05 81 71 08 43 57 | 1
17:03:01.938 9f 80 78 00 a3 | 07 05 00 00 00 00 07 | 0
17:03:02.142 9f 80 78 00 a3 | 07 05 00 00 00 00 07 | 0
17:03:02.344 9f 80 78 00 a3 | 07 05 00 00 00 00 47 | 0
17:03:02.545 9f 80 78 00 a3 | 07 05 00 00 00 00 47 | 0
17:03:02.749 9f 80 78 00 a3 | 07 05 00 00 00 00 47 | 0
17:03:02.957 9f 80 78 00 a3 | 07 05 00 00 00 00 47 | 0
17:03:03.159 9f 80 78 00 a3 | 07 05 00 00 00 00 47 | 0
17:03:03.362 9f 80 78 00 a3 | 07 05 00 00 00 00 47 | 0
17:03:03.569 9f 80 78 00 a3 | 07 05 00 00 00 00 47 | 0
17:03:03.776 9f 80 78 00 a3 | 07 05 00 00 00 00 47 | 0
17:03:03.978 9f 80 78 00 a3 | 07 05 00 00 00 00 47 | 0
17:03:04.182 9f 80 78 00 a3 | 07 05 00 00 00 00 47 | 0
17:03:04.385 9f 80 78 00 a3 | 07 05 00 00 00 00 47 | 0
17:03:04.588 9f 80 78 00 a3 | 07 05 00 00 00 00 47 | 0
17:03:04.792 9f 80 78 00 a3 | 07 05 00 00 00 00 47 | 0
17:03:04.995 9f 80 78 00 a3 | 07 05 00 00 00 00 47 | 0
17:03:05.201 9f 80 78 00 a3 | 07 05 00 00 00 00 47 | 0
17:03:05.403 9f 80 78 00 a3 | 07 05 00 00 00 00 47 | 0
17:03:05.606 9f 80 78 00 a3 | 07 05 00 00 00 00 47 | 0
17:03:05.810 9f 80 78 00 a3 | 07 05 00 00 00 00 47 | 0
17:03:06.018 9f 80 78 00 a3 | 07 05 00 00 00 00 47 | 0
17:03:06.222 9f 80 78 00 a3 | 07 05 00 00 00 00 47 | 0
17:03:06.431 9f 80 78 00 a3 | 07 05 00 00 00 00 47 | 0
17:03:06.635 9f 80 78 00 a3 | 07 05 00 00 00 00 47 | 0
17:03:06.839 9f 80 78 00 a3 | 07 05 00 00 00 00 47 | 0
17:03:07.044 9f 80 78 00 a3 | 07 05 00 00 00 00 47 | 0
17:03:07.246 9f 80 78 00 a3 | 07 05 00 00 00 00 47 | 0
17:03:07.469 9f 80 78 00 a3 | 07 05 00 00 00 00 47 | 0
17:03:07.675 9f 80 78 00 a3 | 07 05 00 00 00 00 47 | 0
17:03:07.881 9f 80 78 00 a3 | 07 05 00 00 00 00 47 | 0
17:03:08.088 9f 80 78 00 a3 | 07 05 00 00 00 00 47 | 0
17:03:08.283 9f 80 78 00 a3 | 07 05 00 00 00 00 47 | 0
17:03:08.481 9f 80 78 00 a3 | 07 05 00 00 00 00 47 | 0
17:03:08.685 9f 80 78 00 a3 | 07 05 00 00 00 00 47 | 0
17:03:08.900 9f 80 78 00 a3 | 07 05 00 00 00 00 47 | 0
17:03:09.107 9f 80 78 00 a3 | 07 05 00 00 00 00 47 | 0
17:03:09.310 9f 80 78 00 a3 | 07 05 00 00 00 00 47 | 0
17:03:09.516 9f 80 78 00 a3 | 07 05 00 00 00 00 47 | 0
17:03:09.728 9f 80 78 00 a3 | 07 05 00 00 00 00 47 | 0
17:03:09.935 9f 80 78 00 a3 | 07 05 00 00 00 00 47 | 0
17:03:10.143 9f 80 78 00 a3 | 07 05 00 00 00 00 47 | 0
17:03:10.354 9f 80 78 00 a3 | 07 05 00 00 00 00 47 | 0
17:03:10.559 9f 80 78 00 a3 | 07 05 00 00 00 00 47 | 0
17:03:10.764 9f 80 78 00 a3 | 07 05 00 00 00 00 47 | 0
17:03:10.974 9f 80 78 00 a3 | 07 05 00 00 00 00 47 | 0
17:03:11.180 9f 80 78 00 a3 | 07 05 00 00 00 00 47 | 0
17:03:11.393 9f 80 78 00 a3 | 07 05 00 00 00 00 07 | 0
17:03:11.616 df e0 48 00 a3 | 27 05 80 b1 08 00 07 | 1
17:03:11.826 df e0 31 00 a3 | 27 05 83 b1 08 01 57 | 1
17:03:12.032 df e0 31 00 a3 | 27 05 83 b1 08 01 57 | 1
17:03:12.235 df e0 31 00 a3 | 27 05 83 b1 08 01 57 | 1
17:03:12.440 df e0 31 00 a3 | 27 05 83 b1 08 01 57 | 1
17:03:12.673 df e0 31 00 a3 | 27 05 83 b1 08 01 57 | 1
17:03:12.876 df e0 31 00 a3 | 27 05 83 b1 08 01 57 | 1
17:03:13.080 df e0 31 00 a3 | 27 05 83 b1 08 01 57 | 1
17:03:13.286 df e0 31 00 a3 | 27 05 83 b1 08 01 57 | 1
17:03:13.496 df e0 31 00 a3 | 27 05 83 b1 08 01 57 | 1
17:03:13.699 df e0 31 00 a3 | 27 05 83 b1 08 01 57 | 1
17:03:13.907 df e0 31 00 a3 | 27 05 83 b1 08 01 57 | 1
17:03:14.117 df e0 31 00 a3 | 27 05 83 b1 08 01 57 | 1
17:03:14.323 df e0 31 00 a3 | 27 05 83 b1 08 01 57 | 1
17:03:14.526 df e0 31 00 a3 | 27 05 83 b1 08 01 57 | 1
17:03:14.736 df e0 31 00 a3 | 27 05 83 b1 08 01 57 | 1
17:03:14.955 df e0 31 00 a3 | 27 05 83 b1 08 01 57 | 1
17:03:15.159 df e0 31 00 a3 | 27 05 83 b1 08 01 57 | 1
17:03:15.360 df e0 31 00 a3 | 27 05 83 b1 08 01 57 | 1
17:03:15.560 df e0 31 00 a3 | 27 05 83 b1 08 01 57 | 1
17:03:15.767 df e0 31 00 a3 | 27 05 83 b1 08 01 57 | 1
17:03:15.972 df e0 31 00 a3 | 27 05 83 b1 08 01 57 | 1
17:03:16.169 df e0 31 00 a3 | 27 05 83 b1 08 01 57 | 1
17:03:16.369 df e0 31 00 a3 | 27 05 83 b1 08 01 57 | 1
17:03:16.574 df e0 31 00 a3 | 27 05 83 b1 08 01 57 | 1
17:03:16.787 df e0 31 00 a3 | 27 05 83 b1 08 01 57 | 1
17:03:17.002 df e0 31 00 a3 | 27 05 83 b1 08 01 57 | 1
17:03:17.206 df e0 31 00 a3 | 27 05 83 b1 08 01 57 | 1
17:03:17.418 df e0 31 00 a3 | 27 05 83 b1 08 01 57 | 1
17:03:17.623 df e0 31 00 a3 | 27 05 83 b1 08 01 57 | 1
17:03:17.833 df e0 31 00 a3 | 27 05 83 b1 08 01 57 | 1
17:03:18.035 df e0 31 00 a3 | 27 05 83 b1 08 01 57 | 1
17:03:18.245 df e0 31 00 a3 | 27 05 83 b1 08 01 57 | 1
17:03:18.451 df e0 31 00 a3 | 27 05 83 b1 08 01 57 | 1
17:03:18.655 df e0 31 00 a3 | 27 05 83 b1 08 01 57 | 1
17:03:18.859 df e0 31 00 a3 | 27 05 83 b1 08 01 57 | 1
17:03:19.062 df e0 31 00 a3 | 27 05 83 b1 08 01 57 | 1
17:03:19.267 df e0 31 00 a3 | 27 05 83 b1 08 01 57 | 1
17:03:19.473 df e0 31 00 a3 | 27 05 83 b1 08 01 57 | 1
17:03:19.679 df e0 31 00 a3 | 27 05 83 b1 08 01 57 | 1
17:03:19.880 df e0 31 00 a3 | 27 05 83 b1 08 01 57 | 1
17:03:20.087 df e0 31 00 a3 | 27 05 83 b1 08 01 57 | 1
17:03:20.298 df e0 31 00 a3 | 27 05 83 b1 08 01 57 | 1
17:03:20.505 df e0 31 00 a3 | 27 05 83 b1 08 01 57 | 1
17:03:20.702 df e0 31 00 a3 | 27 05 83 b1 08 01 57 | 1
17:03:20.912 df e0 31 00 a3 | 27 05 83 b1 08 01 57 | 1
17:03:21.119 df e0 31 00 a3 | 27 05 83 b1 08 01 57 | 1
17:03:21.319 df e0 31 00 a3 | 27 05 83 b1 08 01 57 | 1
17:03:21.526 df e0 31 00 a3 | 27 05 83 b1 08 01 57 | 1
17:03:21.728 df e0 31 00 a3 | 27 05 83 b1 08 01 57 | 1
17:03:21.933 df e0 31 00 a3 | 27 05 83 b1 08 01 57 | 1
17:03:22.137 df e0 31 00 a3 | 27 05 83 b1 08 01 57 | 1
17:03:22.335 df e0 31 00 a3 | 27 05 83 b1 08 01 57 | 1
17:03:22.541 df e0 31 00 a3 | 27 05 83 b1 08 01 57 | 1
17:03:22.752 df e0 31 00 a3 | 27 05 83 b1 08 01 57 | 1
17:03:22.952 df e0 31 00 a3 | 27 05 83 b1 08 01 57 | 1
17:03:23.157 df e0 31 00 a3 | 27 05 83 b1 08 01 57 | 1
17:03:23.358 df e0 31 00 a3 | 27 05 83 b1 08 01 57 | 1
17:03:23.563 df e0 31 00 a3 | 27 05 83 b1 08 01 57 | 1
17:03:23.779 df e0 31 00 a3 | 27 05 83 b1 08 01 57 | 1
17:03:23.992 df e0 31 00 a3 | 27 05 83 b1 08 01 57 | 1
17:03:24.195 df e0 31 00 a3 | 27 05 83 b1 08 01 57 | 1
17:03:24.405 df e0 31 00 a3 | 27 05 83 b1 08 01 57 | 1
17:03:24.608 df e0 31 00 a3 | 27 05 83 b1 08 01 57 | 1
17:03:24.818 df e0 31 00 a3 | 27 05 83 b1 08 01 57 | 1
17:03:25.021 df e0 31 00 a3 | 27 05 83 b1 08 01 57 | 1
17:03:25.224 df e0 31 00 a3 | 27 05 83 b1 08 01 57 | 1
17:03:25.430 df e0 31 00 a3 | 27 05 83 b1 08 01 57 | 1
17:03:25.635 df e0 31 00 a3 | 27 05 83 b1 08 01 57 | 1
17:03:25.839 df e0 31 00 a3 | 27 05 83 b1 08 01 57 | 1
17:03:26.051 df e0 31 00 a3 | 27 05 83 b1 08 01 57 | 1
17:03:26.255 df e0 31 00 a3 | 27 05 83 b1 08 01 57 | 1
17:03:26.462 df e0 31 00 a3 | 27 05 83 b1 08 01 57 | 1
17:03:26.668 df e0 31 00 a3 | 27 05 83 b1 08 01 57 | 1
17:03:26.872 df e0 31 00 a3 | 27 05 83 b1 08 01 57 | 1
17:03:27.085 df e0 31 00 a3 | 27 05 83 b1 08 01 57 | 1
17:03:27.302 df e0 31 00 a3 | 27 05 83 b1 08 01 57 | 1
17:03:27.505 df e0 31 00 a3 | 27 05 83 b1 08 01 57 | 1
17:03:27.718 df e0 31 00 a3 | 27 05 83 b1 08 01 57 | 1
17:03:27.935 df e0 31 00 a3 | 27 05 83 b1 08 01 57 | 1
17:03:28.138 df e0 31 00 a3 | 27 05 83 b1 08 01 57 | 1
17:03:28.346 df e0 31 00 a3 | 27 05 83 b1 08 01 57 | 1
17:03:28.556 df e0 31 00 a3 | 27 05 83 b1 08 01 57 | 1
17:03:28.762 df e0 31 00 a3 | 27 05 83 b1 08 01 57 | 1
17:03:28.966 df e0 31 00 a3 | 27 05 83 b1 08 01 57 | 1
17:03:29.172 df e0 31 00 a3 | 27 05 83 b1 08 01 57 | 1
17:03:29.383 df e0 31 00 a3 | 27 05 83 b1 08 01 57 | 1
17:03:29.586 df e0 31 00 a3 | 27 05 83 b1 08 01 57 | 1
17:03:29.784 df e0 31 00 a3 | 27 05 83 b1 08 01 57 | 1
17:03:29.989 df e0 31 00 a3 | 27 05 83 b1 08 01 57 | 1
17:03:30.191 df e0 31 00 a3 | 27 05 83 b1 08 01 57 | 1
17:03:30.405 df e0 31 00 a3 | 27 05 83 b1 08 01 57 | 1
17:03:30.606 df e0 31 00 a3 | 27 05 83 b1 08 01 57 | 1
17:03:30.811 df e0 31 00 a3 | 27 05 83 b1 08 01 57 | 1
17:03:31.014 df e0 31 00 a3 | 27 05 83 b1 08 01 57 | 1
17:03:31.226 df e0 31 00 a3 | 27 05 83 b1 08 01 57 | 1
17:03:31.442 df e0 31 00 a3 | 27 05 83 b1 08 01 57 | 1
17:03:31.652 df e0 31 00 a3 | 27 05 83 b1 08 01 57 | 1
17:03:31.854 df e0 31 00 a3 | 27 05 83 b1 08 01 57 | 1
17:03:32.061 df e0 31 00 a3 | 27 05 83 b1 08 01 57 | 1
17:03:32.270 df e0 31 00 a3 | 27 05 83 b1 08 01 57 | 1
17:03:32.470 df e0 31 00 a3 | 27 05 83 b1 08 01 57 | 1
17:03:32.675 df e0 31 00 a3 | 27 05 83 b1 08 01 57 | 1
17:03:32.876 df e0 31 00 a3 | 27 05 83 b1 08 01 57 | 1
17:03:33.091 df e0 31 00 a3 | 27 05 83 b1 08 01 57 | 1
17:03:33.302 df e0 31 00 a3 | 27 05 83 b1 08 01 57 | 1
17:03:33.505 df e0 31 00 a3 | 27 05 83 b1 08 01 57 | 1
17:03:33.714 df e0 31 00 a3 | 27 05 83 b1 08 01 57 | 1
17:03:33.925 df e0 31 00 a3 | 27 05 83 b1 08 01 57 | 1
17:03:34.134 df e0 31 00 a3 | 27 05 83 b1 08 01 57 | 1
17:03:34.340 df e0 31 00 a3 | 27 05 83 b1 08 01 57 | 1
17:03:34.552 df e0 31 00 a3 | 27 05 83 b1 08 01 57 | 1
17:03:34.763 df e0 31 00 a3 | 27 05 83 b1 08 01 57 | 1
17:03:34.966 df e0 31 00 a3 | 27 05 83 b1 08 01 57 | 1
17:03:35.173 df e0 31 00 a3 | 27 05 83 b1 08 01 57 | 1
17:03:35.382 df e0 31 00 a3 | 27 05 83 b1 08 01 57 | 1
17:03:35.591 df e0 31 00 a3 | 27 05 83 b1 08 01 57 | 1
17:03:35.794 df e0 31 00 a3 | 27 05 83 b1 08 01 57 | 1
17:03:35.997 df e0 31 00 a3 | 27 05 83 b1 08 01 57 | 1
17:03:36.205 df e0 31 00 a3 | 27 05 83 b1 08 01 57 | 1
17:03:36.413 df e0 31 00 a3 | 27 05 83 b1 08 01 57 | 1
17:03:36.618 df e0 31 00 a3 | 27 05 83 b1 08 01 57 | 1
17:03:36.816 df e0 31 00 a3 | 27 05 83 b1 08 01 57 | 1
17:03:37.025 df e0 31 00 a3 | 27 05 83 b1 08 01 57 | 1
17:03:37.234 df e0 31 00 a3 | 27 05 83 b1 08 01 57 | 1
17:03:37.438 df e0 31 00 a3 | 27 05 83 b1 08 01 57 | 1
17:03:37.645 df e0 31 00 a3 | 27 05 83 b1 08 01 57 | 1
17:03:37.851 df e0 31 00 a3 | 27 05 83 b1 08 01 57 | 1
17:03:38.063 df e0 31 00 a3 | 27 05 83 b1 08 01 57 | 1
17:03:38.268 df e0 31 00 a3 | 27 05 83 b1 08 01 57 | 1
17:03:38.475 df e0 31 00 a3 | 27 05 83 b1 08 01 57 | 1
17:03:38.700 9f 80 78 00 a3 | 07 05 00 00 00 00 07 | 0
17:03:38.908 9f 80 78 00 a3 | 07 05 00 00 00 00 07 | 0
17:03:39.117 9f 80 78 00 a3 | 07 05 00 00 00 00 47 | 0
17:03:39.324 9f 80 78 00 a3 | 07 05 00 00 00 00 47 | 0
17:03:39.538 9f 80 78 00 a3 | 07 05 00 00 00 00 47 | 0
17:03:39.749 9f 80 78 00 a3 | 07 05 00 00 00 00 47 | 0
17:03:39.949 9f 80 78 00 a3 | 07 05 00 00 00 00 47 | 0
17:03:40.156 9f 80 78 00 a3 | 07 05 00 00 00 00 47 | 0
17:03:40.363 9f 80 78 00 a3 | 07 05 00 00 00 00 47 | 0
17:03:40.570 9f 80 78 00 a3 | 07 05 00 00 00 00 47 | 0
17:03:40.773 9f 80 78 00 a3 | 07 05 00 00 00 00 47 | 0
17:03:40.980 9f 80 78 00 a3 | 07 05 00 00 00 00 47 | 0
17:03:41.188 9f 80 78 00 a3 | 07 05 00 00 00 00 47 | 0
17:03:41.395 9f 80 78 00 a3 | 07 05 00 00 00 00 47 | 0
17:03:41.604 9f 80 78 00 a3 | 07 05 00 00 00 00 47 | 0
17:03:41.807 9f 80 78 00 a3 | 07 05 00 00 00 00 47 | 0
17:03:42.012 9f 80 78 00 a3 | 07 05 00 00 00 00 47 | 0
17:03:42.215 9f 80 78 00 a3 | 07 05 00 00 00 00 47 | 0
17:03:42.425 9f 80 78 00 a3 | 07 05 00 00 00 00 47 | 0
17:03:42.639 9f 80 78 00 a3 | 07 05 00 00 00 00 47 | 0
17:03:42.846 9f 80 78 00 a3 | 07 05 00 00 00 00 47 | 0
17:03:43.050 9f 80 78 00 a3 | 07 05 00 00 00 00 47 | 0
17:03:43.260 9f 80 78 00 a3 | 07 05 00 00 00 00 47 | 0
17:03:43.462 9f 80 78 00 a3 | 07 05 00 00 00 00 47 | 0
17:03:43.665 9f 80 78 00 a3 | 07 05 00 00 00 00 47 | 0
17:03:43.874 9f 80 78 00 a3 | 07 05 00 00 00 00 47 | 0
17:03:44.084 9f 80 78 00 a3 | 07 05 00 00 00 00 47 | 0
17:03:44.291 9f 80 78 00 a3 | 07 05 00 00 00 00 47 | 0
17:03:44.496 9f 80 78 00 a3 | 07 05 00 00 00 00 47 | 0
17:03:44.706 9f 80 78 00 a3 | 07 05 00 00 00 00 47 | 0
17:03:44.910 9f 80 78 00 a3 | 07 05 00 00 00 00 47 | 0
17:03:45.116 9f 80 78 00 a3 | 07 05 00 00 00 00 47 | 0
17:03:45.321 9f 80 78 00 a3 | 07 05 00 00 00 00 47 | 0
17:03:45.531 9f 80 78 00 a3 | 07 05 00 00 00 00 47 | 0
17:03:45.733 9f 80 78 00 a3 | 07 05 00 00 00 00 47 | 0
17:03:45.943 9f 80 78 00 a3 | 07 05 00 00 00 00 07 | 0
17:03:46.149 9f 80 78 00 a3 | 07 05 01 00 00 00 47 | 0
17:03:46.370 df e0 48 00 a3 | 27 05 81 a1 08 00 07 | 1
17:03:46.573 df e0 31 00 a3 | 27 05 81 b1 08 43 57 | 1
17:03:46.779 df e0 31 00 a3 | 27 05 81 b1 08 43 57 | 1
17:03:46.990 df e0 31 00 a3 | 27 05 81 b1 08 43 57 | 1
17:03:47.198 df e0 31 00 a3 | 27 05 81 b1 08 43 57 | 1
17:03:47.410 df e0 31 00 a3 | 27 05 81 b1 08 43 57 | 1
17:03:47.612 df e0 31 00 a3 | 27 05 81 b1 08 43 57 | 1
17:03:47.821 df e0 31 00 a3 | 27 05 81 b1 08 43 57 | 1
17:03:48.026 df e0 31 00 a3 | 27 05 81 b1 08 43 57 | 1
17:03:48.237 df e0 31 00 a3 | 27 05 81 b1 08 43 57 | 1
17:03:48.445 df e0 31 00 a3 | 27 05 81 b1 08 43 57 | 1
17:03:48.654 df e0 31 00 a3 | 27 05 81 b1 08 43 57 | 1
17:03:48.864 df e0 31 00 a3 | 27 05 81 b1 08 43 57 | 1
17:03:49.071 df e0 31 00 a3 | 27 05 81 b1 08 43 57 | 1
17:03:49.275 df e0 31 00 a3 | 27 05 81 b1 08 43 57 | 1
17:03:49.482 df e0 31 00 a3 | 27 05 81 b1 08 43 57 | 1
17:03:49.687 df e0 31 00 a3 | 27 05 81 b1 08 43 57 | 1
17:03:49.893 df e0 31 00 a3 | 27 05 81 b1 08 43 57 | 1
17:03:50.101 df e0 31 00 a3 | 27 05 81 b1 08 43 57 | 1
17:03:50.309 df e0 31 00 a3 | 27 05 81 b1 08 43 57 | 1
17:03:50.518 df e0 31 00 a3 | 27 05 81 b1 08 43 57 | 1
17:03:50.718 df e0 31 00 a3 | 27 05 81 b1 08 43 57 | 1
17:03:50.922 df e0 31 00 a3 | 27 05 81 b1 08 43 57 | 1
17:03:51.126 df e0 31 00 a3 | 27 05 81 b1 08 43 57 | 1
17:03:51.330 df e0 31 00 a3 | 27 05 81 b1 08 43 57 | 1
17:03:51.546 df e0 31 00 a3 | 27 05 81 b1 08 43 57 | 1
17:03:51.752 df e0 31 00 a3 | 27 05 81 b1 08 43 57 | 1
17:03:51.955 df e0 31 00 a3 | 27 05 81 b1 08 43 57 | 1
17:03:52.161 df e0 31 00 a3 | 27 05 81 b1 08 43 57 | 1
17:03:52.370 df e0 31 00 a3 | 27 05 81 b1 08 43 57 | 1
17:03:52.572 df e0 31 00 a3 | 27 05 81 b1 08 43 57 | 1
17:03:52.782 df e0 31 00 a3 | 27 05 81 b1 08 43 57 | 1
17:03:52.988 df e0 31 00 a3 | 27 05 81 b1 08 43 57 | 1
17:03:53.199 df e0 31 00 a3 | 27 05 81 b1 08 43 57 | 1
17:03:53.403 df e0 31 00 a3 | 27 05 81 b1 08 43 57 | 1
17:03:53.610 df e0 31 00 a3 | 27 05 81 b1 08 43 57 | 1
17:03:53.816 df e0 31 00 a3 | 27 05 81 b1 08 43 57 | 1
17:03:54.017 df e0 31 00 a3 | 27 05 81 b1 08 43 57 | 1
17:03:54.230 df e0 31 00 a3 | 27 05 81 b1 08 43 57 | 1
17:03:54.436 df e0 31 00 a3 | 27 05 81 b1 08 43 57 | 1
17:03:54.642 df e0 31 00 a3 | 27 05 81 b1 08 43 57 | 1
17:03:54.849 df e0 31 00 a3 | 27 05 81 b1 08 43 57 | 1
17:03:55.061 df e0 31 00 a3 | 27 05 81 b1 08 43 57 | 1
17:03:55.271 df e0 31 00 a3 | 27 05 81 b1 08 43 57 | 1
17:03:55.479 df e0 31 00 a3 | 27 05 81 b1 08 43 57 | 1
17:03:55.682 df e0 31 00 a3 | 27 05 81 b1 08 43 57 | 1
17:03:55.884 df e0 31 00 a3 | 27 05 81 b1 08 43 57 | 1
17:03:56.087 df e0 31 00 a3 | 27 05 81 b1 08 43 57 | 1
17:03:56.290 df e0 31 00 a3 | 27 05 81 b1 08 43 57 | 1
17:03:56.503 df e0 31 00 a3 | 27 05 81 b1 08 43 57 | 1
17:03:56.709 df e0 31 00 a3 | 27 05 81 b1 08 43 57 | 1
17:03:56.917 df e0 31 00 a3 | 27 05 81 b1 08 43 57 | 1
17:03:57.127 df e0 31 00 a3 | 27 05 81 b1 08 43 57 | 1
17:03:57.334 df e0 31 00 a3 | 27 05 81 b1 08 43 57 | 1
17:03:57.541 df e0 31 00 a3 | 27 05 81 b1 08 43 57 | 1
17:03:57.743 df e0 31 00 a3 | 27 05 81 b1 08 43 57 | 1
17:03:57.953 df e0 31 00 a3 | 27 05 81 b1 08 43 57 | 1
17:03:58.168 df e0 31 00 a3 | 27 05 81 b1 08 43 57 | 1
17:03:58.373 df e0 31 00 a3 | 27 05 81 b1 08 43 57 | 1
17:03:58.578 df e0 31 00 a3 | 27 05 81 b1 08 43 57 | 1
17:03:58.793 df e0 31 00 a3 | 27 05 81 b1 08 43 57 | 1
17:03:58.996 df e0 31 00 a3 | 27 05 81 b1 08 43 57 | 1
17:03:59.199 df e0 31 00 a3 | 27 05 81 b1 08 43 57 | 1
17:03:59.409 df e0 31 00 a3 | 27 05 81 b1 08 43 57 | 1
17:03:59.616 df e0 31 00 a3 | 27 05 81 b1 08 43 57 | 1
17:03:59.823 df e0 31 00 a3 | 27 05 81 b1 08 43 57 | 1
17:04:00.034 df e0 31 00 a3 | 27 05 81 b1 08 43 57 | 1
17:04:00.239 df e0 31 00 a3 | 27 05 81 b1 08 43 57 | 1
17:04:00.444 df e0 31 00 a3 | 27 05 81 b1 08 43 57 | 1
17:04:00.648 df e0 31 00 a3 | 27 05 81 b1 08 43 57 | 1
17:04:00.858 df e0 31 00 a3 | 27 05 81 b1 08 43 57 | 1
17:04:01.062 df e0 31 00 a3 | 27 05 81 b1 08 43 57 | 1
17:04:01.270 df e0 31 00 a3 | 27 05 81 b1 08 43 57 | 1
17:04:01.475 df e0 31 00 a3 | 27 05 81 b1 08 43 57 | 1
17:04:01.683 df e0 31 00 a3 | 27 05 81 b1 08 43 57 | 1
17:04:01.893 df e0 31 00 a3 | 27 05 81 b1 08 43 57 | 1
17:04:02.100 df e0 31 00 a3 | 27 05 81 b1 08 43 57 | 1
17:04:02.312 df e0 31 00 a3 | 27 05 81 b1 08 43 57 | 1
17:04:02.525 df e0 31 00 a3 | 27 05 81 b1 08 43 57 | 1
17:04:02.737 df e0 31 00 a3 | 27 05 81 b1 08 43 57 | 1
17:04:02.940 df e0 31 00 a3 | 27 05 81 b1 08 43 57 | 1
17:04:03.146 df e0 31 00 a3 | 27 05 81 b1 08 43 57 | 1
17:04:03.358 df e0 31 00 a3 | 27 05 81 b1 08 43 57 | 1
17:04:03.560 df e0 31 00 a3 | 27 05 81 b1 08 43 57 | 1
17:04:03.764 df e0 31 00 a3 | 27 05 81 b1 08 43 57 | 1
17:04:03.973 df e0 31 00 a3 | 27 05 81 b1 08 43 57 | 1
17:04:04.181 df e0 31 00 a3 | 27 05 81 b1 08 43 57 | 1
17:04:04.400 df e0 31 00 a3 | 27 05 81 b1 08 43 57 | 1
17:04:04.608 df e0 31 00 a3 | 27 05 81 b1 08 43 57 | 1
17:04:04.811 df e0 31 00 a3 | 27 05 81 b1 08 43 57 | 1
17:04:05.023 df e0 31 00 a3 | 27 05 81 b1 08 43 57 | 1
17:04:05.229 df e0 31 00 a3 | 27 05 81 b1 08 43 57 | 1
17:04:05.435 df e0 31 00 a3 | 27 05 81 b1 08 43 57 | 1
17:04:05.642 df e0 31 00 a3 | 27 05 81 b1 08 43 57 | 1
17:04:05.844 df e0 31 00 a3 | 27 05 81 b1 08 43 57 | 1
17:04:06.051 df e0 31 00 a3 | 27 05 81 b1 08 43 57 | 1
17:04:06.254 df e0 31 00 a3 | 27 05 81 b1 08 43 57 | 1
17:04:06.465 df e0 31 00 a3 | 27 05 81 b1 08 43 57 | 1
17:04:06.674 df e0 31 00 a3 | 27 05 81 b1 08 43 57 | 1
17:04:06.884 df e0 31 00 a3 | 27 05 81 b1 08 43 57 | 1
17:04:07.098 df e0 31 00 a3 | 27 05 81 b1 08 43 57 | 1
17:04:07.305 df e0 31 00 a3 | 27 05 81 b1 08 43 57 | 1
17:04:07.522 df e0 31 00 a3 | 27 05 81 b1 08 43 57 | 1
17:04:07.724 df e0 31 00 a3 | 27 05 81 b1 08 43 57 | 1
17:04:07.930 df e0 31 00 a3 | 27 05 81 b1 08 43 57 | 1
17:04:08.137 df e0 31 00 a3 | 27 05 81 b1 08 43 57 | 1
17:04:08.345 df e0 31 00 a3 | 27 05 81 b1 08 43 57 | 1
17:04:08.550 df e0 31 00 a3 | 27 05 81 b1 08 43 57 | 1
17:04:08.751 df e0 31 00 a3 | 27 05 81 b1 08 43 57 | 1
17:04:08.952 df e0 31 00 a3 | 27 05 81 b1 08 43 57 | 1
17:04:09.157 df e0 31 00 a3 | 27 05 81 b1 08 43 57 | 1
17:04:09.365 df e0 31 00 a3 | 27 05 81 b1 08 43 57 | 1
17:04:09.569 df e0 31 00 a3 | 27 05 81 b1 08 43 57 | 1
17:04:09.773 df e0 31 00 a3 | 27 05 81 b1 08 43 57 | 1
17:04:09.985 df e0 31 00 a3 | 27 05 81 b1 08 43 57 | 1
17:04:10.191 df e0 31 00 a3 | 27 05 81 b1 08 43 57 | 1
17:04:10.402 df e0 31 00 a3 | 27 05 81 b1 08 43 57 | 1
17:04:10.604 df e0 31 00 a3 | 27 05 81 b1 08 43 57 | 1
17:04:10.811 df e0 31 00 a3 | 27 05 81 b1 08 43 57 | 1
17:04:11.017 df e0 31 00 a3 | 27 05 81 b1 08 43 57 | 1
17:04:11.235 df e0 31 00 a3 | 27 05 81 b1 08 43 57 | 1
17:04:11.438 df e0 31 00 a3 | 27 05 81 b1 08 43 57 | 1
17:04:11.646 df e0 31 00 a3 | 27 05 81 b1 08 43 57 | 1
17:04:11.848 df e0 31 00 a3 | 27 05 81 b1 08 43 57 | 1
17:04:12.061 df e0 31 00 a3 | 27 05 81 b1 08 43 57 | 1
17:04:12.265 df e0 31 00 a3 | 27 05 81 b1 08 43 57 | 1
17:04:12.470 df e0 31 00 a3 | 27 05 81 b1 08 43 57 | 1
17:04:12.675 df e0 31 00 a3 | 27 05 81 b1 08 43 57 | 1
17:04:12.886 df e0 31 00 a3 | 27 05 81 b1 08 43 57 | 1
17:04:13.098 df e0 31 00 a3 | 27 05 81 b1 08 43 57 | 1
17:04:13.304 df e0 31 00 a3 | 27 05 81 b1 08 43 57 | 1
17:04:13.512 df e0 31 00 a3 | 27 05 81 b1 08 43 57 | 1
17:04:13.720 df e0 31 00 a3 | 27 05 81 b1 08 43 57 | 1
17:04:13.925 df e0 31 00 a3 | 27 05 81 b1 08 43 57 | 1
17:04:14.130 df e0 31 00 a3 | 27 05 81 b1 08 43 57 | 1
17:04:14.340 df e0 31 00 a3 | 27 05 81 b1 08 43 57 | 1
17:04:14.549 df e0 31 00 a3 | 27 05 81 b1 08 43 57 | 1
17:04:14.752 df e0 31 00 a3 | 27 05 81 b1 08 43 57 | 1
17:04:14.960 df e0 31 00 a3 | 27 05 81 b1 08 43 57 | 1
17:04:15.161 df e0 31 00 a3 | 27 05 81 b1 08 43 57 | 1
17:04:15.375 df e0 31 00 a3 | 27 05 81 b1 08 43 57 | 1
17:04:15.579 df e0 31 00 a3 | 27 05 81 b1 08 43 57 | 1
17:04:15.791 df e0 31 00 a3 | 27 05 81 b1 08 43 57 | 1
17:04:15.999 df e0 31 00 a3 | 27 05 81 b1 08 43 57 | 1
17:04:16.211 df e0 31 00 a3 | 27 05 81 b1 08 43 57 | 1
17:04:16.418 df e0 31 00 a3 | 27 05 81 b1 08 43 57 | 1
17:04:16.627 df e0 31 00 a3 | 27 05 81 b1 08 43 57 | 1
17:04:16.830 df e0 31 00 a3 | 27 05 81 b1 08 43 57 | 1
17:04:17.033 df e0 31 00 a3 | 27 05 81 b1 08 43 57 | 1
17:04:17.239 df e0 31 00 a3 | 27 05 81 b1 08 43 57 | 1
17:04:17.446 df e0 31 00 a3 | 27 05 81 b1 08 43 57 | 1
17:04:17.651 df e0 31 00 a3 | 27 05 81 b1 08 43 57 | 1
17:04:17.863 df e0 31 00 a3 | 27 05 81 b1 08 43 57 | 1
17:04:18.065 df e0 31 00 a3 | 27 05 81 b1 08 43 57 | 1
17:04:18.275 df e0 31 00 a3 | 27 05 81 b1 08 43 57 | 1
17:04:18.480 df e0 31 00 a3 | 27 05 81 b1 08 43 57 | 1
17:04:18.689 df e0 31 00 a3 | 27 05 81 b1 08 43 57 | 1
17:04:18.893 df e0 31 00 a3 | 27 05 81 b1 08 43 57 | 1
17:04:19.103 df e0 31 00 a3 | 27 05 81 b1 08 43 57 | 1
17:04:19.303 df e0 31 00 a3 | 27 05 81 b1 08 43 57 | 1
17:04:19.510 df e0 31 00 a3 | 27 05 81 b1 08 43 57 | 1
17:04:19.715 df e0 31 00 a3 | 27 05 81 b1 08 43 57 | 1
17:04:19.918 df e0 31 00 a3 | 27 05 81 b1 08 43 57 | 1
17:04:20.119 df e0 31 00 a3 | 27 05 81 b1 08 43 57 | 1
17:04:20.326 df e0 31 00 a3 | 27 05 81 b1 08 43 57 | 1
17:04:20.530 df e0 31 00 a3 | 27 05 81 b1 08 43 57 | 1
17:04:20.737 df e0 31 00 a3 | 27 05 81 b1 08 43 57 | 1
17:04:20.940 df e0 31 00 a3 | 27 05 81 b1 08 43 57 | 1
17:04:21.149 df e0 31 00 a3 | 27 05 81 b1 08 43 57 | 1
17:04:21.358 df e0 31 00 a3 | 27 05 81 b1 08 43 57 | 1
17:04:21.570 df e0 31 00 a3 | 27 05 81 b1 08 43 57 | 1
17:04:21.776 df e0 31 00 a3 | 27 05 81 b1 08 43 57 | 1
17:04:21.980 df e0 31 00 a3 | 27 05 81 b1 08 43 57 | 1
17:04:22.189 df e0 31 00 a3 | 27 05 81 b1 08 43 57 | 1
17:04:22.394 df e0 31 00 a3 | 27 05 81 b1 08 43 57 | 1
17:04:22.596 df e0 31 00 a3 | 27 05 81 b1 08 43 57 | 1
17:04:22.806 df e0 31 00 a3 | 27 05 81 b1 08 43 57 | 1
17:04:23.009 df e0 31 00 a3 | 27 05 81 b1 08 43 57 | 1
17:04:23.216 df e0 31 00 a3 | 27 05 81 b1 08 43 57 | 1
17:04:23.418 df e0 31 00 a3 | 27 05 81 b1 08 43 57 | 1
17:04:23.624 df e0 31 00 a3 | 27 05 81 b1 08 43 57 | 1
17:04:23.832 df e0 31 00 a3 | 27 05 81 b1 08 43 57 | 1
17:04:24.045 df e0 31 00 a3 | 27 05 81 b1 08 43 57 | 1
17:04:24.256 df e0 31 00 a3 | 27 05 81 b1 08 43 57 | 1
17:04:24.460 df e0 31 00 a3 | 27 05 81 b1 08 43 57 | 1
17:04:24.663 df e0 31 00 a3 | 27 05 81 b1 08 43 57 | 1
17:04:24.867 df e0 31 00 a3 | 27 05 81 b1 08 43 57 | 1
17:04:25.080 df e0 31 00 a3 | 27 05 81 b1 08 43 57 | 1
17:04:25.285 df e0 31 00 a3 | 27 05 81 b1 08 43 57 | 1
17:04:25.491 df e0 31 00 a3 | 27 05 81 b1 08 43 57 | 1
17:04:25.698 df e0 31 00 a3 | 27 05 81 b1 08 43 57 | 1
17:04:25.905 df e0 31 00 a3 | 27 05 81 b1 08 43 57 | 1
17:04:26.117 df e0 31 00 a3 | 27 05 81 b1 08 43 57 | 1
17:04:26.320 df e0 31 00 a3 | 27 05 81 b1 08 43 57 | 1
17:04:26.530 df e0 31 00 a3 | 27 05 81 b1 08 43 57 | 1
17:04:26.731 df e0 31 00 a3 | 27 05 81 b1 08 43 57 | 1
17:04:26.939 df e0 31 00 a3 | 27 05 81 b1 08 43 57 | 1
17:04:27.143 df e0 31 00 a3 | 27 05 81 b1 08 43 57 | 1
17:04:27.352 df e0 31 00 a3 | 27 05 81 b1 08 43 57 | 1
17:04:27.565 df e0 31 00 a3 | 27 05 81 b1 08 43 57 | 1
17:04:27.767 df e0 31 00 a3 | 27 05 81 b1 08 43 57 | 1
17:04:27.968 df e0 31 00 a3 | 27 05 81 b1 08 43 57 | 1
17:04:28.175 df e0 31 00 a3 | 27 05 81 b1 08 43 57 | 1
17:04:28.379 df e0 31 00 a3 | 27 05 81 b1 08 43 57 | 1
17:04:28.584 df e0 31 00 a3 | 27 05 81 b1 08 43 57 | 1
17:04:28.783 df e0 31 00 a3 | 27 05 81 b1 08 43 57 | 1
17:04:28.985 df e0 31 00 a3 | 27 05 81 b1 08 43 57 | 1
17:04:29.195 df e0 31 00 a3 | 27 05 81 b1 08 43 57 | 1
17:04:29.405 df e0 31 00 a3 | 27 05 81 b1 08 43 57 | 1
17:04:29.609 df e0 31 00 a3 | 27 05 81 b1 08 43 57 | 1
17:04:29.812 df e0 31 00 a3 | 27 05 81 b1 08 43 57 | 1
17:04:30.024 df e0 31 00 a3 | 27 05 81 b1 08 43 57 | 1
17:04:30.235 df e0 31 00 a3 | 27 05 81 b1 08 43 57 | 1
17:04:30.442 df e0 31 00 a3 | 27 05 81 b1 08 43 57 | 1
17:04:30.646 df e0 31 00 a3 | 27 05 81 b1 08 43 57 | 1
17:04:30.856 df e0 31 00 a3 | 27 05 81 b1 08 43 57 | 1
17:04:31.062 df e0 31 00 a3 | 27 05 81 b1 08 43 57 | 1
17:04:31.270 df e0 31 00 a3 | 27 05 81 b1 08 43 57 | 1
17:04:31.478 df e0 31 00 a3 | 27 05 81 b1 08 43 57 | 1
17:04:31.678 df e0 31 00 a3 | 27 05 81 b1 08 43 57 | 1
17:04:31.885 df e0 31 00 a3 | 27 05 81 b1 08 43 57 | 1
17:04:32.087 df e0 31 00 a3 | 27 05 81 b1 08 43 57 | 1
17:04:32.295 df e0 31 00 a3 | 27 05 81 b1 08 43 57 | 1
17:04:32.495 df e0 31 00 a3 | 27 05 81 b1 08 43 57 | 1
17:04:32.700 df e0 31 00 a3 | 27 05 81 b1 08 43 57 | 1
17:04:32.904 df e0 31 00 a3 | 27 05 81 b1 08 43 57 | 1
17:04:33.110 df e0 31 00 a3 | 27 05 81 b1 08 43 57 | 1
17:04:33.317 df e0 31 00 a3 | 27 05 81 b1 08 43 57 | 1
17:04:33.521 df e0 31 00 a3 | 27 05 81 b1 08 43 57 | 1
17:04:33.729 df e0 31 00 a3 | 27 05 81 b1 08 43 57 | 1
17:04:33.942 df e0 31 00 a3 | 27 05 81 b1 08 43 57 | 1
17:04:34.150 df e0 31 00 a3 | 27 05 81 b1 08 43 57 | 1
17:04:34.360 df e0 31 00 a3 | 27 05 81 b1 08 43 57 | 1
17:04:34.573 df e0 31 00 a3 | 27 05 81 b1 08 43 57 | 1
17:04:34.778 df e0 31 00 a3 | 27 05 81 b1 08 43 57 | 1
17:04:34.991 df e0 31 00 a3 | 27 05 81 b1 08 43 57 | 1
17:04:35.202 df e0 31 00 a3 | 27 05 81 b1 08 43 57 | 1
17:04:35.411 df e0 31 00 a3 | 27 05 81 b1 08 43 57 | 1
17:04:35.625 df e0 31 00 a3 | 27 05 81 b1 08 43 57 | 1
17:04:35.831 df e0 31 00 a3 | 27 05 81 b1 08 43 57 | 1
17:04:36.037 df e0 31 00 a3 | 27 05 81 b1 08 43 57 | 1
17:04:36.250 df e0 31 00 a3 | 27 05 81 b1 08 43 57 | 1
17:04:36.464 df e0 31 00 a3 | 27 05 81 b1 08 43 57 | 1
17:04:36.681 df e0 31 00 a3 | 27 05 81 b1 08 43 57 | 1
17:04:36.886 df e0 31 00 a3 | 27 05 81 b1 08 43 57 | 1
17:04:37.099 df e0 31 00 a3 | 27 05 81 b1 08 43 57 | 1
17:04:37.310 df e0 31 00 a3 | 27 05 81 b1 08 43 57 | 1
17:04:37.514 df e0 31 00 a3 | 27 05 81 b1 08 43 57 | 1
17:04:37.715 df e0 31 00 a3 | 27 05 81 b1 08 43 57 | 1
17:04:37.926 df e0 31 00 a3 | 27 05 81 b1 08 43 57 | 1
17:04:38.129 df e0 31 00 a3 | 27 05 81 b1 08 43 57 | 1
17:04:38.334 df e0 31 00 a3 | 27 05 81 b1 08 43 57 | 1
17:04:38.538 df e0 31 00 a3 | 27 05 81 b1 08 43 57 | 1
17:04:38.747 df e0 31 00 a3 | 27 05 81 b1 08 43 57 | 1
17:04:38.950 df e0 31 00 a3 | 27 05 81 b1 08 43 57 | 1
17:04:39.151 df e0 31 00 a3 | 27 05 81 b1 08 43 57 | 1
17:04:39.364 df e0 31 00 a3 | 27 05 81 b1 08 43 57 | 1
17:04:39.574 df e0 31 00 a3 | 27 05 81 b1 08 43 57 | 1
17:04:39.783 df e0 31 00 a3 | 27 05 81 b1 08 43 57 | 1
17:04:39.984 df e0 31 00 a3 | 27 05 81 b1 08 43 57 | 1
17:04:40.186 df e0 31 00 a3 | 27 05 81 b1 08 43 57 | 1
17:04:40.394 df e0 31 00 a3 | 27 05 81 b1 08 43 57 | 1
17:04:40.608 df e0 31 00 a3 | 27 05 81 b1 08 43 57 | 1
17:04:40.820 df e0 31 00 a3 | 27 05 81 b1 08 43 57 | 1
17:04:41.023 df e0 31 00 a3 | 27 05 81 b1 08 43 57 | 1
17:04:41.226 df e0 31 00 a3 | 27 05 81 b1 08 43 57 | 1
17:04:41.427 df e0 31 00 a3 | 27 05 81 b1 08 43 57 | 1
17:04:41.633 df e0 31 00 a3 | 27 05 81 b1 08 43 57 | 1
17:04:41.846 df e0 31 00 a3 | 27 05 81 b1 08 43 57 | 1
17:04:42.050 df e0 31 00 a3 | 27 05 81 b1 08 43 57 | 1
17:04:42.258 df e0 31 00 a3 | 27 05 81 b1 08 43 57 | 1
17:04:42.461 df e0 31 00 a3 | 27 05 81 b1 08 43 57 | 1
17:04:42.662 df e0 31 00 a3 | 27 05 81 b1 08 43 57 | 1
17:04:42.866 df e0 31 00 a3 | 27 05 81 b1 08 43 57 | 1
17:04:43.081 df e0 31 00 a3 | 27 05 81 b1 08 43 57 | 1
17:04:43.289 df e0 31 00 a3 | 27 05 81 b1 08 43 57 | 1
17:04:43.496 df e0 31 00 a3 | 27 05 81 b1 08 43 57 | 1
17:04:43.706 df e0 31 00 a3 | 27 05 81 b1 08 43 57 | 1
17:04:43.910 df e0 31 00 a3 | 27 05 81 b1 08 43 57 | 1
17:04:44.121 df e0 31 00 a3 | 27 05 81 b1 08 43 57 | 1
17:04:44.330 df e0 31 00 a3 | 27 05 81 b1 08 43 57 | 1
17:04:44.536 df e0 31 00 a3 | 27 05 81 b1 08 43 57 | 1
17:04:44.751 df e0 31 00 a3 | 27 05 81 b1 08 43 57 | 1
17:04:44.963 df e0 31 00 a3 | 27 05 81 b1 08 43 57 | 1
17:04:45.164 df e0 31 00 a3 | 27 05 81 b1 08 43 57 | 1
17:04:45.371 df e0 31 00 a3 | 27 05 81 b1 08 43 57 | 1
17:04:45.575 df e0 31 00 a3 | 27 05 81 b1 08 43 57 | 1
17:04:45.780 df e0 31 00 a3 | 27 05 81 b1 08 43 57 | 1
17:04:45.984 df e0 31 00 a3 | 27 05 81 b1 08 43 57 | 1
17:04:46.194 df e0 31 00 a3 | 27 05 81 b1 08 43 57 | 1
17:04:46.399 df e0 31 00 a3 | 27 05 81 b1 08 43 57 | 1
17:04:46.607 df e0 31 00 a3 | 27 05 81 b1 08 43 57 | 1
17:04:46.814 df e0 31 00 a3 | 27 05 81 b1 08 43 57 | 1
17:04:47.017 df e0 31 00 a3 | 27 05 81 b1 08 43 57 | 1
17:04:47.221 df e0 31 00 a3 | 27 05 81 b1 08 43 57 | 1
17:04:47.430 df e0 31 00 a3 | 27 05 81 b1 08 43 57 | 1
17:04:47.642 df e0 31 00 a3 | 27 05 81 b1 08 43 57 | 1
17:04:47.845 df e0 31 00 a3 | 27 05 81 b1 08 43 57 | 1
17:04:48.057 df e0 31 00 a3 | 27 05 81 b1 08 43 57 | 1
17:04:48.274 df e0 31 00 a3 | 27 05 81 b1 08 43 57 | 1
17:04:48.489 df e0 31 00 a3 | 27 05 81 b1 08 43 57 | 1
17:04:48.695 df e0 31 00 a3 | 27 05 81 b1 08 43 57 | 1
17:04:48.898 df e0 31 00 a3 | 27 05 81 b1 08 43 57 | 1
17:04:49.110 df e0 31 00 a3 | 27 05 81 b1 08 43 57 | 1
17:04:49.314 df e0 31 00 a3 | 27 05 81 b1 08 43 57 | 1
17:04:49.514 df e0 31 00 a3 | 27 05 81 b1 08 43 57 | 1
17:04:49.718 df e0 31 00 a3 | 27 05 81 b1 08 43 57 | 1
17:04:49.927 df e0 31 00 a3 | 27 05 81 b1 08 43 57 | 1
17:04:50.135 df e0 31 00 a3 | 27 05 81 b1 08 43 57 | 1
17:04:50.343 df e0 31 00 a3 | 27 05 81 b1 08 43 57 | 1
17:04:50.548 df e0 31 00 a3 | 27 05 81 b1 08 43 57 | 1
17:04:50.759 df e0 31 00 a3 | 27 05 81 b1 08 43 57 | 1
17:04:50.968 df e0 31 00 a3 | 27 05 81 b1 08 43 57 | 1
17:04:51.169 df e0 31 00 a3 | 27 05 81 b1 08 43 57 | 1
17:04:51.373 df e0 31 00 a3 | 27 05 81 b1 08 43 57 | 1
17:04:51.582 df e0 31 00 a3 | 27 05 81 b1 08 43 57 | 1
17:04:51.784 df e0 31 00 a3 | 27 05 81 b1 08 43 57 | 1
17:04:51.988 df e0 31 00 a3 | 27 05 81 b1 08 43 57 | 1
17:04:52.189 df e0 31 00 a3 | 27 05 81 b1 08 43 57 | 1
17:04:52.401 df e0 31 00 a3 | 27 05 81 b1 08 43 57 | 1
17:04:52.611 df e0 31 00 a3 | 27 05 81 b1 08 43 57 | 1
17:04:52.815 df e0 31 00 a3 | 27 05 81 b1 08 43 57 | 1
17:04:53.023 df e0 31 00 a3 | 27 05 81 b1 08 43 57 | 1
17:04:53.229 df e0 31 00 a3 | 27 05 81 b1 08 43 57 | 1
17:04:53.436 df e0 31 00 a3 | 27 05 81 b1 08 43 57 | 1
17:04:53.644 df e0 31 00 a3 | 27 05 81 b1 08 43 57 | 1
17:04:53.846 df e0 31 00 a3 | 27 05 81 b1 08 43 57 | 1
17:04:54.049 df e0 31 00 a3 | 27 05 81 b1 08 43 57 | 1
17:04:54.260 df e0 31 00 a3 | 27 05 81 b1 08 43 57 | 1
17:04:54.465 df e0 31 00 a3 | 27 05 81 b1 08 43 57 | 1
17:04:54.672 df e0 31 00 a3 | 27 05 81 b1 08 43 57 | 1
17:04:54.880 df e0 31 00 a3 | 27 05 81 b1 08 43 57 | 1
17:04:55.088 df e0 31 00 a3 | 27 05 81 b1 08 43 57 | 1
17:04:55.292 df e0 31 00 a3 | 27 05 81 b1 08 43 57 | 1
17:04:55.498 df e0 31 00 a3 | 27 05 81 b1 08 43 57 | 1
17:04:55.698 df e0 31 00 a3 | 27 05 81 b1 08 43 57 | 1
17:04:55.903 df e0 31 00 a3 | 27 05 81 b1 08 43 57 | 1
17:04:56.113 df e0 31 00 a3 | 27 05 81 b1 08 43 57 | 1
17:04:56.320 df e0 31 00 a3 | 27 05 81 b1 08 43 57 | 1
17:04:56.528 df e0 31 00 a3 | 27 05 81 b1 08 43 57 | 1
17:04:56.730 df e0 31 00 a3 | 27 05 81 b1 08 43 57 | 1
17:04:56.934 df e0 31 00 a3 | 27 05 81 b1 08 43 57 | 1
17:04:57.139 df e0 31 00 a3 | 27 05 81 b1 08 43 57 | 1
17:04:57.346 df e0 31 00 a3 | 27 05 81 b1 08 43 57 | 1
17:04:57.553 df e0 31 00 a3 | 27 05 81 b1 08 43 57 | 1
17:04:57.762 df e0 31 00 a3 | 27 05 81 b1 08 43 57 | 1
17:04:57.963 df e0 31 00 a3 | 27 05 81 b1 08 43 57 | 1
17:04:58.167 df e0 31 00 a3 | 27 05 81 b1 08 43 57 | 1
17:04:58.375 df e0 31 00 a3 | 27 05 81 b1 08 43 57 | 1
17:04:58.584 df e0 31 00 a3 | 27 05 81 b1 08 43 57 | 1
17:04:58.789 df e0 31 00 a3 | 27 05 81 b1 08 43 57 | 1
17:04:58.998 df e0 31 00 a3 | 27 05 81 b1 08 43 57 | 1
17:04:59.208 df e0 31 00 a3 | 27 05 81 b1 08 43 57 | 1
17:04:59.414 df e0 31 00 a3 | 27 05 81 b1 08 43 57 | 1
17:04:59.622 df e0 31 00 a3 | 27 05 81 b1 08 43 57 | 1
17:04:59.825 df e0 31 00 a3 | 27 05 81 b1 08 43 57 | 1
17:05:00.040 df e0 31 00 a3 | 27 05 81 b1 08 43 57 | 1
17:05:00.249 df e0 31 00 a3 | 27 05 81 b1 08 43 57 | 1
17:05:00.450 df e0 31 00 a3 | 27 05 81 b1 08 43 57 | 1
17:05:00.650 df e0 31 00 a3 | 27 05 81 b1 08 43 57 | 1
17:05:00.857 df e0 31 00 a3 | 27 05 81 b1 08 43 57 | 1
17:05:01.062 df e0 31 00 a3 | 27 05 81 b1 08 43 57 | 1
17:05:01.269 df e0 31 00 a3 | 27 05 81 b1 08 43 57 | 1
17:05:01.471 df e0 31 00 a3 | 27 05 81 b1 08 43 57 | 1
17:05:01.676 df e0 31 00 a3 | 27 05 81 b1 08 43 57 | 1
17:05:01.884 df e0 31 00 a3 | 27 05 81 b1 08 43 57 | 1
17:05:02.089 df e0 31 00 a3 | 27 05 81 b1 08 43 57 | 1
17:05:02.302 df e0 31 00 a3 | 27 05 81 b1 08 43 57 | 1
17:05:02.506 df e0 31 00 a3 | 27 05 81 b1 08 43 57 | 1
17:05:02.712 df e0 31 00 a3 | 27 05 81 b1 08 43 57 | 1
17:05:02.919 df e0 31 00 a3 | 27 05 81 b1 08 43 57 | 1
17:05:03.122 df e0 31 00 a3 | 27 05 81 b1 08 43 57 | 1
17:05:03.334 df e0 31 00 a3 | 27 05 81 b1 08 43 57 | 1
17:05:03.539 df e0 31 00 a3 | 27 05 81 b1 08 43 57 | 1
17:05:03.754 df e0 31 00 a3 | 27 05 81 b1 08 43 57 | 1
17:05:03.964 df e0 31 00 a3 | 27 05 81 b1 08 43 57 | 1
17:05:04.169 df e0 31 00 a3 | 27 05 81 b1 08 43 57 | 1
17:05:04.373 df e0 31 00 a3 | 27 05 81 b1 08 43 57 | 1
17:05:04.584 df e0 31 00 a3 | 27 05 81 b1 08 43 57 | 1
17:05:04.795 df e0 31 00 a3 | 27 05 81 b1 08 43 57 | 1
17:05:05.009 df e0 31 00 a3 | 27 05 81 b1 08 43 57 | 1
17:05:05.220 df e0 31 00 a3 | 27 05 81 b1 08 43 57 | 1
17:05:05.424 df e0 31 00 a3 | 27 05 81 b1 08 43 57 | 1
17:05:05.630 df e0 31 00 a3 | 27 05 81 b1 08 43 57 | 1
17:05:05.836 df e0 31 00 a3 | 27 05 81 b1 08 43 57 | 1
17:05:06.037 df e0 31 00 a3 | 27 05 81 b1 08 43 57 | 1
17:05:06.241 df e0 31 00 a3 | 27 05 81 b1 08 43 57 | 1
17:05:06.450 df e0 31 00 a3 | 27 05 81 b1 08 43 57 | 1
17:05:06.656 df e0 31 00 a3 | 27 05 81 b1 08 43 57 | 1
17:05:06.866 df e0 31 00 a3 | 27 05 81 b1 08 43 57 | 1
17:05:07.074 df e0 31 00 a3 | 27 05 81 b1 08 43 57 | 1
17:05:07.284 df e0 31 00 a3 | 27 05 81 b1 08 43 57 | 1
17:05:07.488 df e0 31 00 a3 | 27 05 81 b1 08 43 57 | 1
17:05:07.689 df e0 31 00 a3 | 27 05 81 b1 08 43 57 | 1
17:05:07.899 df e0 31 00 a3 | 27 05 81 b1 08 43 57 | 1
17:05:08.114 df e0 31 00 a3 | 27 05 81 b1 08 43 57 | 1
17:05:08.323 df e0 31 00 a3 | 27 05 81 b1 08 43 57 | 1
17:05:08.532 df e0 31 00 a3 | 27 05 81 b1 08 43 57 | 1
17:05:08.739 df e0 31 00 a3 | 27 05 81 b1 08 43 57 | 1
17:05:08.952 df e0 31 00 a3 | 27 05 81 b1 08 43 57 | 1
17:05:09.166 df e0 31 00 a3 | 27 05 81 b1 08 43 57 | 1
17:05:09.366 df e0 31 00 a3 | 27 05 81 b1 08 43 57 | 1
17:05:09.576 df e0 31 00 a3 | 27 05 81 b1 08 43 57 | 1
17:05:09.782 df e0 31 00 a3 | 27 05 81 b1 08 43 57 | 1
17:05:09.986 df e0 31 00 a3 | 27 05 81 b1 08 43 57 | 1
17:05:10.188 df e0 31 00 a3 | 27 05 81 b1 08 43 57 | 1
17:05:10.398 df e0 31 00 a3 | 27 05 81 b1 08 43 57 | 1
17:05:10.599 df e0 31 00 a3 | 27 05 81 b1 08 43 57 | 1
17:05:10.801 df e0 31 00 a3 | 27 05 81 b1 08 43 57 | 1
17:05:11.007 df e0 31 00 a3 | 27 05 81 b1 08 43 57 | 1
17:05:11.225 df e0 31 00 a3 | 27 05 81 b1 08 43 57 | 1
17:05:11.425 df e0 31 00 a3 | 27 05 81 b1 08 43 57 | 1
17:05:11.622 df e0 31 00 a3 | 27 05 81 b1 08 43 57 | 1
17:05:11.819 df e0 31 00 a3 | 27 05 81 b1 08 43 57 | 1
17:05:12.019 df e0 31 00 a3 | 27 05 81 b1 08 43 57 | 1
17:05:12.223 df e0 31 00 a3 | 27 05 81 b1 08 43 57 | 1
17:05:12.426 df e0 31 00 a3 | 27 05 81 b1 08 43 57 | 1
17:05:12.628 df e0 31 00 a3 | 27 05 81 b1 08 43 57 | 1
17:05:12.836 df e0 31 00 a3 | 27 05 81 b1 08 43 57 | 1
17:05:13.042 df e0 31 00 a3 | 27 05 81 b1 08 43 57 | 1
17:05:13.246 df e0 31 00 a3 | 27 05 81 b1 08 43 57 | 1
17:05:13.446 df e0 31 00 a3 | 27 05 81 b1 08 43 57 | 1
17:05:13.646 df e0 31 00 a3 | 27 05 81 b1 08 43 57 | 1
17:05:13.846 df e0 31 00 a3 | 27 05 81 b1 08 43 57 | 1
17:05:14.052 df e0 31 00 a3 | 27 05 81 b1 08 43 57 | 1
17:05:14.256 df e0 31 00 a3 | 27 05 81 b1 08 43 57 | 1
17:05:14.456 df e0 31 00 a3 | 27 05 81 b1 08 43 57 | 1
17:05:14.664 df e0 31 00 a3 | 27 05 81 b1 08 43 57 | 1
17:05:14.862 df e0 31 00 a3 | 27 05 81 b1 08 43 57 | 1
17:05:15.069 df e0 31 00 a3 | 27 05 81 b1 08 43 57 | 1
17:05:15.273 df e0 31 00 a3 | 27 05 81 b1 08 43 57 | 1
17:05:15.475 df e0 31 00 a3 | 27 05 81 b1 08 43 57 | 1
17:05:15.678 df e0 31 00 a3 | 27 05 81 b1 08 43 57 | 1
17:05:15.884 df e0 31 00 a3 | 27 05 81 b1 08 43 57 | 1
17:05:16.080 df e0 31 00 a3 | 27 05 81 b1 08 43 57 | 1
17:05:16.292 df e0 31 00 a3 | 27 05 81 b1 08 43 57 | 1
17:05:16.505 df e0 31 00 a3 | 27 05 81 b1 08 43 57 | 1
17:05:16.707 df e0 31 00 a3 | 27 05 81 b1 08 43 57 | 1
17:05:16.915 df e0 31 00 a3 | 27 05 81 b1 08 43 57 | 1
17:05:17.121 df e0 31 00 a3 | 27 05 81 b1 08 43 57 | 1
17:05:17.325 df e0 31 00 a3 | 27 05 81 b1 08 43 57 | 1
17:05:17.530 df e0 31 00 a3 | 27 05 81 b1 08 43 57 | 1
17:05:17.734 df e0 31 00 a3 | 27 05 81 b1 08 43 57 | 1
17:05:17.944 df e0 31 00 a3 | 27 05 81 b1 08 43 57 | 1
17:05:18.147 df e0 31 00 a3 | 27 05 81 b1 08 43 57 | 1
17:05:18.351 df e0 31 00 a3 | 27 05 81 b1 08 43 57 | 1
17:05:18.560 df e0 31 00 a3 | 27 05 81 b1 08 43 57 | 1
17:05:18.770 df e0 31 00 a3 | 27 05 81 b1 08 43 57 | 1
17:05:18.974 df e0 31 00 a3 | 27 05 81 b1 08 43 57 | 1
17:05:19.175 df e0 31 00 a3 | 27 05 81 b1 08 43 57 | 1
17:05:19.394 df e0 31 00 a3 | 27 05 81 b1 08 43 57 | 1
17:05:19.596 df e0 31 00 a3 | 27 05 81 b1 08 43 57 | 1
17:05:19.799 df e0 31 00 a3 | 27 05 81 b1 08 43 57 | 1
17:05:20.011 df e0 31 00 a3 | 27 05 81 b1 08 43 57 | 1
17:05:20.212 df e0 31 00 a3 | 27 05 81 b1 08 43 57 | 1
17:05:20.426 df e0 31 00 a3 | 27 05 81 b1 08 43 57 | 1
17:05:20.628 df e0 31 00 a3 | 27 05 81 b1 08 43 57 | 1
17:05:20.833 df e0 31 00 a3 | 27 05 81 b1 08 43 57 | 1
17:05:21.038 df e0 31 00 a3 | 27 05 81 b1 08 43 57 | 1
17:05:21.242 df e0 31 00 a3 | 27 05 81 b1 08 43 57 | 1
17:05:21.450 df e0 31 00 a3 | 27 05 81 b1 08 43 57 | 1
17:05:21.652 df e0 31 00 a3 | 27 05 81 b1 08 43 57 | 1
17:05:21.854 df e0 31 00 a3 | 27 05 81 b1 08 43 57 | 1
17:05:22.066 df e0 31 00 a3 | 27 05 81 b1 08 43 57 | 1
17:05:22.276 df e0 31 00 a3 | 27 05 81 b1 08 43 57 | 1
17:05:22.478 df e0 31 00 a3 | 27 05 81 b1 08 43 57 | 1
17:05:22.680 df e0 31 00 a3 | 27 05 81 b1 08 43 57 | 1
17:05:22.894 df e0 31 00 a3 | 27 05 81 b1 08 43 57 | 1
17:05:23.098 df e0 31 00 a3 | 27 05 81 b1 08 43 57 | 1
17:05:23.304 df e0 31 00 a3 | 27 05 81 b1 08 43 57 | 1
17:05:23.506 df e0 31 00 a3 | 27 05 81 b1 08 43 57 | 1
17:05:23.712 df e0 31 00 a3 | 27 05 81 b1 08 43 57 | 1
17:05:23.919 df e0 31 00 a3 | 27 05 81 b1 08 43 57 | 1
